Archive member included to satisfy reference by file (symbol)

C:/devkitPro/libogc/lib/wii\libwiiuse.a(wpad.o)
                              lesson2.o (WPAD_SetDataFormat)
C:/devkitPro/libogc/lib/wii\libwiiuse.a(motion_plus.o)
                              C:/devkitPro/libogc/lib/wii\libwiiuse.a(wpad.o) (wiiuse_set_motion_plus)
C:/devkitPro/libogc/lib/wii\libwiiuse.a(dynamics.o)
                              C:/devkitPro/libogc/lib/wii\libwiiuse.a(wpad.o) (calculate_gforce)
C:/devkitPro/libogc/lib/wii\libwiiuse.a(io.o)
                              C:/devkitPro/libogc/lib/wii\libwiiuse.a(motion_plus.o) (wiiuse_disable_expansion)
C:/devkitPro/libogc/lib/wii\libwiiuse.a(io_wii.o)
                              C:/devkitPro/libogc/lib/wii\libwiiuse.a(wpad.o) (__wiiuse_sensorbar_enable)
C:/devkitPro/libogc/lib/wii\libwiiuse.a(ir.o)
                              C:/devkitPro/libogc/lib/wii\libwiiuse.a(motion_plus.o) (wiiuse_set_ir_mode)
C:/devkitPro/libogc/lib/wii\libwiiuse.a(nunchuk.o)
                              C:/devkitPro/libogc/lib/wii\libwiiuse.a(io.o) (nunchuk_handshake)
C:/devkitPro/libogc/lib/wii\libwiiuse.a(wiiboard.o)
                              C:/devkitPro/libogc/lib/wii\libwiiuse.a(io.o) (wii_board_handshake)
C:/devkitPro/libogc/lib/wii\libwiiuse.a(wiiuse.o)
                              C:/devkitPro/libogc/lib/wii\libwiiuse.a(wpad.o) (wiiuse_init)
C:/devkitPro/libogc/lib/wii\libwiiuse.a(speaker.o)
                              C:/devkitPro/libogc/lib/wii\libwiiuse.a(wpad.o) (wencdata)
C:/devkitPro/libogc/lib/wii\libwiiuse.a(classic.o)
                              C:/devkitPro/libogc/lib/wii\libwiiuse.a(io.o) (classic_ctrl_handshake)
C:/devkitPro/libogc/lib/wii\libwiiuse.a(events.o)
                              C:/devkitPro/libogc/lib/wii\libwiiuse.a(io_wii.o) (parse_event)
C:/devkitPro/libogc/lib/wii\libwiiuse.a(guitar_hero_3.o)
                              C:/devkitPro/libogc/lib/wii\libwiiuse.a(io.o) (guitar_hero_3_handshake)
C:/devkitPro/libogc/lib/wii\libbte.a(bte.o)
                              C:/devkitPro/libogc/lib/wii\libwiiuse.a(wpad.o) (BTE_Init)
C:/devkitPro/libogc/lib/wii\libbte.a(hci.o)
                              C:/devkitPro/libogc/lib/wii\libbte.a(bte.o) (hci_init)
C:/devkitPro/libogc/lib/wii\libbte.a(l2cap.o)
                              C:/devkitPro/libogc/lib/wii\libbte.a(bte.o) (l2cap_init)
C:/devkitPro/libogc/lib/wii\libbte.a(btmemb.o)
                              C:/devkitPro/libogc/lib/wii\libbte.a(bte.o) (btmemb_init)
C:/devkitPro/libogc/lib/wii\libbte.a(btmemr.o)
                              C:/devkitPro/libogc/lib/wii\libbte.a(hci.o) (btmemr_init)
C:/devkitPro/libogc/lib/wii\libbte.a(btpbuf.o)
                              C:/devkitPro/libogc/lib/wii\libbte.a(hci.o) (btpbuf_init)
C:/devkitPro/libogc/lib/wii\libbte.a(physbusif.o)
                              C:/devkitPro/libogc/lib/wii\libbte.a(bte.o) (physbusif_init)
C:/devkitPro/libogc/lib/wii\libogc.a(lwp_queue.o)
                              C:/devkitPro/libogc/lib/wii\libwiiuse.a(io_wii.o) (__lwp_queue_initialize)
C:/devkitPro/libogc/lib/wii\libogc.a(lwp_threads.o)
                              C:/devkitPro/libogc/lib/wii\libwiiuse.a(wpad.o) (_thread_dispatch_disable_level)
C:/devkitPro/libogc/lib/wii\libogc.a(lwp.o)
                              C:/devkitPro/libogc/lib/wii\libbte.a(bte.o) (LWP_InitQueue)
C:/devkitPro/libogc/lib/wii\libogc.a(lwp_handler.o)
                              C:/devkitPro/libogc/lib/wii\libogc.a(lwp_threads.o) (_cpu_context_save_fp)
C:/devkitPro/libogc/lib/wii\libogc.a(lwp_stack.o)
                              C:/devkitPro/libogc/lib/wii\libogc.a(lwp_threads.o) (__lwp_stack_allocate)
C:/devkitPro/libogc/lib/wii\libogc.a(lwp_watchdog.o)
                              C:/devkitPro/libogc/lib/wii\libogc.a(lwp_threads.o) (_wd_ticks_queue)
C:/devkitPro/libogc/lib/wii\libogc.a(lwp_wkspace.o)
                              C:/devkitPro/libogc/lib/wii\libwiiuse.a(motion_plus.o) (__wkspace_heap)
C:/devkitPro/libogc/lib/wii\libogc.a(lwp_objmgr.o)
                              C:/devkitPro/libogc/lib/wii\libogc.a(lwp.o) (__lwp_objmgr_initinfo)
C:/devkitPro/libogc/lib/wii\libogc.a(lwp_heap.o)
                              C:/devkitPro/libogc/lib/wii\libogc.a(lwp_wkspace.o) (__lwp_heap_init)
C:/devkitPro/libogc/lib/wii\libogc.a(sys_state.o)
                              C:/devkitPro/libogc/lib/wii\libogc.a(lwp_threads.o) (_sys_state_curr)
C:/devkitPro/libogc/lib/wii\libogc.a(irq.o)
                              C:/devkitPro/libogc/lib/wii\libwiiuse.a(io_wii.o) (IRQ_Disable)
C:/devkitPro/libogc/lib/wii\libogc.a(video.o)
                              lesson2.o (VIDEO_Configure)
C:/devkitPro/libogc/lib/wii\libogc.a(system.o)
                              C:/devkitPro/libogc/lib/wii\libwiiuse.a(wpad.o) (__SYS_DoPowerCB)
C:/devkitPro/libogc/lib/wii\libogc.a(system_asm.o)
                              C:/devkitPro/libogc/lib/wii\libbte.a(bte.o) (SYS_SwitchFiber)
[...]
Memory Configuration

Name             Origin             Length             Attributes
*default*        0x0000000000000000 0xffffffffffffffff

Linker script and memory map

                0x0000000000003400                . = 0x3400

.stub
 *(.stub)
                0x0000000080004000                . = 0x80004000

.init           0x0000000080004000      0x194
 *crt0.o(*.init)
 .init          0x0000000080004000      0x170 C:/devkitPro/libogc/lib/wii\libogc.a(ogc_crt0.o)
                0x0000000080004000                _start
                0x0000000080004140                _memset
 *(.init)
 .init          0x0000000080004170        0xc c:/devkitpro/devkitppc/bin/../lib/gcc/powerpc-eabi/8.3.0/ecrti.o
                0x0000000080004170                __init
 .init          0x000000008000417c        0x4 c:/devkitpro/devkitppc/bin/../lib/gcc/powerpc-eabi/8.3.0/crtbegin.o
 .init          0x0000000080004180        0x4 c:/devkitpro/devkitppc/bin/../lib/gcc/powerpc-eabi/8.3.0/crtend.o
 .init          0x0000000080004184       0x10 c:/devkitpro/devkitppc/bin/../lib/gcc/powerpc-eabi/8.3.0/ecrtn.o

.rela.dyn       0x0000000080004194        0x0
 .rela.iplt     0x0000000080004194        0x0 lesson2.o

.plt
 *(.plt)

.interp
 *(.interp)

.hash
 *(.hash)

.dynsym
 *(.dynsym)

.dynstr
 *(.dynstr)

.gnu.version
 *(.gnu.version)

.gnu.version_d
 *(.gnu.version_d)

.gnu.version_r
 *(.gnu.version_r)

.rel.init
 *(.rel.init)

.rela.init      0x0000000080004194        0x0
 *(.rela.init)
 .rela.init     0x0000000080004194        0x0 lesson2.o

.rel.text
 *(.rel.text .rel.text.* .rel.gnu.linkonce.t.*)

.rela.text      0x0000000080004194        0x0
 *(.rela.text .rela.text.* .rela.gnu.linkonce.t.*)
 .rela.text.deregister_tm_clones
                0x0000000080004194        0x0 lesson2.o
 .rela.text.register_tm_clones
                0x0000000080004194        0x0 lesson2.o
 .rela.text.__do_global_dtors_aux
                0x0000000080004194        0x0 lesson2.o
 .rela.text.frame_dummy
                0x0000000080004194        0x0 lesson2.o
 .rela.text.startup.main
                0x0000000080004194        0x0 lesson2.o
 .rela.text.wiiuse_handshake
                0x0000000080004194        0x0 lesson2.o
 .rela.text.wiiuse_handshake_expansion
                0x0000000080004194        0x0 lesson2.o
 .rela.text.wiiuse_init_cmd_queue
                0x0000000080004194        0x0 lesson2.o
 .rela.text.wiiuse_init
                0x0000000080004194        0x0 lesson2.o
 .rela.text.__lwp_thread_tickle_timeslice
                0x0000000080004194        0x0 lesson2.o
 .rela.text.__lwp_thread_setstate
                0x0000000080004194        0x0 lesson2.o
 .rela.text.__lwp_thread_suspend
                0x0000000080004194        0x0 lesson2.o
 .rela.text.__lwp_thread_changepriority
                0x0000000080004194        0x0 lesson2.o
 .rela.text.__lwp_thread_ready
                0x0000000080004194        0x0 lesson2.o
 .rela.text.__lwp_thread_init
                0x0000000080004194        0x0 lesson2.o
 .rela.text.__lwp_thread_close
                0x0000000080004194        0x0 lesson2.o
 .rela.text.__lwp_thread_closeall
                0x0000000080004194        0x0 lesson2.o
 .rela.text.__lwp_thread_startmultitasking
                0x0000000080004194        0x0 lesson2.o
 .rela.text.__lwp_thread_stopmultitasking
                0x0000000080004194        0x0 lesson2.o
 .rela.text.__lwp_thread_coreinit
                0x0000000080004194        0x0 lesson2.o
 .rela.text.__lwp_sysinit
                0x0000000080004194        0x0 lesson2.o
 .rela.text.LWP_SuspendThread
                0x0000000080004194        0x0 lesson2.o
 .rela.text.LWP_ResumeThread
                0x0000000080004194        0x0 lesson2.o
 .rela.text.LWP_InitQueue
                0x0000000080004194        0x0 lesson2.o
 .rela.text.LWP_CloseQueue
                0x0000000080004194        0x0 lesson2.o
 .rela.text.LWP_ThreadSleep
                0x0000000080004194        0x0 lesson2.o
 .rela.text.LWP_ThreadBroadcast
                0x0000000080004194        0x0 lesson2.o
 .rela.text.LWP_ThreadSignal
                0x0000000080004194        0x0 lesson2.o
 .rela.text.__lwp_stack_allocate
                0x0000000080004194        0x0 lesson2.o
 .rela.text.__lwp_stack_free
                0x0000000080004194        0x0 lesson2.o
 .rela.text.__lwp_watchdog_init
                0x0000000080004194        0x0 lesson2.o
 .rela.text.__lwp_wd_tickle
                0x0000000080004194        0x0 lesson2.o
 .rela.text.__lwp_wkspace_init
                0x0000000080004194        0x0 lesson2.o
 .rela.text.__lwp_objmgr_initinfo
                0x0000000080004194        0x0 lesson2.o
 .rela.text.__irq_init
                0x0000000080004194        0x0 lesson2.o
 .rela.text.__call_resetfuncs
                0x0000000080004194        0x0 lesson2.o
 .rela.text.__unlocksram
                0x0000000080004194        0x0 lesson2.o
 .rela.text.__sram_writecallback
                0x0000000080004194        0x0 lesson2.o
 .rela.text.__sys_alarmhandler
                0x0000000080004194        0x0 lesson2.o
 .rela.text.__sram_read.constprop.11
                0x0000000080004194        0x0 lesson2.o
 .rela.text.SYS_Init
                0x0000000080004194        0x0 lesson2.o
 .rela.text.SYS_SetAlarm
                0x0000000080004194        0x0 lesson2.o
 .rela.text.SYS_SetPeriodicAlarm
                0x0000000080004194        0x0 lesson2.o
 .rela.text.SYS_RemoveAlarm
                0x0000000080004194        0x0 lesson2.o
 .rela.text.SYS_CancelAlarm
                0x0000000080004194        0x0 lesson2.o
 .rela.text.SYS_SetWirelessID
                0x0000000080004194        0x0 lesson2.o
 .rela.text.SYS_GetWirelessID
                0x0000000080004194        0x0 lesson2.o
 .rela.text.__lwp_cond_init
                0x0000000080004194        0x0 lesson2.o
 .rela.text.__GX_InitRevBits
                0x0000000080004194        0x0 lesson2.o
 .rela.text.__GX_CleanGPFifo
                0x0000000080004194        0x0 lesson2.o
 .rela.text.__GXDefTexRegionCallback
                0x0000000080004194        0x0 lesson2.o
 .rela.text.__GXDefTlutRegionCallback
                0x0000000080004194        0x0 lesson2.o
 .rela.text.__SetSURegs
                0x0000000080004194        0x0 lesson2.o
 .rela.text.__GXCPInterruptHandler
                0x0000000080004194        0x0 lesson2.o
 .rela.text.__GX_Abort
                0x0000000080004194        0x0 lesson2.o
 .rela.text.GX_SetTexCoordGen2.part.7
                0x0000000080004194        0x0 lesson2.o
 .rela.text.__GX_SetDirtyState
                0x0000000080004194        0x0 lesson2.o
 .rela.text.GX_SetCPUFifo
                0x0000000080004194        0x0 lesson2.o
 .rela.text.GX_SetGPFifo
                0x0000000080004194        0x0 lesson2.o
 .rela.text.GX_Flush
                0x0000000080004194        0x0 lesson2.o
 .rela.text.__gx_onreset
                0x0000000080004194        0x0 lesson2.o
 .rela.text.GX_AbortFrame
                0x0000000080004194        0x0 lesson2.o
 .rela.text.GX_SetDispCopyGamma
                0x0000000080004194        0x0 lesson2.o
 .rela.text.GX_SetDispCopyYScale
                0x0000000080004194        0x0 lesson2.o
 .rela.text.GX_SetDispCopyDst
                0x0000000080004194        0x0 lesson2.o
 .rela.text.GX_SetDispCopySrc
                0x0000000080004194        0x0 lesson2.o
 .rela.text.GX_CopyDisp
                0x0000000080004194        0x0 lesson2.o
 .rela.text.GX_SetVtxDesc
                0x0000000080004194        0x0 lesson2.o
 .rela.text.GX_SetVtxAttrFmt
                0x0000000080004194        0x0 lesson2.o
 .rela.text.GX_Begin
                0x0000000080004194        0x0 lesson2.o
 .rela.text.GX_SetNumTexGens
                0x0000000080004194        0x0 lesson2.o
 .rela.text.GX_SetZMode
                0x0000000080004194        0x0 lesson2.o
 .rela.text.GX_InvalidateTexAll
                0x0000000080004194        0x0 lesson2.o
 .rela.text.GX_SetBlendMode
                0x0000000080004194        0x0 lesson2.o
 .rela.text.GX_ClearVtxDesc
                0x0000000080004194        0x0 lesson2.o
 .rela.text.GX_SetTevColorOp
                0x0000000080004194        0x0 lesson2.o
 .rela.text.GX_SetTevAlphaOp
                0x0000000080004194        0x0 lesson2.o
 .rela.text.GX_SetTevOp
                0x0000000080004194        0x0 lesson2.o
 .rela.text.GX_SetCullMode
                0x0000000080004194        0x0 lesson2.o
 .rela.text.GX_SetScissor
                0x0000000080004194        0x0 lesson2.o
 .rela.text.GX_SetNumChans
                0x0000000080004194        0x0 lesson2.o
 .rela.text.GX_SetTevOrder
                0x0000000080004194        0x0 lesson2.o
 .rela.text.GX_SetTevKColorSel
                0x0000000080004194        0x0 lesson2.o
 .rela.text.GX_SetTevKAlphaSel
                0x0000000080004194        0x0 lesson2.o
 .rela.text.GX_SetTevSwapModeTable
                0x0000000080004194        0x0 lesson2.o
 .rela.text.GX_SetColorUpdate
                0x0000000080004194        0x0 lesson2.o
 .rela.text.GX_SetPixelFmt
                0x0000000080004194        0x0 lesson2.o
 .rela.text.GX_SetFieldMode
                0x0000000080004194        0x0 lesson2.o
 .rela.text.GX_SetGPMetric
                0x0000000080004194        0x0 lesson2.o
 .rela.text.GX_Init
                0x0000000080004194        0x0 lesson2.o
 .rela.text.c_decrementer_handler
                0x0000000080004194        0x0 lesson2.o
 .rela.text.__lwp_mqbox_init
                0x0000000080004194        0x0 lesson2.o
 .rela.text.__ios_ioctlvformat_parse
                0x0000000080004194        0x0 lesson2.o
 .rela.text.__ioctlvfmtCB
                0x0000000080004194        0x0 lesson2.o
 .rela.text.IOS_IoctlvFormat
                0x0000000080004194        0x0 lesson2.o
 .rela.text.__libogc_nanosleep
                0x0000000080004194        0x0 lesson2.o
 .rela.text.__libc_delete_hook
                0x0000000080004194        0x0 lesson2.o
 .rela.text.__libc_init
                0x0000000080004194        0x0 lesson2.o
 .rela.text.__CheckARGV
                0x0000000080004194        0x0 lesson2.o
 .rela.text.__lwp_priority_init
                0x0000000080004194        0x0 lesson2.o
 .rela.text.__lwp_threadqueue_enqueuefifo
                0x0000000080004194        0x0 lesson2.o
 .rela.text.__lwp_threadqueue_dequeuefifo
                0x0000000080004194        0x0 lesson2.o
 .rela.text.__lwp_threadqueue_enqueuepriority
                0x0000000080004194        0x0 lesson2.o
 .rela.text.__lwp_threadqueue_dequeuepriority
                0x0000000080004194        0x0 lesson2.o
 .rela.text.__lwp_threadqueue_enqueue
                0x0000000080004194        0x0 lesson2.o
 .rela.text.__lwp_threadqueue_extractfifo
                0x0000000080004194        0x0 lesson2.o
 .rela.text.__lwp_threadqueue_extractpriority
                0x0000000080004194        0x0 lesson2.o
 .rela.text.__exception_init
                0x0000000080004194        0x0 lesson2.o
 .rela.text.__exception_close
                0x0000000080004194        0x0 lesson2.o
 .rela.text     0x0000000080004194        0x0 lesson2.o
 .rela.text.__lwp_sema_init
                0x0000000080004194        0x0 lesson2.o
 .rela.text.__lwp_mutex_locksupp.constprop.8
                0x0000000080004194        0x0 lesson2.o
 .rela.text.__lwp_mutex_init
                0x0000000080004194        0x0 lesson2.o
 .rela.text.LWP_MutexInit
                0x0000000080004194        0x0 lesson2.o
 .rela.text.LWP_MutexDestroy
                0x0000000080004194        0x0 lesson2.o
 .rela.text.LWP_MutexUnlock
                0x0000000080004194        0x0 lesson2.o
 .rela.text.kprintf
                0x0000000080004194        0x0 lesson2.o

.rel.fini
 *(.rel.fini)

.rela.fini
 *(.rela.fini)

.rel.rodata
 *(.rel.rodata .rel.rodata.* .rel.gnu.linkonce.r.*)

.rela.rodata
 *(.rela.rodata .rela.rodata.* .rela.gnu.linkonce.r.*)

.rel.data
 *(.rel.data .rel.data.* .rel.gnu.linkonce.d.*)

.rela.data
 *(.rela.data .rela.data.* .rela.gnu.linkonce.d.*)

.rel.tdata
 *(.rel.tdata .rel.tdata.* .rel.gnu.linkonce.td.*)

.rela.tdata
 *(.rela.tdata .rela.tdata.* .rela.gnu.linkonce.td.*)

.rel.tbss
 *(.rel.tbss .rel.tbss.* .rel.gnu.linkonce.tb.*)

.rela.tbss
 *(.rela.tbss .rela.tbss.* .rela.gnu.linkonce.tb.*)

.rel.ctors
 *(.rel.ctors)

.rela.ctors
 *(.rela.ctors)

.rel.dtors
 *(.rel.dtors)

.rela.dtors
 *(.rela.dtors)

.rel.got
 *(.rel.got)

.rela.got
 *(.rela.got)

.rela.got1
 *(.rela.got1)

.rela.got2
 *(.rela.got2)

.rel.sdata
 *(.rel.sdata .rel.sdata.* .rel.gnu.linkonce.s.*)

.rela.sdata
 *(.rela.sdata .rela.sdata.* .rela.gnu.linkonce.s.*)

.rel.sbss
 *(.rel.sbss .rel.sbss.* .rel.gnu.linkonce.sb.*)

.rela.sbss
 *(.rela.sbss .rela.sbss.* .rel.gnu.linkonce.sb.*)

.rel.sdata2
 *(.rel.sdata2 .rel.sdata2.* .rel.gnu.linkonce.s2.*)

.rela.sdata2    0x0000000080004194        0x0
 *(.rela.sdata2 .rela.sdata2.* .rela.gnu.linkonce.s2.*)
 .rela.sdata2.__sys_inIPL
                0x0000000080004194        0x0 lesson2.o

.rel.sbss2
 *(.rel.sbss2 .rel.sbss2.* .rel.gnu.linkonce.sb2.*)

.rela.sbss2
 *(.rela.sbss2 .rela.sbss2.* .rela.gnu.linkonce.sb2.*)

.rel.bss
 *(.rel.bss .rel.bss.* .rel.gnu.linkonce.b.*)

.rela.bss
 *(.rela.bss .rela.bss.* .rela.gnu.linkonce.b.*)

.rel.plt
 *(.rel.plt)

.rela.plt
 *(.rela.plt)

.text           0x00000000800041a0    0x3d2a0
 *(.text)
 .text          0x00000000800041a0      0x44c C:/devkitPro/libogc/lib/wii\libogc.a(lwp_handler.o)
                0x00000000800041a0                _cpu_context_save_fp
                0x00000000800042e0                _cpu_context_restore_fp
                0x0000000080004420                _cpu_context_switch
                0x0000000080004500                _cpu_context_save
                0x0000000080004580                _cpu_context_restore
 .text          0x00000000800045ec      0x4a0 C:/devkitPro/libogc/lib/wii\libogc.a(system_asm.o)
                0x00000000800045ec                __realmode
                0x0000000080004604                __configBATS
                0x0000000080004734                __InitFPRS
                0x0000000080004860                __InitPS
                0x00000000800048bc                __InitCache
                0x0000000080004914                __InitSystem
                0x000000008000499c                __flush_cache
                0x00000000800049d0                __reset
                0x0000000080004a40                __InitBATS
                0x0000000080004a5c                SYS_SwitchFiber
 .text          0x0000000080004a8c      0x8dc C:/devkitPro/libogc/lib/wii\libogc.a(gu_psasm.o)
                0x0000000080004a8c                ps_guMtxConcat
                0x0000000080004b50                ps_guMtxIdentity
                0x0000000080004b7c                ps_guMtxCopy
                0x0000000080004bb0                ps_guMtxTranspose
                0x0000000080004c00                ps_guMtxInverse
                0x0000000080004cf8                ps_guMtxInvXpose
                0x0000000080004dc0                ps_guMtxScale
                0x0000000080004de8                ps_guMtxScaleApply
                0x0000000080004e40                ps_guMtxApplyScale
                0x0000000080004ea4                ps_guMtxTrans
                0x0000000080004ed8                ps_guMtxTransApply
                0x0000000080004f24                ps_guMtxApplyTrans
                0x0000000080004fa0                ps_guMtxRotTrig
                0x0000000080005050                __ps_guMtxRotAxisRadInternal
                0x0000000080005110                ps_guMtxReflect
                0x0000000080005180                ps_guVecAdd
                0x00000000800051a4                ps_guVecSub
                0x00000000800051c8                ps_guVecScale
                0x00000000800051e4                ps_guVecNormalize
                0x0000000080005228                ps_guVecCross
                0x0000000080005264                ps_guVecDotProduct
                0x0000000080005284                ps_guVecMultiply
                0x00000000800052d8                ps_guVecMultiplySR
                0x0000000080005348                ps_guQuatDotProduct
 .text          0x0000000080005368      0x1ac C:/devkitPro/libogc/lib/wii\libogc.a(irq_handler.o)
                0x0000000080005368                irq_exceptionhandler
 .text          0x0000000080005514      0x4f4 C:/devkitPro/libogc/lib/wii\libogc.a(cache_asm.o)
                0x0000000080005514                DCFlashInvalidate
                0x0000000080005528                DCEnable
                0x000000008000553c                DCDisable
                0x0000000080005550                DCFreeze
                0x0000000080005564                DCUnfreeze
                0x0000000080005578                DCTouchLoad
                0x0000000080005580                DCBlockZero
                0x0000000080005588                DCBlockStore
                0x0000000080005590                DCBlockFlush
                0x0000000080005598                DCBlockInvalidate
                0x00000000800055a0                DCInvalidateRange
                0x00000000800055d0                DCFlushRange
                0x0000000080005604                DCStoreRange
                0x0000000080005638                DCFlushRangeNoSync
                0x0000000080005668                DCStoreRangeNoSync
                0x0000000080005698                DCZeroRange
                0x00000000800056c8                DCTouchRange
                0x00000000800056f8                ICInvalidateRange
                0x0000000080005730                ICFlashInvalidate
                0x0000000080005744                ICEnable
                0x0000000080005758                ICDisable
                0x000000008000576c                ICFreeze
                0x0000000080005780                ICUnfreeze
                0x0000000080005794                ICBlockInvalidate
                0x000000008000579c                ICSync
                0x00000000800057a4                L2Init
                0x00000000800057ec                L2Enable
                0x0000000080005808                L2Disable
                0x0000000080005820                L2GlobalInvalidate
                0x0000000080005878                __LCEnable
                0x0000000080005944                LCDisable
                0x000000008000596c                LCAllocOneTag
                0x0000000080005980                LCAllocTags
                0x00000000800059c0                LCLoadBlocks
                0x00000000800059e4                LCStoreBlocks
 .text          0x0000000080005a08      0x1ac C:/devkitPro/libogc/lib/wii\libogc.a(decrementer_handler.o)
                0x0000000080005a08                dec_exceptionhandler
 .text          0x0000000080005bb4      0x35c C:/devkitPro/libogc/lib/wii\libogc.a(exception_handler.o)
                0x0000000080005bb4                exceptionhandler_start
                0x0000000080005c30                exceptionhandler_patch
                0x0000000080005c64                exceptionhandler_end
                0x0000000080005c68                default_exceptionhandler
                0x0000000080005d98                fpu_exceptionhandler
                0x0000000080005ee0                systemcallhandler_start
                0x0000000080005f0c                systemcallhandler_end
 .text          0x0000000080005f10       0x48 c:/devkitpro/devkitppc/bin/../lib/gcc/powerpc-eabi/8.3.0\libgcc.a(eabi.o)
                0x0000000080005f10                __eabi
 *(.text.*)
 .text.deregister_tm_clones
                0x0000000080005f58       0x30 c:/devkitpro/devkitppc/bin/../lib/gcc/powerpc-eabi/8.3.0/crtbegin.o
 .text.register_tm_clones
                0x0000000080005f88       0x3c c:/devkitpro/devkitppc/bin/../lib/gcc/powerpc-eabi/8.3.0/crtbegin.o
 .text.__do_global_dtors_aux
                0x0000000080005fc4       0xd0 c:/devkitpro/devkitppc/bin/../lib/gcc/powerpc-eabi/8.3.0/crtbegin.o
 .text.frame_dummy
                0x0000000080006094       0x44 c:/devkitpro/devkitppc/bin/../lib/gcc/powerpc-eabi/8.3.0/crtbegin.o
 .text.__crtmain
                0x00000000800060d8       0x44 c:/devkitpro/devkitppc/bin/../lib/gcc/powerpc-eabi/8.3.0/../../../../powerpc-eabi/lib/crtmain.o
                0x00000000800060dc                __crtmain
 .text.wpad_initialize
                0x000000008000611c       0x44 lesson2.o
                0x000000008000611c                wpad_initialize
 .text.drawQuad
                0x0000000080006160      0x118 lesson2.o
                0x0000000080006160                drawQuad
 .text.startup.main
                0x0000000080006278      0x594 lesson2.o
                0x0000000080006278                main
 .text.__wpad_assign_slot
                0x000000008000680c      0x210 C:/devkitPro/libogc/lib/wii\libwiiuse.a(wpad.o)
                0x000000008000680c                __wpad_assign_slot
 .text.__wpad_def_powcb
                0x0000000080006a1c        0x4 C:/devkitPro/libogc/lib/wii\libwiiuse.a(wpad.o)
 .text.__wpad_disconnect
                0x0000000080006a20       0x44 C:/devkitPro/libogc/lib/wii\libwiiuse.a(wpad.o)
 .text.__readlinkkey_finished
                0x0000000080006a64       0x34 C:/devkitPro/libogc/lib/wii\libwiiuse.a(wpad.o)
 .text.__wpad_patch_finished
                0x0000000080006a98       0x2c C:/devkitPro/libogc/lib/wii\libwiiuse.a(wpad.o)
 .text.__wpad_setfmt
                0x0000000080006ac4      0x158 C:/devkitPro/libogc/lib/wii\libwiiuse.a(wpad.o)
 .text.__wpad_eventCB
                0x0000000080006c1c      0xa1c C:/devkitPro/libogc/lib/wii\libwiiuse.a(wpad.o)
 .text.__wpad_disconnectCB
                0x0000000080007638       0xcc C:/devkitPro/libogc/lib/wii\libwiiuse.a(wpad.o)
                0x0000000080007638                __wpad_disconnectCB
 .text.__wpad_timeouthandler
                0x0000000080007704       0xb0 C:/devkitPro/libogc/lib/wii\libwiiuse.a(wpad.o)
 .text.__initcore_finished
                0x00000000800077b4       0x48 C:/devkitPro/libogc/lib/wii\libwiiuse.a(wpad.o)
 .text.__wpad_init_finished
                0x00000000800077fc      0x1ac C:/devkitPro/libogc/lib/wii\libwiiuse.a(wpad.o)
 .text.WPAD_ReadEvent
                0x00000000800079a8      0x690 C:/devkitPro/libogc/lib/wii\libwiiuse.a(wpad.o)
                0x00000000800079a8                WPAD_ReadEvent
 .text.WPAD_ReadPending
                0x0000000080008038      0x148 C:/devkitPro/libogc/lib/wii\libwiiuse.a(wpad.o)
                0x0000000080008038                WPAD_ReadPending
 .text.WPAD_ReadPending.part.5
                0x0000000080008180       0x68 C:/devkitPro/libogc/lib/wii\libwiiuse.a(wpad.o)
 .text.WPAD_SetDataFormat
                0x00000000800081e8      0x164 C:/devkitPro/libogc/lib/wii\libwiiuse.a(wpad.o)
                0x00000000800081e8                WPAD_SetDataFormat
 .text.WPAD_SetVRes
                0x000000008000834c      0x118 C:/devkitPro/libogc/lib/wii\libwiiuse.a(wpad.o)
                0x000000008000834c                WPAD_SetVRes
 .text.WPAD_Shutdown
                0x0000000080008464       0xc8 C:/devkitPro/libogc/lib/wii\libwiiuse.a(wpad.o)
                0x0000000080008464                WPAD_Shutdown
 .text.WPAD_Init
                0x000000008000852c      0x2c4 C:/devkitPro/libogc/lib/wii\libwiiuse.a(wpad.o)
                0x000000008000852c                WPAD_Init
 .text.__wpad_onreset
                0x00000000800087f0       0x34 C:/devkitPro/libogc/lib/wii\libwiiuse.a(wpad.o)
 .text.WPAD_ScanPads
                0x0000000080008824        0x8 C:/devkitPro/libogc/lib/wii\libwiiuse.a(wpad.o)
                0x0000000080008824                WPAD_ScanPads
 .text.WPAD_ButtonsDown
                0x000000008000882c       0x28 C:/devkitPro/libogc/lib/wii\libwiiuse.a(wpad.o)
                0x000000008000882c                WPAD_ButtonsDown
 .text.WPAD_IR  0x0000000080008854       0x4c C:/devkitPro/libogc/lib/wii\libwiiuse.a(wpad.o)
                0x0000000080008854                WPAD_IR
 .text.motion_plus_disconnected
                0x00000000800088a0       0x10 C:/devkitPro/libogc/lib/wii\libwiiuse.a(motion_plus.o)
                0x00000000800088a0                motion_plus_disconnected
 .text.motion_plus_event
                0x00000000800088b0       0x64 C:/devkitPro/libogc/lib/wii\libwiiuse.a(motion_plus.o)
                0x00000000800088b0                motion_plus_event
 .text.apply_smoothing.part.0
                0x0000000080008914       0xa0 C:/devkitPro/libogc/lib/wii\libwiiuse.a(dynamics.o)
 .text.calculate_gforce
                0x00000000800089b4      0x114 C:/devkitPro/libogc/lib/wii\libwiiuse.a(dynamics.o)
                0x00000000800089b4                calculate_gforce
 .text.calc_joystick_state
                0x0000000080008ac8      0x20c C:/devkitPro/libogc/lib/wii\libwiiuse.a(dynamics.o)
                0x0000000080008ac8                calc_joystick_state
 .text.apply_smoothing
                0x0000000080008cd4       0xa4 C:/devkitPro/libogc/lib/wii\libwiiuse.a(dynamics.o)
                0x0000000080008cd4                apply_smoothing
 .text.calculate_orientation
                0x0000000080008d78      0x31c C:/devkitPro/libogc/lib/wii\libwiiuse.a(dynamics.o)
                0x0000000080008d78                calculate_orientation
 .text.calc_balanceboard_state
                0x0000000080009094      0x394 C:/devkitPro/libogc/lib/wii\libwiiuse.a(dynamics.o)
                0x0000000080009094                calc_balanceboard_state
 .text.wiiuse_handshake
                0x0000000080009428      0x278 C:/devkitPro/libogc/lib/wii\libwiiuse.a(io.o)
                0x0000000080009428                wiiuse_handshake
 .text.wiiuse_handshake_expansion
                0x00000000800096a0      0x21c C:/devkitPro/libogc/lib/wii\libwiiuse.a(io.o)
                0x00000000800096a0                wiiuse_handshake_expansion
 .text.wiiuse_handshake_expansion_start
                0x00000000800098bc       0x24 C:/devkitPro/libogc/lib/wii\libwiiuse.a(io.o)
                0x00000000800098bc                wiiuse_handshake_expansion_start
 .text.wiiuse_disable_expansion
                0x00000000800098e0      0x1b0 C:/devkitPro/libogc/lib/wii\libwiiuse.a(io.o)
                0x00000000800098e0                wiiuse_disable_expansion
 .text.__wiiuse_connected
                0x0000000080009a90       0x9c C:/devkitPro/libogc/lib/wii\libwiiuse.a(io_wii.o)
 .text.__wiiuse_disconnected
                0x0000000080009b2c       0xb4 C:/devkitPro/libogc/lib/wii\libwiiuse.a(io_wii.o)
 .text.__wiiuse_receive
                0x0000000080009be0       0xd0 C:/devkitPro/libogc/lib/wii\libwiiuse.a(io_wii.o)
 .text.__wiiuse_sensorbar_enable
                0x0000000080009cb0       0x54 C:/devkitPro/libogc/lib/wii\libwiiuse.a(io_wii.o)
                0x0000000080009cb0                __wiiuse_sensorbar_enable
 .text.wiiuse_register
                0x0000000080009d04       0xe4 C:/devkitPro/libogc/lib/wii\libwiiuse.a(io_wii.o)
                0x0000000080009d04                wiiuse_register
 .text.wiiuse_disconnect
                0x0000000080009de8       0x24 C:/devkitPro/libogc/lib/wii\libwiiuse.a(io_wii.o)
                0x0000000080009de8                wiiuse_disconnect
 .text.wiiuse_init_cmd_queue
                0x0000000080009e0c       0x9c C:/devkitPro/libogc/lib/wii\libwiiuse.a(io_wii.o)
                0x0000000080009e0c                wiiuse_init_cmd_queue
 .text.wiiuse_io_write
                0x0000000080009ea8       0x1c C:/devkitPro/libogc/lib/wii\libwiiuse.a(io_wii.o)
                0x0000000080009ea8                wiiuse_io_write
 .text.get_ir_sens.isra.0
                0x0000000080009ec4       0xe4 C:/devkitPro/libogc/lib/wii\libwiiuse.a(ir.o)
 .text.rotate_dots
                0x0000000080009fa8      0x114 C:/devkitPro/libogc/lib/wii\libwiiuse.a(ir.o)
 .text.wiiuse_set_ir_mode
                0x000000008000a0bc       0x88 C:/devkitPro/libogc/lib/wii\libwiiuse.a(ir.o)
                0x000000008000a0bc                wiiuse_set_ir_mode
 .text.wiiuse_set_ir
                0x000000008000a144      0x1f0 C:/devkitPro/libogc/lib/wii\libwiiuse.a(ir.o)
                0x000000008000a144                wiiuse_set_ir
 .text.wiiuse_set_ir_vres
                0x000000008000a334       0x1c C:/devkitPro/libogc/lib/wii\libwiiuse.a(ir.o)
                0x000000008000a334                wiiuse_set_ir_vres
 .text.wiiuse_set_ir_position
                0x000000008000a350       0x80 C:/devkitPro/libogc/lib/wii\libwiiuse.a(ir.o)
                0x000000008000a350                wiiuse_set_ir_position
 .text.wiiuse_set_aspect_ratio
                0x000000008000a3d0       0x44 C:/devkitPro/libogc/lib/wii\libwiiuse.a(ir.o)
                0x000000008000a3d0                wiiuse_set_aspect_ratio
 .text.wiiuse_set_ir_sensitivity
                0x000000008000a414       0xf4 C:/devkitPro/libogc/lib/wii\libwiiuse.a(ir.o)
                0x000000008000a414                wiiuse_set_ir_sensitivity
 .text.calculate_basic_ir
                0x000000008000a508       0xf8 C:/devkitPro/libogc/lib/wii\libwiiuse.a(ir.o)
                0x000000008000a508                calculate_basic_ir
 .text.calculate_extended_ir
                0x000000008000a600       0x64 C:/devkitPro/libogc/lib/wii\libwiiuse.a(ir.o)
                0x000000008000a600                calculate_extended_ir
 .text.find_sensorbar
                0x000000008000a664      0x9e0 C:/devkitPro/libogc/lib/wii\libwiiuse.a(ir.o)
                0x000000008000a664                find_sensorbar
 .text.apply_ir_smoothing
                0x000000008000b044      0x100 C:/devkitPro/libogc/lib/wii\libwiiuse.a(ir.o)
                0x000000008000b044                apply_ir_smoothing
 .text.interpret_ir_data
                0x000000008000b144      0x3b0 C:/devkitPro/libogc/lib/wii\libwiiuse.a(ir.o)
                0x000000008000b144                interpret_ir_data
 .text.nunchuk_handshake
                0x000000008000b4f4      0x2d0 C:/devkitPro/libogc/lib/wii\libwiiuse.a(nunchuk.o)
                0x000000008000b4f4                nunchuk_handshake
 .text.nunchuk_disconnected
                0x000000008000b7c4        0xc C:/devkitPro/libogc/lib/wii\libwiiuse.a(nunchuk.o)
                0x000000008000b7c4                nunchuk_disconnected
 .text.nunchuk_event
                0x000000008000b7d0       0xe4 C:/devkitPro/libogc/lib/wii\libwiiuse.a(nunchuk.o)
                0x000000008000b7d0                nunchuk_event
 .text.wii_board_handshake
                0x000000008000b8b4      0x2c0 C:/devkitPro/libogc/lib/wii\libwiiuse.a(wiiboard.o)
                0x000000008000b8b4                wii_board_handshake
 .text.wii_board_disconnected
                0x000000008000bb74        0xc C:/devkitPro/libogc/lib/wii\libwiiuse.a(wiiboard.o)
                0x000000008000bb74                wii_board_disconnected
 .text.wii_board_event
                0x000000008000bb80       0x54 C:/devkitPro/libogc/lib/wii\libwiiuse.a(wiiboard.o)
                0x000000008000bb80                wii_board_event
 .text.wiiuse_send_next_command.part.0
                0x000000008000bbd4       0x44 C:/devkitPro/libogc/lib/wii\libwiiuse.a(wiiuse.o)
 .text.wiiuse_send_next_command
                0x000000008000bc18       0x18 C:/devkitPro/libogc/lib/wii\libwiiuse.a(wiiuse.o)
                0x000000008000bc18                wiiuse_send_next_command
 .text.wiiuse_init
                0x000000008000bc30      0x208 C:/devkitPro/libogc/lib/wii\libwiiuse.a(wiiuse.o)
                0x000000008000bc30                wiiuse_init
 .text.wiiuse_set_flags
                0x000000008000be38       0x2c C:/devkitPro/libogc/lib/wii\libwiiuse.a(wiiuse.o)
                0x000000008000be38                wiiuse_set_flags
 .text.wiiuse_read_data
                0x000000008000be64      0x14c C:/devkitPro/libogc/lib/wii\libwiiuse.a(wiiuse.o)
                0x000000008000be64                wiiuse_read_data
 .text.wiiuse_write_data
                0x000000008000bfb0      0x180 C:/devkitPro/libogc/lib/wii\libwiiuse.a(wiiuse.o)
                0x000000008000bfb0                wiiuse_write_data
 .text.wiiuse_sendcmd
                0x000000008000c130      0x17c C:/devkitPro/libogc/lib/wii\libwiiuse.a(wiiuse.o)
                0x000000008000c130                wiiuse_sendcmd
 .text.wiiuse_set_report_type
                0x000000008000c2ac      0x144 C:/devkitPro/libogc/lib/wii\libwiiuse.a(wiiuse.o)
                0x000000008000c2ac                wiiuse_set_report_type
 .text.wiiuse_motion_sensing
                0x000000008000c3f0       0x84 C:/devkitPro/libogc/lib/wii\libwiiuse.a(wiiuse.o)
                0x000000008000c3f0                wiiuse_motion_sensing
 .text.wiiuse_status
                0x000000008000c474       0x4c C:/devkitPro/libogc/lib/wii\libwiiuse.a(wiiuse.o)
                0x000000008000c474                wiiuse_status
 .text.wiiuse_set_leds
                0x000000008000c4c0       0x50 C:/devkitPro/libogc/lib/wii\libwiiuse.a(wiiuse.o)
                0x000000008000c4c0                wiiuse_set_leds
 .text.wiiuse_set_speaker
                0x000000008000c510      0x230 C:/devkitPro/libogc/lib/wii\libwiiuse.a(speaker.o)
                0x000000008000c510                wiiuse_set_speaker
 .text.classic_ctrl_handshake
                0x000000008000c740      0x304 C:/devkitPro/libogc/lib/wii\libwiiuse.a(classic.o)
                0x000000008000c740                classic_ctrl_handshake
 .text.classic_ctrl_disconnected
                0x000000008000ca44        0xc C:/devkitPro/libogc/lib/wii\libwiiuse.a(classic.o)
                0x000000008000ca44                classic_ctrl_disconnected
 .text.classic_ctrl_event
                0x000000008000ca50      0x16c C:/devkitPro/libogc/lib/wii\libwiiuse.a(classic.o)
                0x000000008000ca50                classic_ctrl_event
 .text.handle_expansion
                0x000000008000cbbc       0x54 C:/devkitPro/libogc/lib/wii\libwiiuse.a(events.o)
 .text.parse_event
                0x000000008000cc10      0x748 C:/devkitPro/libogc/lib/wii\libwiiuse.a(events.o)
                0x000000008000cc10                parse_event
 .text.guitar_hero_3_handshake
                0x000000008000d358       0x5c C:/devkitPro/libogc/lib/wii\libwiiuse.a(guitar_hero_3.o)
                0x000000008000d358                guitar_hero_3_handshake
 .text.guitar_hero_3_disconnected
                0x000000008000d3b4        0xc C:/devkitPro/libogc/lib/wii\libwiiuse.a(guitar_hero_3.o)
                0x000000008000d3b4                guitar_hero_3_disconnected
 .text.guitar_hero_3_event
                0x000000008000d3c0       0x6c C:/devkitPro/libogc/lib/wii\libwiiuse.a(guitar_hero_3.o)
                0x000000008000d3c0                guitar_hero_3_event
 .text.acl_wlp_completed
                0x000000008000d42c        0x8 C:/devkitPro/libogc/lib/wii\libbte.a(bte.o)
                0x000000008000d42c                acl_wlp_completed
 .text.bt_alarmhandler
                0x000000008000d434       0x60 C:/devkitPro/libogc/lib/wii\libbte.a(bte.o)
 .text.__bte_send_pending_request
                0x000000008000d494      0x104 C:/devkitPro/libogc/lib/wii\libbte.a(bte.o)
 .text.acl_conn_complete
                0x000000008000d598       0x2c C:/devkitPro/libogc/lib/wii\libbte.a(bte.o)
                0x000000008000d598                acl_conn_complete
 .text.bte_process_input
                0x000000008000d5c4      0x148 C:/devkitPro/libogc/lib/wii\libbte.a(bte.o)
 .text.l2cap_disconnect_cfm
                0x000000008000d70c      0x19c C:/devkitPro/libogc/lib/wii\libbte.a(bte.o)
                0x000000008000d70c                l2cap_disconnect_cfm
 .text.l2cap_accepted
                0x000000008000d8a8      0x128 C:/devkitPro/libogc/lib/wii\libbte.a(bte.o)
                0x000000008000d8a8                l2cap_accepted
 .text.l2cap_disconnected_ind
                0x000000008000d9d0      0x1a4 C:/devkitPro/libogc/lib/wii\libbte.a(bte.o)
                0x000000008000d9d0                l2cap_disconnected_ind
 .text.__bte_shutdown_finished
                0x000000008000db74       0xd0 C:/devkitPro/libogc/lib/wii\libbte.a(bte.o)
 .text.bte_hci_apply_patch_complete
                0x000000008000dc44      0x160 C:/devkitPro/libogc/lib/wii\libbte.a(bte.o)
                0x000000008000dc44                bte_hci_apply_patch_complete
 .text.bte_hci_patch_complete
                0x000000008000dda4      0x378 C:/devkitPro/libogc/lib/wii\libbte.a(bte.o)
                0x000000008000dda4                bte_hci_patch_complete
 .text.bte_hci_initcore_complete
                0x000000008000e11c      0x28c C:/devkitPro/libogc/lib/wii\libbte.a(bte.o)
                0x000000008000e11c                bte_hci_initcore_complete
 .text.bte_read_stored_link_key_complete
                0x000000008000e3a8      0x26c C:/devkitPro/libogc/lib/wii\libbte.a(bte.o)
                0x000000008000e3a8                bte_read_stored_link_key_complete
 .text.bte_hci_initcore_complete2
                0x000000008000e614      0x244 C:/devkitPro/libogc/lib/wii\libbte.a(bte.o)
 .text.bte_hci_initsub_complete
                0x000000008000e858      0x2b8 C:/devkitPro/libogc/lib/wii\libbte.a(bte.o)
                0x000000008000e858                bte_hci_initsub_complete
 .text.BTE_Init
                0x000000008000eb10      0x138 C:/devkitPro/libogc/lib/wii\libbte.a(bte.o)
                0x000000008000eb10                BTE_Init
 .text.BTE_Shutdown
                0x000000008000ec48      0x100 C:/devkitPro/libogc/lib/wii\libbte.a(bte.o)
                0x000000008000ec48                BTE_Shutdown
 .text.BTE_InitCore
                0x000000008000ed48       0x90 C:/devkitPro/libogc/lib/wii\libbte.a(bte.o)
                0x000000008000ed48                BTE_InitCore
 .text.BTE_ApplyPatch
                0x000000008000edd8       0xa8 C:/devkitPro/libogc/lib/wii\libbte.a(bte.o)
                0x000000008000edd8                BTE_ApplyPatch
 .text.BTE_InitSub
                0x000000008000ee80       0x94 C:/devkitPro/libogc/lib/wii\libbte.a(bte.o)
                0x000000008000ee80                BTE_InitSub
 .text.BTE_ReadStoredLinkKey
                0x000000008000ef14       0x94 C:/devkitPro/libogc/lib/wii\libbte.a(bte.o)
                0x000000008000ef14                BTE_ReadStoredLinkKey
 .text.BTE_SetDisconnectCallback
                0x000000008000efa8        0x4 C:/devkitPro/libogc/lib/wii\libbte.a(bte.o)
                0x000000008000efa8                BTE_SetDisconnectCallback
 .text.bte_new  0x000000008000efac       0x54 C:/devkitPro/libogc/lib/wii\libbte.a(bte.o)
                0x000000008000efac                bte_new
 .text.bte_registerdeviceasync
                0x000000008000f000      0x15c C:/devkitPro/libogc/lib/wii\libbte.a(bte.o)
                0x000000008000f000                bte_registerdeviceasync
 .text.bte_disconnect
                0x000000008000f15c       0xd8 C:/devkitPro/libogc/lib/wii\libbte.a(bte.o)
                0x000000008000f15c                bte_disconnect
 .text.bte_senddata
                0x000000008000f234       0xdc C:/devkitPro/libogc/lib/wii\libbte.a(bte.o)
                0x000000008000f234                bte_senddata
 .text.bte_arg  0x000000008000f310       0x38 C:/devkitPro/libogc/lib/wii\libbte.a(bte.o)
                0x000000008000f310                bte_arg
 .text.bte_received
                0x000000008000f348       0x38 C:/devkitPro/libogc/lib/wii\libbte.a(bte.o)
                0x000000008000f348                bte_received
 .text.bte_disconnected
                0x000000008000f380       0x38 C:/devkitPro/libogc/lib/wii\libbte.a(bte.o)
                0x000000008000f380                bte_disconnected
 .text.hci_get_link
                0x000000008000f3b8       0x84 C:/devkitPro/libogc/lib/wii\libbte.a(hci.o)
 .text.hci_init
                0x000000008000f43c       0x7c C:/devkitPro/libogc/lib/wii\libbte.a(hci.o)
                0x000000008000f43c                hci_init
 .text.hci_new  0x000000008000f4b8       0x48 C:/devkitPro/libogc/lib/wii\libbte.a(hci.o)
                0x000000008000f4b8                hci_new
 .text.hci_close
                0x000000008000f500       0xd0 C:/devkitPro/libogc/lib/wii\libbte.a(hci.o)
                0x000000008000f500                hci_close
 .text.hci_reset_all
                0x000000008000f5d0       0xbc C:/devkitPro/libogc/lib/wii\libbte.a(hci.o)
                0x000000008000f5d0                hci_reset_all
 .text.hci_arg  0x000000008000f68c        0xc C:/devkitPro/libogc/lib/wii\libbte.a(hci.o)
                0x000000008000f68c                hci_arg
 .text.hci_cmd_complete
                0x000000008000f698        0xc C:/devkitPro/libogc/lib/wii\libbte.a(hci.o)
                0x000000008000f698                hci_cmd_complete
 .text.hci_connection_complete
                0x000000008000f6a4        0xc C:/devkitPro/libogc/lib/wii\libbte.a(hci.o)
                0x000000008000f6a4                hci_connection_complete
 .text.hci_wlp_complete
                0x000000008000f6b0        0xc C:/devkitPro/libogc/lib/wii\libbte.a(hci.o)
                0x000000008000f6b0                hci_wlp_complete
 .text.hci_reset
                0x000000008000f6bc       0xa8 C:/devkitPro/libogc/lib/wii\libbte.a(hci.o)
                0x000000008000f6bc                hci_reset
 .text.hci_read_buffer_size
                0x000000008000f764       0xa8 C:/devkitPro/libogc/lib/wii\libbte.a(hci.o)
                0x000000008000f764                hci_read_buffer_size
 .text.hci_read_bd_addr
                0x000000008000f80c       0xa8 C:/devkitPro/libogc/lib/wii\libbte.a(hci.o)
                0x000000008000f80c                hci_read_bd_addr
 .text.hci_read_local_version
                0x000000008000f8b4       0xa4 C:/devkitPro/libogc/lib/wii\libbte.a(hci.o)
                0x000000008000f8b4                hci_read_local_version
 .text.hci_read_local_features
                0x000000008000f958       0xa8 C:/devkitPro/libogc/lib/wii\libbte.a(hci.o)
                0x000000008000f958                hci_read_local_features
 .text.hci_read_stored_link_key
                0x000000008000fa00       0xfc C:/devkitPro/libogc/lib/wii\libbte.a(hci.o)
                0x000000008000fa00                hci_read_stored_link_key
 .text.hci_write_page_timeout
                0x000000008000fafc       0xcc C:/devkitPro/libogc/lib/wii\libbte.a(hci.o)
                0x000000008000fafc                hci_write_page_timeout
 .text.hci_write_scan_enable
                0x000000008000fbc8       0xb8 C:/devkitPro/libogc/lib/wii\libbte.a(hci.o)
                0x000000008000fbc8                hci_write_scan_enable
 .text.hci_accecpt_conn_request
                0x000000008000fc80       0xdc C:/devkitPro/libogc/lib/wii\libbte.a(hci.o)
                0x000000008000fc80                hci_accecpt_conn_request
 .text.hci_write_local_name
                0x000000008000fd5c       0xd4 C:/devkitPro/libogc/lib/wii\libbte.a(hci.o)
                0x000000008000fd5c                hci_write_local_name
 .text.hci_write_pin_type
                0x000000008000fe30       0xb8 C:/devkitPro/libogc/lib/wii\libbte.a(hci.o)
                0x000000008000fe30                hci_write_pin_type
 .text.hci_write_inquiry_mode
                0x000000008000fee8       0xb8 C:/devkitPro/libogc/lib/wii\libbte.a(hci.o)
                0x000000008000fee8                hci_write_inquiry_mode
 .text.hci_write_page_scan_type
                0x000000008000ffa0       0xb8 C:/devkitPro/libogc/lib/wii\libbte.a(hci.o)
                0x000000008000ffa0                hci_write_page_scan_type
 .text.hci_write_inquiry_scan_type
                0x0000000080010058       0xb8 C:/devkitPro/libogc/lib/wii\libbte.a(hci.o)
                0x0000000080010058                hci_write_inquiry_scan_type
 .text.hci_vendor_specific_command
                0x0000000080010110       0xe4 C:/devkitPro/libogc/lib/wii\libbte.a(hci.o)
                0x0000000080010110                hci_vendor_specific_command
 .text.hci_write_link_policy_settings
                0x00000000800101f4      0x100 C:/devkitPro/libogc/lib/wii\libbte.a(hci.o)
                0x00000000800101f4                hci_write_link_policy_settings
 .text.hci_pin_code_request_neg_reply
                0x00000000800102f4       0xc8 C:/devkitPro/libogc/lib/wii\libbte.a(hci.o)
                0x00000000800102f4                hci_pin_code_request_neg_reply
 .text.hci_link_key_req_neg_reply
                0x00000000800103bc       0xc8 C:/devkitPro/libogc/lib/wii\libbte.a(hci.o)
                0x00000000800103bc                hci_link_key_req_neg_reply
 .text.hci_disconnect
                0x0000000080010484       0xf8 C:/devkitPro/libogc/lib/wii\libbte.a(hci.o)
                0x0000000080010484                hci_disconnect
 .text.hci_write_cod
                0x000000008001057c       0xc8 C:/devkitPro/libogc/lib/wii\libbte.a(hci.o)
                0x000000008001057c                hci_write_cod
 .text.hci_host_buffer_size
                0x0000000080010644      0x108 C:/devkitPro/libogc/lib/wii\libbte.a(hci.o)
                0x0000000080010644                hci_host_buffer_size
 .text.hci_host_num_comp_packets
                0x000000008001074c      0x104 C:/devkitPro/libogc/lib/wii\libbte.a(hci.o)
                0x000000008001074c                hci_host_num_comp_packets
 .text.lp_pdu_maxsize
                0x0000000080010850        0xc C:/devkitPro/libogc/lib/wii\libbte.a(hci.o)
                0x0000000080010850                lp_pdu_maxsize
 .text.lp_acl_write
                0x000000008001085c      0x154 C:/devkitPro/libogc/lib/wii\libbte.a(hci.o)
                0x000000008001085c                lp_acl_write
 .text.lp_write_flush_timeout
                0x00000000800109b0      0x100 C:/devkitPro/libogc/lib/wii\libbte.a(hci.o)
                0x00000000800109b0                lp_write_flush_timeout
 .text.hci_event_handler
                0x0000000080010ab0      0xbf4 C:/devkitPro/libogc/lib/wii\libbte.a(hci.o)
                0x0000000080010ab0                hci_event_handler
 .text.hci_acldata_handler
                0x00000000800116a4      0x12c C:/devkitPro/libogc/lib/wii\libbte.a(hci.o)
                0x00000000800116a4                hci_acldata_handler
 .text.l2cap_init
                0x00000000800117d0       0x60 C:/devkitPro/libogc/lib/wii\libbte.a(l2cap.o)
                0x00000000800117d0                l2cap_init
 .text.l2cap_write
                0x0000000080011830      0x1a8 C:/devkitPro/libogc/lib/wii\libbte.a(l2cap.o)
                0x0000000080011830                l2cap_write
 .text.l2cap_new
                0x00000000800119d8       0x6c C:/devkitPro/libogc/lib/wii\libbte.a(l2cap.o)
                0x00000000800119d8                l2cap_new
 .text.l2cap_close
                0x0000000080011a44      0x1d4 C:/devkitPro/libogc/lib/wii\libbte.a(l2cap.o)
                0x0000000080011a44                l2cap_close
 .text.l2cap_reset_all
                0x0000000080011c18      0x154 C:/devkitPro/libogc/lib/wii\libbte.a(l2cap.o)
                0x0000000080011c18                l2cap_reset_all
 .text.l2cap_signal
                0x0000000080011d6c      0x210 C:/devkitPro/libogc/lib/wii\libbte.a(l2cap.o)
                0x0000000080011d6c                l2cap_signal
 .text.l2ca_config_req
                0x0000000080011f7c      0x160 C:/devkitPro/libogc/lib/wii\libbte.a(l2cap.o)
                0x0000000080011f7c                l2ca_config_req
 .text.l2ca_disconnect_req
                0x00000000800120dc       0xc4 C:/devkitPro/libogc/lib/wii\libbte.a(l2cap.o)
                0x00000000800120dc                l2ca_disconnect_req
 .text.l2cap_tmr
                0x00000000800121a0      0x284 C:/devkitPro/libogc/lib/wii\libbte.a(l2cap.o)
                0x00000000800121a0                l2cap_tmr
 .text.l2cap_process_sig
                0x0000000080012424     0x11d4 C:/devkitPro/libogc/lib/wii\libbte.a(l2cap.o)
                0x0000000080012424                l2cap_process_sig
 .text.l2cap_input
                0x00000000800135f8      0x5ac C:/devkitPro/libogc/lib/wii\libbte.a(l2cap.o)
                0x00000000800135f8                l2cap_input
 .text.l2ca_datawrite
                0x0000000080013ba4      0x118 C:/devkitPro/libogc/lib/wii\libbte.a(l2cap.o)
                0x0000000080013ba4                l2ca_datawrite
 .text.lp_connect_cfm
                0x0000000080013cbc      0x184 C:/devkitPro/libogc/lib/wii\libbte.a(l2cap.o)
                0x0000000080013cbc                lp_connect_cfm
 .text.lp_connect_ind
                0x0000000080013e40        0x4 C:/devkitPro/libogc/lib/wii\libbte.a(l2cap.o)
                0x0000000080013e40                lp_connect_ind
 .text.lp_disconnect_ind
                0x0000000080013e44      0x12c C:/devkitPro/libogc/lib/wii\libbte.a(l2cap.o)
                0x0000000080013e44                lp_disconnect_ind
 .text.l2cap_disconnect_bb
                0x0000000080013f70       0x10 C:/devkitPro/libogc/lib/wii\libbte.a(l2cap.o)
                0x0000000080013f70                l2cap_disconnect_bb
 .text.l2cap_arg
                0x0000000080013f80        0x8 C:/devkitPro/libogc/lib/wii\libbte.a(l2cap.o)
                0x0000000080013f80                l2cap_arg
 .text.l2cap_connect_ind
                0x0000000080013f88      0x100 C:/devkitPro/libogc/lib/wii\libbte.a(l2cap.o)
                0x0000000080013f88                l2cap_connect_ind
 .text.l2cap_disconnect_ind
                0x0000000080014088        0x8 C:/devkitPro/libogc/lib/wii\libbte.a(l2cap.o)
                0x0000000080014088                l2cap_disconnect_ind
 .text.l2cap_recv
                0x0000000080014090        0x8 C:/devkitPro/libogc/lib/wii\libbte.a(l2cap.o)
                0x0000000080014090                l2cap_recv
 .text.btmemb_init
                0x0000000080014098       0x24 C:/devkitPro/libogc/lib/wii\libbte.a(btmemb.o)
                0x0000000080014098                btmemb_init
 .text.btmemb_alloc
                0x00000000800140bc       0xa8 C:/devkitPro/libogc/lib/wii\libbte.a(btmemb.o)
                0x00000000800140bc                btmemb_alloc
 .text.btmemb_free
                0x0000000080014164       0xa8 C:/devkitPro/libogc/lib/wii\libbte.a(btmemb.o)
                0x0000000080014164                btmemb_free
 .text.plug_holes
                0x000000008001420c       0xb8 C:/devkitPro/libogc/lib/wii\libbte.a(btmemr.o)
 .text.btmemr_free.part.0
                0x00000000800142c4       0x78 C:/devkitPro/libogc/lib/wii\libbte.a(btmemr.o)
 .text.btmemr_init
                0x000000008001433c       0x98 C:/devkitPro/libogc/lib/wii\libbte.a(btmemr.o)
                0x000000008001433c                btmemr_init
 .text.btmemr_malloc
                0x00000000800143d4      0x178 C:/devkitPro/libogc/lib/wii\libbte.a(btmemr.o)
                0x00000000800143d4                btmemr_malloc
 .text.btmemr_free
                0x000000008001454c       0x28 C:/devkitPro/libogc/lib/wii\libbte.a(btmemr.o)
                0x000000008001454c                btmemr_free
 .text.btmemr_realloc
                0x0000000080014574      0x10c C:/devkitPro/libogc/lib/wii\libbte.a(btmemr.o)
                0x0000000080014574                btmemr_realloc
 .text.btpbuf_cat.part.0
                0x0000000080014680       0x68 C:/devkitPro/libogc/lib/wii\libbte.a(btpbuf.o)
 .text.btpbuf_init
                0x00000000800146e8       0x28 C:/devkitPro/libogc/lib/wii\libbte.a(btpbuf.o)
                0x00000000800146e8                btpbuf_init
 .text.btpbuf_free
                0x0000000080014710      0x124 C:/devkitPro/libogc/lib/wii\libbte.a(btpbuf.o)
                0x0000000080014710                btpbuf_free
 .text.btpbuf_alloc
                0x0000000080014834      0x25c C:/devkitPro/libogc/lib/wii\libbte.a(btpbuf.o)
                0x0000000080014834                btpbuf_alloc
 .text.btpbuf_realloc
                0x0000000080014a90       0xec C:/devkitPro/libogc/lib/wii\libbte.a(btpbuf.o)
                0x0000000080014a90                btpbuf_realloc
 .text.btpbuf_header
                0x0000000080014b7c       0x90 C:/devkitPro/libogc/lib/wii\libbte.a(btpbuf.o)
                0x0000000080014b7c                btpbuf_header
 .text.btpbuf_ref
                0x0000000080014c0c       0x48 C:/devkitPro/libogc/lib/wii\libbte.a(btpbuf.o)
                0x0000000080014c0c                btpbuf_ref
 .text.btpbuf_chain
                0x0000000080014c54       0x8c C:/devkitPro/libogc/lib/wii\libbte.a(btpbuf.o)
                0x0000000080014c54                btpbuf_chain
 .text.btpbuf_dechain
                0x0000000080014ce0       0x7c C:/devkitPro/libogc/lib/wii\libbte.a(btpbuf.o)
                0x0000000080014ce0                btpbuf_dechain
 .text.btpbuf_take
                0x0000000080014d5c      0x13c C:/devkitPro/libogc/lib/wii\libbte.a(btpbuf.o)
                0x0000000080014d5c                btpbuf_take
 .text.__usb_closeCB
                0x0000000080014e98       0x10 C:/devkitPro/libogc/lib/wii\libbte.a(physbusif.o)
 .text.__writebulkmsgCB
                0x0000000080014ea8       0x3c C:/devkitPro/libogc/lib/wii\libbte.a(physbusif.o)
 .text.__writectrlmsgCB
                0x0000000080014ee4       0x3c C:/devkitPro/libogc/lib/wii\libbte.a(physbusif.o)
 .text.__issue_intrread.part.0
                0x0000000080014f20       0x80 C:/devkitPro/libogc/lib/wii\libbte.a(physbusif.o)
 .text.__readintrdataCB
                0x0000000080014fa0      0x150 C:/devkitPro/libogc/lib/wii\libbte.a(physbusif.o)
 .text.__issue_bulkread.part.2
                0x00000000800150f0       0x80 C:/devkitPro/libogc/lib/wii\libbte.a(physbusif.o)
 .text.__readbulkdataCB
                0x0000000080015170      0x150 C:/devkitPro/libogc/lib/wii\libbte.a(physbusif.o)
 .text.physbusif_init
                0x00000000800152c0      0x1dc C:/devkitPro/libogc/lib/wii\libbte.a(physbusif.o)
                0x00000000800152c0                physbusif_init
 .text.physbusif_close
                0x000000008001549c       0x20 C:/devkitPro/libogc/lib/wii\libbte.a(physbusif.o)
                0x000000008001549c                physbusif_close
 .text.physbusif_shutdown
                0x00000000800154bc       0x24 C:/devkitPro/libogc/lib/wii\libbte.a(physbusif.o)
                0x00000000800154bc                physbusif_shutdown
 .text.physbusif_reset_all
                0x00000000800154e0        0x4 C:/devkitPro/libogc/lib/wii\libbte.a(physbusif.o)
                0x00000000800154e0                physbusif_reset_all
 .text.physbusif_output
                0x00000000800154e4      0x1b4 C:/devkitPro/libogc/lib/wii\libbte.a(physbusif.o)
                0x00000000800154e4                physbusif_output
 .text.__lwp_queue_initialize
                0x0000000080015698       0x60 C:/devkitPro/libogc/lib/wii\libogc.a(lwp_queue.o)
                0x0000000080015698                __lwp_queue_initialize
 .text.__lwp_queue_get
                0x00000000800156f8       0x74 C:/devkitPro/libogc/lib/wii\libogc.a(lwp_queue.o)
                0x00000000800156f8                __lwp_queue_get
 .text.__lwp_queue_append
                0x000000008001576c       0x4c C:/devkitPro/libogc/lib/wii\libogc.a(lwp_queue.o)
                0x000000008001576c                __lwp_queue_append
 .text.__lwp_isr_in_progress
                0x00000000800157b8        0x8 C:/devkitPro/libogc/lib/wii\libogc.a(lwp_threads.o)
                0x00000000800157b8                __lwp_isr_in_progress
 .text.__thread_dispatch_fp
                0x00000000800157c0       0x88 C:/devkitPro/libogc/lib/wii\libogc.a(lwp_threads.o)
                0x00000000800157c0                __thread_dispatch_fp
 .text.__thread_dispatch
                0x0000000080015848      0x110 C:/devkitPro/libogc/lib/wii\libogc.a(lwp_threads.o)
                0x0000000080015848                __thread_dispatch
 .text.__lwp_thread_resettimeslice
                0x0000000080015958       0xec C:/devkitPro/libogc/lib/wii\libogc.a(lwp_threads.o)
                0x0000000080015958                __lwp_thread_resettimeslice
 .text.__lwp_thread_tickle_timeslice
                0x0000000080015a44       0xcc C:/devkitPro/libogc/lib/wii\libogc.a(lwp_threads.o)
                0x0000000080015a44                __lwp_thread_tickle_timeslice
 .text.__lwp_thread_setstate
                0x0000000080015b10      0x178 C:/devkitPro/libogc/lib/wii\libogc.a(lwp_threads.o)
                0x0000000080015b10                __lwp_thread_setstate
 .text.__lwp_thread_clearstate
                0x0000000080015c88       0xe4 C:/devkitPro/libogc/lib/wii\libogc.a(lwp_threads.o)
                0x0000000080015c88                __lwp_thread_clearstate
 .text.__lwp_thread_delayended
                0x0000000080015d6c       0x48 C:/devkitPro/libogc/lib/wii\libogc.a(lwp_threads.o)
                0x0000000080015d6c                __lwp_thread_delayended
 .text.__lwp_thread_suspend
                0x0000000080015db4      0x188 C:/devkitPro/libogc/lib/wii\libogc.a(lwp_threads.o)
                0x0000000080015db4                __lwp_thread_suspend
 .text.__lwp_thread_settransient
                0x0000000080015f3c       0xb4 C:/devkitPro/libogc/lib/wii\libogc.a(lwp_threads.o)
                0x0000000080015f3c                __lwp_thread_settransient
 .text.__lwp_thread_changepriority
                0x0000000080015ff0      0x1f8 C:/devkitPro/libogc/lib/wii\libogc.a(lwp_threads.o)
                0x0000000080015ff0                __lwp_thread_changepriority
 .text.__lwp_thread_resume
                0x00000000800161e8      0x130 C:/devkitPro/libogc/lib/wii\libogc.a(lwp_threads.o)
                0x00000000800161e8                __lwp_thread_resume
 .text.__lwp_thread_ready
                0x0000000080016318       0xf4 C:/devkitPro/libogc/lib/wii\libogc.a(lwp_threads.o)
                0x0000000080016318                __lwp_thread_ready
 .text.__lwp_thread_init
                0x000000008001640c      0x180 C:/devkitPro/libogc/lib/wii\libogc.a(lwp_threads.o)
                0x000000008001640c                __lwp_thread_init
 .text.__lwp_thread_close
                0x000000008001658c      0x130 C:/devkitPro/libogc/lib/wii\libogc.a(lwp_threads.o)
                0x000000008001658c                __lwp_thread_close
 .text.__lwp_thread_closeall
                0x00000000800166bc       0xb8 C:/devkitPro/libogc/lib/wii\libogc.a(lwp_threads.o)
                0x00000000800166bc                __lwp_thread_closeall
 .text.__lwp_thread_exit
                0x0000000080016774       0x5c C:/devkitPro/libogc/lib/wii\libogc.a(lwp_threads.o)
                0x0000000080016774                __lwp_thread_exit
 .text.__lwp_thread_handler
                0x00000000800167d0       0xb4 C:/devkitPro/libogc/lib/wii\libogc.a(lwp_threads.o)
 .text.__lwp_thread_start
                0x0000000080016884       0xec C:/devkitPro/libogc/lib/wii\libogc.a(lwp_threads.o)
                0x0000000080016884                __lwp_thread_start
 .text.__lwp_thread_startmultitasking
                0x0000000080016970       0xb0 C:/devkitPro/libogc/lib/wii\libogc.a(lwp_threads.o)
                0x0000000080016970                __lwp_thread_startmultitasking
 .text.__lwp_thread_stopmultitasking
                0x0000000080016a20       0x58 C:/devkitPro/libogc/lib/wii\libogc.a(lwp_threads.o)
                0x0000000080016a20                __lwp_thread_stopmultitasking
 .text.__lwp_thread_coreinit
                0x0000000080016a78       0xb0 C:/devkitPro/libogc/lib/wii\libogc.a(lwp_threads.o)
                0x0000000080016a78                __lwp_thread_coreinit
 .text.idle_func
                0x0000000080016b28        0x4 C:/devkitPro/libogc/lib/wii\libogc.a(lwp.o)
 .text.__lwp_sysinit
                0x0000000080016b2c      0x118 C:/devkitPro/libogc/lib/wii\libogc.a(lwp.o)
                0x0000000080016b2c                __lwp_sysinit
 .text.LWP_SuspendThread
                0x0000000080016c44       0xc0 C:/devkitPro/libogc/lib/wii\libogc.a(lwp.o)
                0x0000000080016c44                LWP_SuspendThread
 .text.LWP_ResumeThread
                0x0000000080016d04       0xc4 C:/devkitPro/libogc/lib/wii\libogc.a(lwp.o)
                0x0000000080016d04                LWP_ResumeThread
 .text.LWP_GetSelf
                0x0000000080016dc8       0x28 C:/devkitPro/libogc/lib/wii\libogc.a(lwp.o)
                0x0000000080016dc8                LWP_GetSelf
 .text.LWP_InitQueue
                0x0000000080016df0      0x150 C:/devkitPro/libogc/lib/wii\libogc.a(lwp.o)
                0x0000000080016df0                LWP_InitQueue
 .text.LWP_CloseQueue
                0x0000000080016f40       0xd4 C:/devkitPro/libogc/lib/wii\libogc.a(lwp.o)
                0x0000000080016f40                LWP_CloseQueue
 .text.LWP_ThreadSleep
                0x0000000080017014      0x110 C:/devkitPro/libogc/lib/wii\libogc.a(lwp.o)
                0x0000000080017014                LWP_ThreadSleep
 .text.LWP_ThreadBroadcast
                0x0000000080017124       0x88 C:/devkitPro/libogc/lib/wii\libogc.a(lwp.o)
                0x0000000080017124                LWP_ThreadBroadcast
 .text.LWP_ThreadSignal
                0x00000000800171ac       0x74 C:/devkitPro/libogc/lib/wii\libogc.a(lwp.o)
                0x00000000800171ac                LWP_ThreadSignal
 .text.__lwp_stack_allocate
                0x0000000080017220       0x60 C:/devkitPro/libogc/lib/wii\libogc.a(lwp_stack.o)
                0x0000000080017220                __lwp_stack_allocate
 .text.__lwp_stack_free
                0x0000000080017280       0x1c C:/devkitPro/libogc/lib/wii\libogc.a(lwp_stack.o)
                0x0000000080017280                __lwp_stack_free
 .text.__lwp_wd_settimer.isra.4
                0x000000008001729c       0xd8 C:/devkitPro/libogc/lib/wii\libogc.a(lwp_watchdog.o)
 .text.__lwp_watchdog_init
                0x0000000080017374       0x2c C:/devkitPro/libogc/lib/wii\libogc.a(lwp_watchdog.o)
                0x0000000080017374                __lwp_watchdog_init
 .text.__lwp_wd_insert
                0x00000000800173a0      0x1e4 C:/devkitPro/libogc/lib/wii\libogc.a(lwp_watchdog.o)
                0x00000000800173a0                __lwp_wd_insert
 .text.__lwp_wd_remove
                0x0000000080017584      0x144 C:/devkitPro/libogc/lib/wii\libogc.a(lwp_watchdog.o)
                0x0000000080017584                __lwp_wd_remove
 .text.__lwp_wd_tickle
                0x00000000800176c8      0x120 C:/devkitPro/libogc/lib/wii\libogc.a(lwp_watchdog.o)
                0x00000000800176c8                __lwp_wd_tickle
 .text.__lwp_wkspace_init
                0x00000000800177e8       0xc4 C:/devkitPro/libogc/lib/wii\libogc.a(lwp_wkspace.o)
                0x00000000800177e8                __lwp_wkspace_init
 .text.__lwp_objmgr_initinfo
                0x00000000800178ac      0x1a4 C:/devkitPro/libogc/lib/wii\libogc.a(lwp_objmgr.o)
                0x00000000800178ac                __lwp_objmgr_initinfo
 .text.__lwp_objmgr_getisrdisable
                0x0000000080017a50       0x60 C:/devkitPro/libogc/lib/wii\libogc.a(lwp_objmgr.o)
                0x0000000080017a50                __lwp_objmgr_getisrdisable
 .text.__lwp_objmgr_getnoprotection
                0x0000000080017ab0       0x24 C:/devkitPro/libogc/lib/wii\libogc.a(lwp_objmgr.o)
                0x0000000080017ab0                __lwp_objmgr_getnoprotection
 .text.__lwp_objmgr_get
                0x0000000080017ad4       0x70 C:/devkitPro/libogc/lib/wii\libogc.a(lwp_objmgr.o)
                0x0000000080017ad4                __lwp_objmgr_get
 .text.__lwp_objmgr_allocate
                0x0000000080017b44       0x88 C:/devkitPro/libogc/lib/wii\libogc.a(lwp_objmgr.o)
                0x0000000080017b44                __lwp_objmgr_allocate
 .text.__lwp_objmgr_free
                0x0000000080017bcc       0x60 C:/devkitPro/libogc/lib/wii\libogc.a(lwp_objmgr.o)
                0x0000000080017bcc                __lwp_objmgr_free
 .text.__lwp_heap_init
                0x0000000080017c2c       0xa4 C:/devkitPro/libogc/lib/wii\libogc.a(lwp_heap.o)
                0x0000000080017c2c                __lwp_heap_init
 .text.__lwp_heap_allocate
                0x0000000080017cd0      0x16c C:/devkitPro/libogc/lib/wii\libogc.a(lwp_heap.o)
                0x0000000080017cd0                __lwp_heap_allocate
 .text.__lwp_heap_free
                0x0000000080017e3c      0x1c0 C:/devkitPro/libogc/lib/wii\libogc.a(lwp_heap.o)
                0x0000000080017e3c                __lwp_heap_free
 .text.__SetInterrupts
                0x0000000080017ffc      0x298 C:/devkitPro/libogc/lib/wii\libogc.a(irq.o)
 .text.c_irqdispatcher
                0x0000000080018294      0x27c C:/devkitPro/libogc/lib/wii\libogc.a(irq.o)
                0x0000000080018294                c_irqdispatcher
 .text.__UnmaskIrq
                0x0000000080018510       0x84 C:/devkitPro/libogc/lib/wii\libogc.a(irq.o)
                0x0000000080018510                __UnmaskIrq
 .text.__MaskIrq
                0x0000000080018594       0x84 C:/devkitPro/libogc/lib/wii\libogc.a(irq.o)
                0x0000000080018594                __MaskIrq
 .text.__irq_init
                0x0000000080018618       0x9c C:/devkitPro/libogc/lib/wii\libogc.a(irq.o)
                0x0000000080018618                __irq_init
 .text.IRQ_Request
                0x00000000800186b4       0x50 C:/devkitPro/libogc/lib/wii\libogc.a(irq.o)
                0x00000000800186b4                IRQ_Request
 .text.IRQ_GetHandler
                0x0000000080018704       0x44 C:/devkitPro/libogc/lib/wii\libogc.a(irq.o)
                0x0000000080018704                IRQ_GetHandler
 .text.IRQ_Disable
                0x0000000080018748       0x1c C:/devkitPro/libogc/lib/wii\libogc.a(irq.o)
                0x0000000080018748                IRQ_Disable
 .text.IRQ_Restore
                0x0000000080018764       0x1c C:/devkitPro/libogc/lib/wii\libogc.a(irq.o)
                0x0000000080018764                IRQ_Restore
 .text.__VISendI2CData.constprop.2
                0x0000000080018780      0x42c C:/devkitPro/libogc/lib/wii\libogc.a(video.o)
 .text.__VIWriteI2CRegister16
                0x0000000080018bac       0x38 C:/devkitPro/libogc/lib/wii\libogc.a(video.o)
 .text.__VIWriteI2CRegister8
                0x0000000080018be4       0x38 C:/devkitPro/libogc/lib/wii\libogc.a(video.o)
 .text.__VISetYUVSEL
                0x0000000080018c1c       0x68 C:/devkitPro/libogc/lib/wii\libogc.a(video.o)
 .text.VIDEO_Configure
                0x0000000080018c84      0x7c8 C:/devkitPro/libogc/lib/wii\libogc.a(video.o)
                0x0000000080018c84                VIDEO_Configure
 .text.VIDEO_WaitVSync
                0x000000008001944c       0x74 C:/devkitPro/libogc/lib/wii\libogc.a(video.o)
                0x000000008001944c                VIDEO_WaitVSync
 .text.VIDEO_SetFramebuffer
                0x00000000800194c0      0x23c C:/devkitPro/libogc/lib/wii\libogc.a(video.o)
                0x00000000800194c0                VIDEO_SetFramebuffer
 .text.VIDEO_SetNextFramebuffer
                0x00000000800196fc      0x1b4 C:/devkitPro/libogc/lib/wii\libogc.a(video.o)
                0x00000000800196fc                VIDEO_SetNextFramebuffer
 .text.VIDEO_Flush
                0x00000000800198b0      0x134 C:/devkitPro/libogc/lib/wii\libogc.a(video.o)
                0x00000000800198b0                VIDEO_Flush
 .text.VIDEO_SetBlack
                0x00000000800199e4      0x144 C:/devkitPro/libogc/lib/wii\libogc.a(video.o)
                0x00000000800199e4                VIDEO_SetBlack
 .text.VIDEO_GetCurrentTvMode
                0x0000000080019b28       0x78 C:/devkitPro/libogc/lib/wii\libogc.a(video.o)
                0x0000000080019b28                VIDEO_GetCurrentTvMode
 .text.__VIRetraceHandler
                0x0000000080019ba0      0x294 C:/devkitPro/libogc/lib/wii\libogc.a(video.o)
 .text.__VISetupEncoder
                0x0000000080019e34      0x1fc C:/devkitPro/libogc/lib/wii\libogc.a(video.o)
 .text.VIDEO_Init
                0x000000008001a030      0x4e0 C:/devkitPro/libogc/lib/wii\libogc.a(video.o)
                0x000000008001a030                VIDEO_Init
 .text.VIDEO_GetPreferredMode
                0x000000008001a510      0x100 C:/devkitPro/libogc/lib/wii\libogc.a(video.o)
                0x000000008001a510                VIDEO_GetPreferredMode
 .text.VIDEO_GetCurrentLine
                0x000000008001a610       0x9c C:/devkitPro/libogc/lib/wii\libogc.a(video.o)
                0x000000008001a610                VIDEO_GetCurrentLine
 .text.VIDEO_GetFrameBufferSize
                0x000000008001a6ac       0x30 C:/devkitPro/libogc/lib/wii\libogc.a(video.o)
                0x000000008001a6ac                VIDEO_GetFrameBufferSize
 .text.__call_resetfuncs
                0x000000008001a6dc       0xbc C:/devkitPro/libogc/lib/wii\libogc.a(system.o)
 .text.__MEMInterruptHandler
                0x000000008001a798       0x14 C:/devkitPro/libogc/lib/wii\libogc.a(system.o)
 .text.__RSWDefaultHandler
                0x000000008001a7ac        0x4 C:/devkitPro/libogc/lib/wii\libogc.a(system.o)
 .text.__POWDefaultHandler
                0x000000008001a7b0        0x4 C:/devkitPro/libogc/lib/wii\libogc.a(system.o)
 .text.__getrtc
                0x000000008001a7b4      0x164 C:/devkitPro/libogc/lib/wii\libogc.a(system.o)
 .text.__sram_write
                0x000000008001a918      0x128 C:/devkitPro/libogc/lib/wii\libogc.a(system.o)
 .text.__unlocksram
                0x000000008001aa40      0x17c C:/devkitPro/libogc/lib/wii\libogc.a(system.o)
 .text.__sram_writecallback
                0x000000008001abbc       0x54 C:/devkitPro/libogc/lib/wii\libogc.a(system.o)
 .text.__mem_onreset
                0x000000008001ac10       0x48 C:/devkitPro/libogc/lib/wii\libogc.a(system.o)
 .text.__sys_alarmhandler
                0x000000008001ac58       0xf0 C:/devkitPro/libogc/lib/wii\libogc.a(system.o)
 .text.__STMEventHandler
                0x000000008001ad48      0x104 C:/devkitPro/libogc/lib/wii\libogc.a(system.o)
 .text.__sram_read.constprop.11
                0x000000008001ae4c      0x140 C:/devkitPro/libogc/lib/wii\libogc.a(system.o)
 .text.__SYS_GetRTC
                0x000000008001af8c       0xd0 C:/devkitPro/libogc/lib/wii\libogc.a(system.o)
                0x000000008001af8c                __SYS_GetRTC
 .text.__SYS_GetIPCBufferLo
                0x000000008001b05c        0x8 C:/devkitPro/libogc/lib/wii\libogc.a(system.o)
                0x000000008001b05c                __SYS_GetIPCBufferLo
 .text.__SYS_GetIPCBufferHi
                0x000000008001b064        0x8 C:/devkitPro/libogc/lib/wii\libogc.a(system.o)
                0x000000008001b064                __SYS_GetIPCBufferHi
 .text.__SYS_DoPowerCB
                0x000000008001b06c       0x74 C:/devkitPro/libogc/lib/wii\libogc.a(system.o)
                0x000000008001b06c                __SYS_DoPowerCB
 .text.__SYS_PreInit
                0x000000008001b0e0        0x4 C:/devkitPro/libogc/lib/wii\libogc.a(system.o)
                0x000000008001b0e0                __SYS_PreInit
 .text.SYS_ResetButtonDown
                0x000000008001b0e4       0x18 C:/devkitPro/libogc/lib/wii\libogc.a(system.o)
                0x000000008001b0e4                SYS_ResetButtonDown
 .text.SYS_ResetSystem
                0x000000008001b0fc      0x214 C:/devkitPro/libogc/lib/wii\libogc.a(system.o)
                0x000000008001b0fc                SYS_ResetSystem
 .text.__reload
                0x000000008001b310       0x80 C:/devkitPro/libogc/lib/wii\libogc.a(system.o)
                0x000000008001b310                __reload
 .text.__libogc_exit
                0x000000008001b390       0x88 C:/devkitPro/libogc/lib/wii\libogc.a(system.o)
                0x000000008001b390                __libogc_exit
 .text.SYS_RegisterResetFunc
                0x000000008001b418       0x78 C:/devkitPro/libogc/lib/wii\libogc.a(system.o)
                0x000000008001b418                SYS_RegisterResetFunc
 .text.SYS_Init
                0x000000008001b490      0x69c C:/devkitPro/libogc/lib/wii\libogc.a(system.o)
                0x000000008001b490                SYS_Init
 .text.SYS_SetArena1Lo
                0x000000008001bb2c       0x38 C:/devkitPro/libogc/lib/wii\libogc.a(system.o)
                0x000000008001bb2c                SYS_SetArena1Lo
 .text.SYS_GetArena1Lo
                0x000000008001bb64       0x38 C:/devkitPro/libogc/lib/wii\libogc.a(system.o)
                0x000000008001bb64                SYS_GetArena1Lo
 .text.SYS_GetArena1Hi
                0x000000008001bb9c       0x38 C:/devkitPro/libogc/lib/wii\libogc.a(system.o)
                0x000000008001bb9c                SYS_GetArena1Hi
 .text.SYS_SetArena2Lo
                0x000000008001bbd4       0x38 C:/devkitPro/libogc/lib/wii\libogc.a(system.o)
                0x000000008001bbd4                SYS_SetArena2Lo
 .text.SYS_GetArena2Lo
                0x000000008001bc0c       0x38 C:/devkitPro/libogc/lib/wii\libogc.a(system.o)
                0x000000008001bc0c                SYS_GetArena2Lo
 .text.SYS_SetArena2Hi
                0x000000008001bc44       0x38 C:/devkitPro/libogc/lib/wii\libogc.a(system.o)
                0x000000008001bc44                SYS_SetArena2Hi
 .text.SYS_GetArena2Hi
                0x000000008001bc7c       0x38 C:/devkitPro/libogc/lib/wii\libogc.a(system.o)
                0x000000008001bc7c                SYS_GetArena2Hi
 .text.SYS_AllocateFramebuffer
                0x000000008001bcb4       0x28 C:/devkitPro/libogc/lib/wii\libogc.a(system.o)
                0x000000008001bcb4                SYS_AllocateFramebuffer
 .text.SYS_CreateAlarm
                0x000000008001bcdc      0x120 C:/devkitPro/libogc/lib/wii\libogc.a(system.o)
                0x000000008001bcdc                SYS_CreateAlarm
 .text.SYS_SetAlarm
                0x000000008001bdfc      0x1d0 C:/devkitPro/libogc/lib/wii\libogc.a(system.o)
                0x000000008001bdfc                SYS_SetAlarm
 .text.SYS_SetPeriodicAlarm
                0x000000008001bfcc      0x214 C:/devkitPro/libogc/lib/wii\libogc.a(system.o)
                0x000000008001bfcc                SYS_SetPeriodicAlarm
 .text.SYS_RemoveAlarm
                0x000000008001c1e0      0x128 C:/devkitPro/libogc/lib/wii\libogc.a(system.o)
                0x000000008001c1e0                SYS_RemoveAlarm
 .text.SYS_CancelAlarm
                0x000000008001c308       0xd0 C:/devkitPro/libogc/lib/wii\libogc.a(system.o)
                0x000000008001c308                SYS_CancelAlarm
 .text.SYS_SetWirelessID
                0x000000008001c3d8       0x94 C:/devkitPro/libogc/lib/wii\libogc.a(system.o)
                0x000000008001c3d8                SYS_SetWirelessID
 .text.SYS_GetWirelessID
                0x000000008001c46c       0xa0 C:/devkitPro/libogc/lib/wii\libogc.a(system.o)
                0x000000008001c46c                SYS_GetWirelessID
 .text.SYS_GetHollywoodRevision
                0x000000008001c50c       0x3c C:/devkitPro/libogc/lib/wii\libogc.a(system.o)
                0x000000008001c50c                SYS_GetHollywoodRevision
 .text.SYS_Time
                0x000000008001c548       0x78 C:/devkitPro/libogc/lib/wii\libogc.a(system.o)
                0x000000008001c548                SYS_Time
 .text.__SYS_SetBootTime
                0x000000008001c5c0       0x20 C:/devkitPro/libogc/lib/wii\libogc.a(system.o)
                0x000000008001c5c0                __SYS_SetBootTime
 .text.SYS_PreMain
                0x000000008001c5e0       0x58 C:/devkitPro/libogc/lib/wii\libogc.a(system.o)
                0x000000008001c5e0                SYS_PreMain
 .text.__lwp_cond_init
                0x000000008001c638       0x14 C:/devkitPro/libogc/lib/wii\libogc.a(cond.o)
                0x000000008001c638                __lwp_cond_init
 .text.__GX_InitRevBits
                0x000000008001c64c       0x9c C:/devkitPro/libogc/lib/wii\libogc.a(gx.o)
 .text.__GX_CleanGPFifo
                0x000000008001c6e8      0x19c C:/devkitPro/libogc/lib/wii\libogc.a(gx.o)
 .text.__GXTokenInterruptHandler
                0x000000008001c884       0x68 C:/devkitPro/libogc/lib/wii\libogc.a(gx.o)
 .text.__GXDefTexRegionCallback
                0x000000008001c8ec       0x78 C:/devkitPro/libogc/lib/wii\libogc.a(gx.o)
 .text.__GXDefTlutRegionCallback
                0x000000008001c964       0x18 C:/devkitPro/libogc/lib/wii\libogc.a(gx.o)
 .text.__SetSURegs
                0x000000008001c97c       0x90 C:/devkitPro/libogc/lib/wii\libogc.a(gx.o)
 .text.__GXCPInterruptHandler
                0x000000008001ca0c      0x17c C:/devkitPro/libogc/lib/wii\libogc.a(gx.o)
 .text.__GXFinishInterruptHandler
                0x000000008001cb88       0x58 C:/devkitPro/libogc/lib/wii\libogc.a(gx.o)
 .text.__GX_WaitAbort
                0x000000008001cbe0       0xa0 C:/devkitPro/libogc/lib/wii\libogc.a(gx.o)
 .text.__GX_Abort
                0x000000008001cc80      0x12c C:/devkitPro/libogc/lib/wii\libogc.a(gx.o)
 .text.__GX_CPGPLinkCheck
                0x000000008001cdac       0x54 C:/devkitPro/libogc/lib/wii\libogc.a(gx.o)
 .text.GX_InitFifoBase.part.3
                0x000000008001ce00       0x6c C:/devkitPro/libogc/lib/wii\libogc.a(gx.o)
 .text.GX_SetTexCoordGen2.part.7
                0x000000008001ce6c      0x2b8 C:/devkitPro/libogc/lib/wii\libogc.a(gx.o)
 .text.GX_SetTexCoordGen.part.8
                0x000000008001d124        0xc C:/devkitPro/libogc/lib/wii\libogc.a(gx.o)
 .text.GX_LoadTexMtxImm.part.9
                0x000000008001d130       0x3c C:/devkitPro/libogc/lib/wii\libogc.a(gx.o)
 .text.__GX_SetDirtyState
                0x000000008001d16c      0x608 C:/devkitPro/libogc/lib/wii\libogc.a(gx.o)
 .text.GX_SetCPUFifo
                0x000000008001d774      0x258 C:/devkitPro/libogc/lib/wii\libogc.a(gx.o)
                0x000000008001d774                GX_SetCPUFifo
 .text.GX_SetGPFifo
                0x000000008001d9cc      0x2fc C:/devkitPro/libogc/lib/wii\libogc.a(gx.o)
                0x000000008001d9cc                GX_SetGPFifo
 .text.GX_Flush
                0x000000008001dcc8       0x94 C:/devkitPro/libogc/lib/wii\libogc.a(gx.o)
                0x000000008001dcc8                GX_Flush
 .text.__gx_onreset
                0x000000008001dd5c       0x80 C:/devkitPro/libogc/lib/wii\libogc.a(gx.o)
 .text.GX_AbortFrame
                0x000000008001dddc       0x54 C:/devkitPro/libogc/lib/wii\libogc.a(gx.o)
                0x000000008001dddc                GX_AbortFrame
 .text.GX_DrawDone
                0x000000008001de30       0xc0 C:/devkitPro/libogc/lib/wii\libogc.a(gx.o)
                0x000000008001de30                GX_DrawDone
 .text.GX_SetViewport
                0x000000008001def0       0x78 C:/devkitPro/libogc/lib/wii\libogc.a(gx.o)
                0x000000008001def0                GX_SetViewport
 .text.GX_LoadProjectionMtx
                0x000000008001df68       0xf0 C:/devkitPro/libogc/lib/wii\libogc.a(gx.o)
                0x000000008001df68                GX_LoadProjectionMtx
 .text.GX_SetCopyClear
                0x000000008001e058       0x4c C:/devkitPro/libogc/lib/wii\libogc.a(gx.o)
                0x000000008001e058                GX_SetCopyClear
 .text.GX_SetDispCopyGamma
                0x000000008001e0a4       0x18 C:/devkitPro/libogc/lib/wii\libogc.a(gx.o)
                0x000000008001e0a4                GX_SetDispCopyGamma
 .text.GX_SetCopyFilter
                0x000000008001e0bc      0x240 C:/devkitPro/libogc/lib/wii\libogc.a(gx.o)
                0x000000008001e0bc                GX_SetCopyFilter
 .text.GX_SetDispCopyYScale
                0x000000008001e2fc      0x104 C:/devkitPro/libogc/lib/wii\libogc.a(gx.o)
                0x000000008001e2fc                GX_SetDispCopyYScale
 .text.GX_SetDispCopyDst
                0x000000008001e400       0x20 C:/devkitPro/libogc/lib/wii\libogc.a(gx.o)
                0x000000008001e400                GX_SetDispCopyDst
 .text.GX_SetDispCopySrc
                0x000000008001e420       0x38 C:/devkitPro/libogc/lib/wii\libogc.a(gx.o)
                0x000000008001e420                GX_SetDispCopySrc
 .text.GX_CopyDisp
                0x000000008001e458      0x12c C:/devkitPro/libogc/lib/wii\libogc.a(gx.o)
                0x000000008001e458                GX_CopyDisp
 .text.GX_SetVtxDesc
                0x000000008001e584      0x1f8 C:/devkitPro/libogc/lib/wii\libogc.a(gx.o)
                0x000000008001e584                GX_SetVtxDesc
 .text.GX_SetVtxAttrFmt
                0x000000008001e77c      0x54c C:/devkitPro/libogc/lib/wii\libogc.a(gx.o)
                0x000000008001e77c                GX_SetVtxAttrFmt
 .text.GX_Begin
                0x000000008001ecc8       0x74 C:/devkitPro/libogc/lib/wii\libogc.a(gx.o)
                0x000000008001ecc8                GX_Begin
 .text.GX_LoadPosMtxImm
                0x000000008001ed3c       0x50 C:/devkitPro/libogc/lib/wii\libogc.a(gx.o)
                0x000000008001ed3c                GX_LoadPosMtxImm
 .text.GX_SetNumTexGens
                0x000000008001ed8c       0x28 C:/devkitPro/libogc/lib/wii\libogc.a(gx.o)
                0x000000008001ed8c                GX_SetNumTexGens
 .text.GX_SetZMode
                0x000000008001edb4       0x38 C:/devkitPro/libogc/lib/wii\libogc.a(gx.o)
                0x000000008001edb4                GX_SetZMode
 .text.GX_InvalidateTexAll
                0x000000008001edec       0x50 C:/devkitPro/libogc/lib/wii\libogc.a(gx.o)
                0x000000008001edec                GX_InvalidateTexAll
 .text.GX_SetBlendMode
                0x000000008001ee3c       0xa8 C:/devkitPro/libogc/lib/wii\libogc.a(gx.o)
                0x000000008001ee3c                GX_SetBlendMode
 .text.GX_ClearVtxDesc
                0x000000008001eee4       0x38 C:/devkitPro/libogc/lib/wii\libogc.a(gx.o)
                0x000000008001eee4                GX_ClearVtxDesc
 .text.GX_SetTevColorOp
                0x000000008001ef1c       0x98 C:/devkitPro/libogc/lib/wii\libogc.a(gx.o)
                0x000000008001ef1c                GX_SetTevColorOp
 .text.GX_SetTevAlphaOp
                0x000000008001efb4       0x98 C:/devkitPro/libogc/lib/wii\libogc.a(gx.o)
                0x000000008001efb4                GX_SetTevAlphaOp
 .text.GX_SetTevOp
                0x000000008001f04c      0x248 C:/devkitPro/libogc/lib/wii\libogc.a(gx.o)
                0x000000008001f04c                GX_SetTevOp
 .text.GX_SetCullMode
                0x000000008001f294       0x2c C:/devkitPro/libogc/lib/wii\libogc.a(gx.o)
                0x000000008001f294                GX_SetCullMode
 .text.GX_SetScissor
                0x000000008001f2c0       0x78 C:/devkitPro/libogc/lib/wii\libogc.a(gx.o)
                0x000000008001f2c0                GX_SetScissor
 .text.GX_SetNumChans
                0x000000008001f338       0x28 C:/devkitPro/libogc/lib/wii\libogc.a(gx.o)
                0x000000008001f338                GX_SetNumChans
 .text.GX_SetTevOrder
                0x000000008001f360      0x190 C:/devkitPro/libogc/lib/wii\libogc.a(gx.o)
                0x000000008001f360                GX_SetTevOrder
 .text.GX_SetTevKColorSel
                0x000000008001f4f0       0x54 C:/devkitPro/libogc/lib/wii\libogc.a(gx.o)
                0x000000008001f4f0                GX_SetTevKColorSel
 .text.GX_SetTevKAlphaSel
                0x000000008001f544       0x54 C:/devkitPro/libogc/lib/wii\libogc.a(gx.o)
                0x000000008001f544                GX_SetTevKAlphaSel
 .text.GX_SetTevSwapModeTable
                0x000000008001f598       0x64 C:/devkitPro/libogc/lib/wii\libogc.a(gx.o)
                0x000000008001f598                GX_SetTevSwapModeTable
 .text.GX_SetFog
                0x000000008001f5fc      0x3f4 C:/devkitPro/libogc/lib/wii\libogc.a(gx.o)
                0x000000008001f5fc                GX_SetFog
 .text.GX_SetColorUpdate
                0x000000008001f9f0       0x30 C:/devkitPro/libogc/lib/wii\libogc.a(gx.o)
                0x000000008001f9f0                GX_SetColorUpdate
 .text.GX_SetPixelFmt
                0x000000008001fa20       0xe0 C:/devkitPro/libogc/lib/wii\libogc.a(gx.o)
                0x000000008001fa20                GX_SetPixelFmt
 .text.GX_SetFieldMode
                0x000000008001fb00       0x58 C:/devkitPro/libogc/lib/wii\libogc.a(gx.o)
                0x000000008001fb00                GX_SetFieldMode
 .text.GX_SetGPMetric
                0x000000008001fb58      0x808 C:/devkitPro/libogc/lib/wii\libogc.a(gx.o)
                0x000000008001fb58                GX_SetGPMetric
 .text.GX_Init  0x0000000080020360     0x1048 C:/devkitPro/libogc/lib/wii\libogc.a(gx.o)
                0x0000000080020360                GX_Init
 .text.GX_GetYScaleFactor
                0x00000000800213a8      0x2cc C:/devkitPro/libogc/lib/wii\libogc.a(gx.o)
                0x00000000800213a8                GX_GetYScaleFactor
 .text.guOrtho  0x0000000080021674       0x98 C:/devkitPro/libogc/lib/wii\libogc.a(gu.o)
                0x0000000080021674                guOrtho
 .text.guLookAt
                0x000000008002170c      0x13c C:/devkitPro/libogc/lib/wii\libogc.a(gu.o)
                0x000000008002170c                guLookAt
 .text.__decrementer_init
                0x0000000080021848        0x4 C:/devkitPro/libogc/lib/wii\libogc.a(decrementer.o)
                0x0000000080021848                __decrementer_init
 .text.c_decrementer_handler
                0x000000008002184c        0xc C:/devkitPro/libogc/lib/wii\libogc.a(decrementer.o)
                0x000000008002184c                c_decrementer_handler
 .text.__lwp_mqbox_init
                0x0000000080021858       0x14 C:/devkitPro/libogc/lib/wii\libogc.a(message.o)
                0x0000000080021858                __lwp_mqbox_init
 .text.__si_transfer
                0x000000008002186c      0x160 C:/devkitPro/libogc/lib/wii\libogc.a(si.o)
 .text.__si_alarmhandler
                0x00000000800219cc       0xe0 C:/devkitPro/libogc/lib/wii\libogc.a(si.o)
 .text.__si_completetransfer
                0x0000000080021aac      0x1d4 C:/devkitPro/libogc/lib/wii\libogc.a(si.o)
 .text.__si_transfernext
                0x0000000080021c80       0xe8 C:/devkitPro/libogc/lib/wii\libogc.a(si.o)
 .text.SI_Busy  0x0000000080021d68       0x18 C:/devkitPro/libogc/lib/wii\libogc.a(si.o)
                0x0000000080021d68                SI_Busy
 .text.SI_IsChanBusy
                0x0000000080021d80       0x38 C:/devkitPro/libogc/lib/wii\libogc.a(si.o)
                0x0000000080021d80                SI_IsChanBusy
 .text.SI_SetXY
                0x0000000080021db8       0x64 C:/devkitPro/libogc/lib/wii\libogc.a(si.o)
                0x0000000080021db8                SI_SetXY
 .text.SI_EnablePolling
                0x0000000080021e1c       0x84 C:/devkitPro/libogc/lib/wii\libogc.a(si.o)
                0x0000000080021e1c                SI_EnablePolling
 .text.SI_DisablePolling
                0x0000000080021ea0       0x58 C:/devkitPro/libogc/lib/wii\libogc.a(si.o)
                0x0000000080021ea0                SI_DisablePolling
 .text.SI_SetSamplingRate
                0x0000000080021ef8       0xe4 C:/devkitPro/libogc/lib/wii\libogc.a(si.o)
                0x0000000080021ef8                SI_SetSamplingRate
 .text.SI_RefreshSamplingRate
                0x0000000080021fdc        0x8 C:/devkitPro/libogc/lib/wii\libogc.a(si.o)
                0x0000000080021fdc                SI_RefreshSamplingRate
 .text.SI_GetStatus
                0x0000000080021fe4       0x78 C:/devkitPro/libogc/lib/wii\libogc.a(si.o)
                0x0000000080021fe4                SI_GetStatus
 .text.SI_GetResponseRaw
                0x000000008002205c       0x80 C:/devkitPro/libogc/lib/wii\libogc.a(si.o)
                0x000000008002205c                SI_GetResponseRaw
 .text.SI_GetResponse
                0x00000000800220dc       0xb8 C:/devkitPro/libogc/lib/wii\libogc.a(si.o)
                0x00000000800220dc                SI_GetResponse
 .text.SI_SetCommand
                0x0000000080022194       0x10 C:/devkitPro/libogc/lib/wii\libogc.a(si.o)
                0x0000000080022194                SI_SetCommand
 .text.SI_Transfer
                0x00000000800221a4      0x270 C:/devkitPro/libogc/lib/wii\libogc.a(si.o)
                0x00000000800221a4                SI_Transfer
 .text.__si_gettypecallback
                0x0000000080022414      0x2d4 C:/devkitPro/libogc/lib/wii\libogc.a(si.o)
 .text.__si_interrupthandler
                0x00000000800226e8      0x270 C:/devkitPro/libogc/lib/wii\libogc.a(si.o)
 .text.SI_GetType
                0x0000000080022958      0x1d8 C:/devkitPro/libogc/lib/wii\libogc.a(si.o)
                0x0000000080022958                SI_GetType
 .text.SI_GetTypeAsync
                0x0000000080022b30      0x138 C:/devkitPro/libogc/lib/wii\libogc.a(si.o)
                0x0000000080022b30                SI_GetTypeAsync
 .text.SI_EnablePollingInterrupt
                0x0000000080022c68       0xac C:/devkitPro/libogc/lib/wii\libogc.a(si.o)
                0x0000000080022c68                SI_EnablePollingInterrupt
 .text.SI_UnregisterPollingHandler
                0x0000000080022d14       0xdc C:/devkitPro/libogc/lib/wii\libogc.a(si.o)
                0x0000000080022d14                SI_UnregisterPollingHandler
 .text.__si_init
                0x0000000080022df0       0xf8 C:/devkitPro/libogc/lib/wii\libogc.a(si.o)
                0x0000000080022df0                __si_init
 .text.__ios_ioctlvformat_parse
                0x0000000080022ee8      0x820 C:/devkitPro/libogc/lib/wii\libogc.a(ipc.o)
 .text.__ioctlvfmtCB
                0x0000000080023708      0x15c C:/devkitPro/libogc/lib/wii\libogc.a(ipc.o)
 .text.__ipc_sendrequest.part.0
                0x0000000080023864       0xe4 C:/devkitPro/libogc/lib/wii\libogc.a(ipc.o)
 .text.__ipc_interrupthandler
                0x0000000080023948      0x354 C:/devkitPro/libogc/lib/wii\libogc.a(ipc.o)
 .text.__ipc_syncrequest
                0x0000000080023c9c       0xe8 C:/devkitPro/libogc/lib/wii\libogc.a(ipc.o)
 .text.__ipc_asyncrequest
                0x0000000080023d84      0x14c C:/devkitPro/libogc/lib/wii\libogc.a(ipc.o)
 .text.__IPC_Init.part.2
                0x0000000080023ed0       0x3c C:/devkitPro/libogc/lib/wii\libogc.a(ipc.o)
 .text.iosCreateHeap
                0x0000000080023f0c      0x130 C:/devkitPro/libogc/lib/wii\libogc.a(ipc.o)
                0x0000000080023f0c                iosCreateHeap
 .text.iosAlloc
                0x000000008002403c       0x30 C:/devkitPro/libogc/lib/wii\libogc.a(ipc.o)
                0x000000008002403c                iosAlloc
 .text.iosFree  0x000000008002406c       0x28 C:/devkitPro/libogc/lib/wii\libogc.a(ipc.o)
                0x000000008002406c                iosFree
 .text.__IPC_ClntInit
                0x0000000080024094       0xa4 C:/devkitPro/libogc/lib/wii\libogc.a(ipc.o)
                0x0000000080024094                __IPC_ClntInit
 .text.IOS_Open
                0x0000000080024138      0x110 C:/devkitPro/libogc/lib/wii\libogc.a(ipc.o)
                0x0000000080024138                IOS_Open
 .text.IOS_Close
                0x0000000080024248       0xf0 C:/devkitPro/libogc/lib/wii\libogc.a(ipc.o)
                0x0000000080024248                IOS_Close
 .text.IOS_CloseAsync
                0x0000000080024338       0xb4 C:/devkitPro/libogc/lib/wii\libogc.a(ipc.o)
                0x0000000080024338                IOS_CloseAsync
 .text.IOS_Read
                0x00000000800243ec      0x10c C:/devkitPro/libogc/lib/wii\libogc.a(ipc.o)
                0x00000000800243ec                IOS_Read
 .text.IOS_Write
                0x00000000800244f8      0x10c C:/devkitPro/libogc/lib/wii\libogc.a(ipc.o)
                0x00000000800244f8                IOS_Write
 .text.IOS_Ioctl
                0x0000000080024604      0x158 C:/devkitPro/libogc/lib/wii\libogc.a(ipc.o)
                0x0000000080024604                IOS_Ioctl
 .text.IOS_IoctlAsync
                0x000000008002475c      0x148 C:/devkitPro/libogc/lib/wii\libogc.a(ipc.o)
                0x000000008002475c                IOS_IoctlAsync
 .text.IOS_Ioctlv
                0x00000000800248a4      0x1ec C:/devkitPro/libogc/lib/wii\libogc.a(ipc.o)
                0x00000000800248a4                IOS_Ioctlv
 .text.IOS_IoctlvAsync
                0x0000000080024a90      0x1dc C:/devkitPro/libogc/lib/wii\libogc.a(ipc.o)
                0x0000000080024a90                IOS_IoctlvAsync
 .text.IOS_IoctlvFormat
                0x0000000080024c6c      0x170 C:/devkitPro/libogc/lib/wii\libogc.a(ipc.o)
                0x0000000080024c6c                IOS_IoctlvFormat
 .text.IOS_IoctlvReboot
                0x0000000080024ddc      0x1f0 C:/devkitPro/libogc/lib/wii\libogc.a(ipc.o)
                0x0000000080024ddc                IOS_IoctlvReboot
 .text.gettick  0x0000000080024fcc        0x8 C:/devkitPro/libogc/lib/wii\libogc.a(timesupp.o)
                0x0000000080024fcc                gettick
 .text.gettime  0x0000000080024fd4       0x18 C:/devkitPro/libogc/lib/wii\libogc.a(timesupp.o)
                0x0000000080024fd4                gettime
 .text.settime  0x0000000080024fec       0x14 C:/devkitPro/libogc/lib/wii\libogc.a(timesupp.o)
                0x0000000080024fec                settime
 .text.diff_usec
                0x0000000080025000       0x88 C:/devkitPro/libogc/lib/wii\libogc.a(timesupp.o)
                0x0000000080025000                diff_usec
 .text.__timesystem_init
                0x0000000080025088       0x1c C:/devkitPro/libogc/lib/wii\libogc.a(timesupp.o)
                0x0000000080025088                __timesystem_init
 .text.udelay   0x00000000800250a4       0xac C:/devkitPro/libogc/lib/wii\libogc.a(timesupp.o)
                0x00000000800250a4                udelay
 .text.__libogc_nanosleep
                0x0000000080025150      0x144 C:/devkitPro/libogc/lib/wii\libogc.a(timesupp.o)
                0x0000000080025150                __libogc_nanosleep
 .text.__libogc_gettod_r
                0x0000000080025294       0xd4 C:/devkitPro/libogc/lib/wii\libogc.a(timesupp.o)
                0x0000000080025294                __libogc_gettod_r
 .text.__libogc_lock_init
                0x0000000080025368       0x78 C:/devkitPro/libogc/lib/wii\libogc.a(lock_supp.o)
                0x0000000080025368                __libogc_lock_init
 .text.__libogc_lock_close