Archive member included to satisfy reference by file (symbol)

C:/devkitPro/libogc/lib/wii\libwiiuse.a(wpad.o)
                              zad5r.o (WPAD_Init)
C:/devkitPro/libogc/lib/wii\libwiiuse.a(motion_plus.o)
                              C:/devkitPro/libogc/lib/wii\libwiiuse.a(wpad.o) (wiiuse_set_motion_plus)
C:/devkitPro/libogc/lib/wii\libwiiuse.a(dynamics.o)
                              C:/devkitPro/libogc/lib/wii\libwiiuse.a(wpad.o) (calculate_gforce)
C:/devkitPro/libogc/lib/wii\libwiiuse.a(io.o)
                              C:/devkitPro/libogc/lib/wii\libwiiuse.a(motion_plus.o) (wiiuse_disable_expansion)
C:/devkitPro/libogc/lib/wii\libwiiuse.a(io_wii.o)
                              C:/devkitPro/libogc/lib/wii\libwiiuse.a(wpad.o) (__wiiuse_sensorbar_enable)
C:/devkitPro/libogc/lib/wii\libwiiuse.a(ir.o)
                              C:/devkitPro/libogc/lib/wii\libwiiuse.a(motion_plus.o) (wiiuse_set_ir_mode)
C:/devkitPro/libogc/lib/wii\libwiiuse.a(nunchuk.o)
                              C:/devkitPro/libogc/lib/wii\libwiiuse.a(io.o) (nunchuk_handshake)
C:/devkitPro/libogc/lib/wii\libwiiuse.a(wiiboard.o)
                              C:/devkitPro/libogc/lib/wii\libwiiuse.a(io.o) (wii_board_handshake)
C:/devkitPro/libogc/lib/wii\libwiiuse.a(wiiuse.o)
                              C:/devkitPro/libogc/lib/wii\libwiiuse.a(wpad.o) (wiiuse_init)
C:/devkitPro/libogc/lib/wii\libwiiuse.a(speaker.o)
                              C:/devkitPro/libogc/lib/wii\libwiiuse.a(wpad.o) (wencdata)
C:/devkitPro/libogc/lib/wii\libwiiuse.a(classic.o)
                              C:/devkitPro/libogc/lib/wii\libwiiuse.a(io.o) (classic_ctrl_handshake)
C:/devkitPro/libogc/lib/wii\libwiiuse.a(events.o)
                              C:/devkitPro/libogc/lib/wii\libwiiuse.a(io_wii.o) (parse_event)
C:/devkitPro/libogc/lib/wii\libwiiuse.a(guitar_hero_3.o)
                              C:/devkitPro/libogc/lib/wii\libwiiuse.a(io.o) (guitar_hero_3_handshake)
C:/devkitPro/libogc/lib/wii\libbte.a(bte.o)
                              C:/devkitPro/libogc/lib/wii\libwiiuse.a(wpad.o) (BTE_Init)
C:/devkitPro/libogc/lib/wii\libbte.a(hci.o)
                              C:/devkitPro/libogc/lib/wii\libbte.a(bte.o) (hci_init)
C:/devkitPro/libogc/lib/wii\libbte.a(l2cap.o)
                              C:/devkitPro/libogc/lib/wii\libbte.a(bte.o) (l2cap_init)
C:/devkitPro/libogc/lib/wii\libbte.a(btmemb.o)
                              C:/devkitPro/libogc/lib/wii\libbte.a(bte.o) (btmemb_init)
C:/devkitPro/libogc/lib/wii\libbte.a(btmemr.o)
                              C:/devkitPro/libogc/lib/wii\libbte.a(hci.o) (btmemr_init)
C:/devkitPro/libogc/lib/wii\libbte.a(btpbuf.o)
                              C:/devkitPro/libogc/lib/wii\libbte.a(hci.o) (btpbuf_init)
C:/devkitPro/libogc/lib/wii\libbte.a(physbusif.o)
                              C:/devkitPro/libogc/lib/wii\libbte.a(bte.o) (physbusif_init)
C:/devkitPro/libogc/lib/wii\libogc.a(lwp_queue.o)
                              C:/devkitPro/libogc/lib/wii\libwiiuse.a(io_wii.o) (__lwp_queue_initialize)
C:/devkitPro/libogc/lib/wii\libogc.a(lwp_threads.o)
                              C:/devkitPro/libogc/lib/wii\libwiiuse.a(wpad.o) (_thread_dispatch_disable_level)
C:/devkitPro/libogc/lib/wii\libogc.a(lwp.o)
                              C:/devkitPro/libogc/lib/wii\libbte.a(bte.o) (LWP_InitQueue)
C:/devkitPro/libogc/lib/wii\libogc.a(lwp_handler.o)
                              C:/devkitPro/libogc/lib/wii\libogc.a(lwp_threads.o) (_cpu_context_save_fp)
C:/devkitPro/libogc/lib/wii\libogc.a(lwp_stack.o)
                              C:/devkitPro/libogc/lib/wii\libogc.a(lwp_threads.o) (__lwp_stack_allocate)
C:/devkitPro/libogc/lib/wii\libogc.a(lwp_watchdog.o)
                              C:/devkitPro/libogc/lib/wii\libogc.a(lwp_threads.o) (_wd_ticks_queue)
C:/devkitPro/libogc/lib/wii\libogc.a(lwp_wkspace.o)
                              C:/devkitPro/libogc/lib/wii\libwiiuse.a(motion_plus.o) (__wkspace_heap)
C:/devkitPro/libogc/lib/wii\libogc.a(lwp_objmgr.o)
                              C:/devkitPro/libogc/lib/wii\libogc.a(lwp.o) (__lwp_objmgr_initinfo)
C:/devkitPro/libogc/lib/wii\libogc.a(lwp_heap.o)
                              C:/devkitPro/libogc/lib/wii\libogc.a(lwp_wkspace.o) (__lwp_heap_init)
C:/devkitPro/libogc/lib/wii\libogc.a(sys_state.o)
                              C:/devkitPro/libogc/lib/wii\libogc.a(lwp_threads.o) (_sys_state_curr)
C:/devkitPro/libogc/lib/wii\libogc.a(irq.o)
                              C:/devkitPro/libogc/lib/wii\libwiiuse.a(io_wii.o) (IRQ_Disable)
C:/devkitPro/libogc/lib/wii\libogc.a(video.o)
                              zad5r.o (VIDEO_Configure)
C:/devkitPro/libogc/lib/wii\libogc.a(system.o)
                              C:/devkitPro/libogc/lib/wii\libwiiuse.a(wpad.o) (__SYS_DoPowerCB)
C:/devkitPro/libogc/lib/wii\libogc.a(system_asm.o)
                              C:/devkitPro/libogc/lib/wii\libbte.a(bte.o) (SYS_SwitchFiber)
C:/devkitPro/libogc/lib/wii\libogc.a(cond.o)
[...]
Memory Configuration

Name             Origin             Length             Attributes
*default*        0x0000000000000000 0xffffffffffffffff

Linker script and memory map

                0x0000000000003400                . = 0x3400

.stub
 *(.stub)
                0x0000000080004000                . = 0x80004000

.init           0x0000000080004000      0x194
 *crt0.o(*.init)
 .init          0x0000000080004000      0x170 C:/devkitPro/libogc/lib/wii\libogc.a(ogc_crt0.o)
                0x0000000080004000                _start
                0x0000000080004140                _memset
 *(.init)
 .init          0x0000000080004170        0xc c:/devkitpro/devkitppc/bin/../lib/gcc/powerpc-eabi/8.3.0/ecrti.o
                0x0000000080004170                __init
 .init          0x000000008000417c        0x4 c:/devkitpro/devkitppc/bin/../lib/gcc/powerpc-eabi/8.3.0/crtbegin.o
 .init          0x0000000080004180        0x4 c:/devkitpro/devkitppc/bin/../lib/gcc/powerpc-eabi/8.3.0/crtend.o
 .init          0x0000000080004184       0x10 c:/devkitpro/devkitppc/bin/../lib/gcc/powerpc-eabi/8.3.0/ecrtn.o

.rela.dyn       0x0000000080004194        0x0
 .rela.iplt     0x0000000080004194        0x0 C:/devkitPro/libogc/lib/wii\libbte.a(l2cap.o)

.plt
 *(.plt)

.interp
 *(.interp)

.hash
 *(.hash)

.dynsym
 *(.dynsym)

.dynstr
 *(.dynstr)

.gnu.version
 *(.gnu.version)

.gnu.version_d
 *(.gnu.version_d)

.gnu.version_r
 *(.gnu.version_r)

.rel.init
 *(.rel.init)

.rela.init      0x0000000080004194        0x0
 *(.rela.init)
 .rela.init     0x0000000080004194        0x0 C:/devkitPro/libogc/lib/wii\libbte.a(l2cap.o)

.rel.text
 *(.rel.text .rel.text.* .rel.gnu.linkonce.t.*)

.rela.text      0x0000000080004194        0x0
 *(.rela.text .rela.text.* .rela.gnu.linkonce.t.*)
 .rela.text.deregister_tm_clones
                0x0000000080004194        0x0 C:/devkitPro/libogc/lib/wii\libbte.a(l2cap.o)
 .rela.text.register_tm_clones
                0x0000000080004194        0x0 C:/devkitPro/libogc/lib/wii\libbte.a(l2cap.o)
 .rela.text.__do_global_dtors_aux
                0x0000000080004194        0x0 C:/devkitPro/libogc/lib/wii\libbte.a(l2cap.o)
 .rela.text.frame_dummy
                0x0000000080004194        0x0 C:/devkitPro/libogc/lib/wii\libbte.a(l2cap.o)
 .rela.text.startup.main
                0x0000000080004194        0x0 C:/devkitPro/libogc/lib/wii\libbte.a(l2cap.o)
 .rela.text.wiiuse_handshake
                0x0000000080004194        0x0 C:/devkitPro/libogc/lib/wii\libbte.a(l2cap.o)
 .rela.text.wiiuse_handshake_expansion
                0x0000000080004194        0x0 C:/devkitPro/libogc/lib/wii\libbte.a(l2cap.o)
 .rela.text.wiiuse_init_cmd_queue
                0x0000000080004194        0x0 C:/devkitPro/libogc/lib/wii\libbte.a(l2cap.o)
 .rela.text.wiiuse_init
                0x0000000080004194        0x0 C:/devkitPro/libogc/lib/wii\libbte.a(l2cap.o)
 .rela.text.__lwp_thread_tickle_timeslice
                0x0000000080004194        0x0 C:/devkitPro/libogc/lib/wii\libbte.a(l2cap.o)
 .rela.text.__lwp_thread_setstate
                0x0000000080004194        0x0 C:/devkitPro/libogc/lib/wii\libbte.a(l2cap.o)
 .rela.text.__lwp_thread_suspend
                0x0000000080004194        0x0 C:/devkitPro/libogc/lib/wii\libbte.a(l2cap.o)
 .rela.text.__lwp_thread_changepriority
                0x0000000080004194        0x0 C:/devkitPro/libogc/lib/wii\libbte.a(l2cap.o)
 .rela.text.__lwp_thread_ready
                0x0000000080004194        0x0 C:/devkitPro/libogc/lib/wii\libbte.a(l2cap.o)
 .rela.text.__lwp_thread_init
                0x0000000080004194        0x0 C:/devkitPro/libogc/lib/wii\libbte.a(l2cap.o)
 .rela.text.__lwp_thread_close
                0x0000000080004194        0x0 C:/devkitPro/libogc/lib/wii\libbte.a(l2cap.o)
 .rela.text.__lwp_thread_closeall
                0x0000000080004194        0x0 C:/devkitPro/libogc/lib/wii\libbte.a(l2cap.o)
 .rela.text.__lwp_thread_startmultitasking
                0x0000000080004194        0x0 C:/devkitPro/libogc/lib/wii\libbte.a(l2cap.o)
 .rela.text.__lwp_thread_stopmultitasking
                0x0000000080004194        0x0 C:/devkitPro/libogc/lib/wii\libbte.a(l2cap.o)
 .rela.text.__lwp_thread_coreinit
                0x0000000080004194        0x0 C:/devkitPro/libogc/lib/wii\libbte.a(l2cap.o)
 .rela.text.__lwp_sysinit
                0x0000000080004194        0x0 C:/devkitPro/libogc/lib/wii\libbte.a(l2cap.o)
 .rela.text.LWP_SuspendThread
                0x0000000080004194        0x0 C:/devkitPro/libogc/lib/wii\libbte.a(l2cap.o)
 .rela.text.LWP_ResumeThread
                0x0000000080004194        0x0 C:/devkitPro/libogc/lib/wii\libbte.a(l2cap.o)
 .rela.text.LWP_InitQueue
                0x0000000080004194        0x0 C:/devkitPro/libogc/lib/wii\libbte.a(l2cap.o)
 .rela.text.LWP_CloseQueue
                0x0000000080004194        0x0 C:/devkitPro/libogc/lib/wii\libbte.a(l2cap.o)
 .rela.text.LWP_ThreadSleep
                0x0000000080004194        0x0 C:/devkitPro/libogc/lib/wii\libbte.a(l2cap.o)
 .rela.text.LWP_ThreadBroadcast
                0x0000000080004194        0x0 C:/devkitPro/libogc/lib/wii\libbte.a(l2cap.o)
 .rela.text.LWP_ThreadSignal
                0x0000000080004194        0x0 C:/devkitPro/libogc/lib/wii\libbte.a(l2cap.o)
 .rela.text.__lwp_stack_allocate
                0x0000000080004194        0x0 C:/devkitPro/libogc/lib/wii\libbte.a(l2cap.o)
 .rela.text.__lwp_stack_free
                0x0000000080004194        0x0 C:/devkitPro/libogc/lib/wii\libbte.a(l2cap.o)
 .rela.text.__lwp_watchdog_init
                0x0000000080004194        0x0 C:/devkitPro/libogc/lib/wii\libbte.a(l2cap.o)
 .rela.text.__lwp_wd_tickle
                0x0000000080004194        0x0 C:/devkitPro/libogc/lib/wii\libbte.a(l2cap.o)
 .rela.text.__lwp_wkspace_init
                0x0000000080004194        0x0 C:/devkitPro/libogc/lib/wii\libbte.a(l2cap.o)
 .rela.text.__lwp_objmgr_initinfo
                0x0000000080004194        0x0 C:/devkitPro/libogc/lib/wii\libbte.a(l2cap.o)
 .rela.text.__irq_init
                0x0000000080004194        0x0 C:/devkitPro/libogc/lib/wii\libbte.a(l2cap.o)
 .rela.text.__call_resetfuncs
                0x0000000080004194        0x0 C:/devkitPro/libogc/lib/wii\libbte.a(l2cap.o)
 .rela.text.__unlocksram
                0x0000000080004194        0x0 C:/devkitPro/libogc/lib/wii\libbte.a(l2cap.o)
 .rela.text.__sram_writecallback
                0x0000000080004194        0x0 C:/devkitPro/libogc/lib/wii\libbte.a(l2cap.o)
 .rela.text.__sys_alarmhandler
                0x0000000080004194        0x0 C:/devkitPro/libogc/lib/wii\libbte.a(l2cap.o)
 .rela.text.__sram_read.constprop.11
                0x0000000080004194        0x0 C:/devkitPro/libogc/lib/wii\libbte.a(l2cap.o)
 .rela.text.SYS_Init
                0x0000000080004194        0x0 C:/devkitPro/libogc/lib/wii\libbte.a(l2cap.o)
 .rela.text.SYS_SetAlarm
                0x0000000080004194        0x0 C:/devkitPro/libogc/lib/wii\libbte.a(l2cap.o)
 .rela.text.SYS_SetPeriodicAlarm
                0x0000000080004194        0x0 C:/devkitPro/libogc/lib/wii\libbte.a(l2cap.o)
 .rela.text.SYS_RemoveAlarm
                0x0000000080004194        0x0 C:/devkitPro/libogc/lib/wii\libbte.a(l2cap.o)
 .rela.text.SYS_CancelAlarm
                0x0000000080004194        0x0 C:/devkitPro/libogc/lib/wii\libbte.a(l2cap.o)
 .rela.text.SYS_SetWirelessID
                0x0000000080004194        0x0 C:/devkitPro/libogc/lib/wii\libbte.a(l2cap.o)
 .rela.text.SYS_GetWirelessID
                0x0000000080004194        0x0 C:/devkitPro/libogc/lib/wii\libbte.a(l2cap.o)
 .rela.text.__lwp_cond_init
                0x0000000080004194        0x0 C:/devkitPro/libogc/lib/wii\libbte.a(l2cap.o)
 .rela.text.__GX_InitRevBits
                0x0000000080004194        0x0 C:/devkitPro/libogc/lib/wii\libbte.a(l2cap.o)
 .rela.text.__GX_CleanGPFifo
                0x0000000080004194        0x0 C:/devkitPro/libogc/lib/wii\libbte.a(l2cap.o)
 .rela.text.__GXDefTexRegionCallback
                0x0000000080004194        0x0 C:/devkitPro/libogc/lib/wii\libbte.a(l2cap.o)
 .rela.text.__GXDefTlutRegionCallback
                0x0000000080004194        0x0 C:/devkitPro/libogc/lib/wii\libbte.a(l2cap.o)
 .rela.text.__SetSURegs
                0x0000000080004194        0x0 C:/devkitPro/libogc/lib/wii\libbte.a(l2cap.o)
 .rela.text.__GXCPInterruptHandler
                0x0000000080004194        0x0 C:/devkitPro/libogc/lib/wii\libbte.a(l2cap.o)
 .rela.text.__GX_Abort
                0x0000000080004194        0x0 C:/devkitPro/libogc/lib/wii\libbte.a(l2cap.o)
 .rela.text.GX_SetTexCoordGen2.part.7
                0x0000000080004194        0x0 C:/devkitPro/libogc/lib/wii\libbte.a(l2cap.o)
 .rela.text.__GX_SetDirtyState
                0x0000000080004194        0x0 C:/devkitPro/libogc/lib/wii\libbte.a(l2cap.o)
 .rela.text.GX_SetCPUFifo
                0x0000000080004194        0x0 C:/devkitPro/libogc/lib/wii\libbte.a(l2cap.o)
 .rela.text.GX_SetGPFifo
                0x0000000080004194        0x0 C:/devkitPro/libogc/lib/wii\libbte.a(l2cap.o)
 .rela.text.GX_Flush
                0x0000000080004194        0x0 C:/devkitPro/libogc/lib/wii\libbte.a(l2cap.o)
 .rela.text.__gx_onreset
                0x0000000080004194        0x0 C:/devkitPro/libogc/lib/wii\libbte.a(l2cap.o)
 .rela.text.GX_AbortFrame
                0x0000000080004194        0x0 C:/devkitPro/libogc/lib/wii\libbte.a(l2cap.o)
 .rela.text.GX_SetDispCopyGamma
                0x0000000080004194        0x0 C:/devkitPro/libogc/lib/wii\libbte.a(l2cap.o)
 .rela.text.GX_SetDispCopyYScale
                0x0000000080004194        0x0 C:/devkitPro/libogc/lib/wii\libbte.a(l2cap.o)
 .rela.text.GX_SetDispCopyDst
                0x0000000080004194        0x0 C:/devkitPro/libogc/lib/wii\libbte.a(l2cap.o)
 .rela.text.GX_SetDispCopySrc
                0x0000000080004194        0x0 C:/devkitPro/libogc/lib/wii\libbte.a(l2cap.o)
 .rela.text.GX_CopyDisp
                0x0000000080004194        0x0 C:/devkitPro/libogc/lib/wii\libbte.a(l2cap.o)
 .rela.text.GX_SetVtxDesc
                0x0000000080004194        0x0 C:/devkitPro/libogc/lib/wii\libbte.a(l2cap.o)
 .rela.text.GX_SetVtxAttrFmt
                0x0000000080004194        0x0 C:/devkitPro/libogc/lib/wii\libbte.a(l2cap.o)
 .rela.text.GX_Begin
                0x0000000080004194        0x0 C:/devkitPro/libogc/lib/wii\libbte.a(l2cap.o)
 .rela.text.GX_SetNumTexGens
                0x0000000080004194        0x0 C:/devkitPro/libogc/lib/wii\libbte.a(l2cap.o)
 .rela.text.GX_SetZMode
                0x0000000080004194        0x0 C:/devkitPro/libogc/lib/wii\libbte.a(l2cap.o)
 .rela.text.GX_LoadTexObjPreloaded
                0x0000000080004194        0x0 C:/devkitPro/libogc/lib/wii\libbte.a(l2cap.o)
 .rela.text.GX_InvalidateTexAll
                0x0000000080004194        0x0 C:/devkitPro/libogc/lib/wii\libbte.a(l2cap.o)
 .rela.text.GX_SetBlendMode
                0x0000000080004194        0x0 C:/devkitPro/libogc/lib/wii\libbte.a(l2cap.o)
 .rela.text.GX_ClearVtxDesc
                0x0000000080004194        0x0 C:/devkitPro/libogc/lib/wii\libbte.a(l2cap.o)
 .rela.text.GX_SetTevColorOp
                0x0000000080004194        0x0 C:/devkitPro/libogc/lib/wii\libbte.a(l2cap.o)
 .rela.text.GX_SetTevAlphaOp
                0x0000000080004194        0x0 C:/devkitPro/libogc/lib/wii\libbte.a(l2cap.o)
 .rela.text.GX_SetTevOp
                0x0000000080004194        0x0 C:/devkitPro/libogc/lib/wii\libbte.a(l2cap.o)
 .rela.text.GX_SetCullMode
                0x0000000080004194        0x0 C:/devkitPro/libogc/lib/wii\libbte.a(l2cap.o)
 .rela.text.GX_SetScissor
                0x0000000080004194        0x0 C:/devkitPro/libogc/lib/wii\libbte.a(l2cap.o)
 .rela.text.GX_SetNumChans
                0x0000000080004194        0x0 C:/devkitPro/libogc/lib/wii\libbte.a(l2cap.o)
 .rela.text.GX_SetTevOrder
                0x0000000080004194        0x0 C:/devkitPro/libogc/lib/wii\libbte.a(l2cap.o)
 .rela.text.GX_SetTevKColorSel
                0x0000000080004194        0x0 C:/devkitPro/libogc/lib/wii\libbte.a(l2cap.o)
 .rela.text.GX_SetTevKAlphaSel
                0x0000000080004194        0x0 C:/devkitPro/libogc/lib/wii\libbte.a(l2cap.o)
 .rela.text.GX_SetTevSwapModeTable
                0x0000000080004194        0x0 C:/devkitPro/libogc/lib/wii\libbte.a(l2cap.o)
 .rela.text.GX_SetColorUpdate
                0x0000000080004194        0x0 C:/devkitPro/libogc/lib/wii\libbte.a(l2cap.o)
 .rela.text.GX_SetAlphaUpdate
                0x0000000080004194        0x0 C:/devkitPro/libogc/lib/wii\libbte.a(l2cap.o)
 .rela.text.GX_SetPixelFmt
                0x0000000080004194        0x0 C:/devkitPro/libogc/lib/wii\libbte.a(l2cap.o)
 .rela.text.GX_SetFieldMode
                0x0000000080004194        0x0 C:/devkitPro/libogc/lib/wii\libbte.a(l2cap.o)
 .rela.text.GX_SetGPMetric
                0x0000000080004194        0x0 C:/devkitPro/libogc/lib/wii\libbte.a(l2cap.o)
 .rela.text.GX_Init
                0x0000000080004194        0x0 C:/devkitPro/libogc/lib/wii\libbte.a(l2cap.o)
 .rela.text.c_decrementer_handler
                0x0000000080004194        0x0 C:/devkitPro/libogc/lib/wii\libbte.a(l2cap.o)
 .rela.text.__lwp_mqbox_init
                0x0000000080004194        0x0 C:/devkitPro/libogc/lib/wii\libbte.a(l2cap.o)
 .rela.text.__ios_ioctlvformat_parse
                0x0000000080004194        0x0 C:/devkitPro/libogc/lib/wii\libbte.a(l2cap.o)
 .rela.text.__ioctlvfmtCB
                0x0000000080004194        0x0 C:/devkitPro/libogc/lib/wii\libbte.a(l2cap.o)
 .rela.text.IOS_IoctlvFormat
                0x0000000080004194        0x0 C:/devkitPro/libogc/lib/wii\libbte.a(l2cap.o)
 .rela.text.__libogc_nanosleep
                0x0000000080004194        0x0 C:/devkitPro/libogc/lib/wii\libbte.a(l2cap.o)
 .rela.text.__libc_delete_hook
                0x0000000080004194        0x0 C:/devkitPro/libogc/lib/wii\libbte.a(l2cap.o)
 .rela.text.__libc_init
                0x0000000080004194        0x0 C:/devkitPro/libogc/lib/wii\libbte.a(l2cap.o)
 .rela.text.__CheckARGV
                0x0000000080004194        0x0 C:/devkitPro/libogc/lib/wii\libbte.a(l2cap.o)
 .rela.text.__lwp_priority_init
                0x0000000080004194        0x0 C:/devkitPro/libogc/lib/wii\libbte.a(l2cap.o)
 .rela.text.__lwp_threadqueue_enqueuefifo
                0x0000000080004194        0x0 C:/devkitPro/libogc/lib/wii\libbte.a(l2cap.o)
 .rela.text.__lwp_threadqueue_dequeuefifo
                0x0000000080004194        0x0 C:/devkitPro/libogc/lib/wii\libbte.a(l2cap.o)
 .rela.text.__lwp_threadqueue_enqueuepriority
                0x0000000080004194        0x0 C:/devkitPro/libogc/lib/wii\libbte.a(l2cap.o)
 .rela.text.__lwp_threadqueue_dequeuepriority
                0x0000000080004194        0x0 C:/devkitPro/libogc/lib/wii\libbte.a(l2cap.o)
 .rela.text.__lwp_threadqueue_enqueue
                0x0000000080004194        0x0 C:/devkitPro/libogc/lib/wii\libbte.a(l2cap.o)
 .rela.text.__lwp_threadqueue_extractfifo
                0x0000000080004194        0x0 C:/devkitPro/libogc/lib/wii\libbte.a(l2cap.o)
 .rela.text.__lwp_threadqueue_extractpriority
                0x0000000080004194        0x0 C:/devkitPro/libogc/lib/wii\libbte.a(l2cap.o)
 .rela.text.__exception_init
                0x0000000080004194        0x0 C:/devkitPro/libogc/lib/wii\libbte.a(l2cap.o)
 .rela.text.__exception_close
                0x0000000080004194        0x0 C:/devkitPro/libogc/lib/wii\libbte.a(l2cap.o)
 .rela.text     0x0000000080004194        0x0 C:/devkitPro/libogc/lib/wii\libbte.a(l2cap.o)
 .rela.text.__lwp_sema_init
                0x0000000080004194        0x0 C:/devkitPro/libogc/lib/wii\libbte.a(l2cap.o)
 .rela.text.__lwp_mutex_locksupp.constprop.8
                0x0000000080004194        0x0 C:/devkitPro/libogc/lib/wii\libbte.a(l2cap.o)
 .rela.text.__lwp_mutex_init
                0x0000000080004194        0x0 C:/devkitPro/libogc/lib/wii\libbte.a(l2cap.o)
 .rela.text.LWP_MutexInit
                0x0000000080004194        0x0 C:/devkitPro/libogc/lib/wii\libbte.a(l2cap.o)
 .rela.text.LWP_MutexDestroy
                0x0000000080004194        0x0 C:/devkitPro/libogc/lib/wii\libbte.a(l2cap.o)
 .rela.text.LWP_MutexUnlock
                0x0000000080004194        0x0 C:/devkitPro/libogc/lib/wii\libbte.a(l2cap.o)
 .rela.text.kprintf
                0x0000000080004194        0x0 C:/devkitPro/libogc/lib/wii\libbte.a(l2cap.o)

.rel.fini
 *(.rel.fini)

.rela.fini
 *(.rela.fini)

.rel.rodata
 *(.rel.rodata .rel.rodata.* .rel.gnu.linkonce.r.*)

.rela.rodata
 *(.rela.rodata .rela.rodata.* .rela.gnu.linkonce.r.*)

.rel.data
 *(.rel.data .rel.data.* .rel.gnu.linkonce.d.*)

.rela.data
 *(.rela.data .rela.data.* .rela.gnu.linkonce.d.*)

.rel.tdata
 *(.rel.tdata .rel.tdata.* .rel.gnu.linkonce.td.*)

.rela.tdata
 *(.rela.tdata .rela.tdata.* .rela.gnu.linkonce.td.*)

.rel.tbss
 *(.rel.tbss .rel.tbss.* .rel.gnu.linkonce.tb.*)

.rela.tbss
 *(.rela.tbss .rela.tbss.* .rela.gnu.linkonce.tb.*)

.rel.ctors
 *(.rel.ctors)

.rela.ctors
 *(.rela.ctors)

.rel.dtors
 *(.rel.dtors)

.rela.dtors
 *(.rela.dtors)

.rel.got
 *(.rel.got)

.rela.got
 *(.rela.got)

.rela.got1
 *(.rela.got1)

.rela.got2
 *(.rela.got2)

.rel.sdata
 *(.rel.sdata .rel.sdata.* .rel.gnu.linkonce.s.*)

.rela.sdata
 *(.rela.sdata .rela.sdata.* .rela.gnu.linkonce.s.*)

.rel.sbss
 *(.rel.sbss .rel.sbss.* .rel.gnu.linkonce.sb.*)

.rela.sbss
 *(.rela.sbss .rela.sbss.* .rel.gnu.linkonce.sb.*)

.rel.sdata2
 *(.rel.sdata2 .rel.sdata2.* .rel.gnu.linkonce.s2.*)

.rela.sdata2    0x0000000080004194        0x0
 *(.rela.sdata2 .rela.sdata2.* .rela.gnu.linkonce.s2.*)
 .rela.sdata2.__sys_inIPL
                0x0000000080004194        0x0 C:/devkitPro/libogc/lib/wii\libbte.a(l2cap.o)

.rel.sbss2
 *(.rel.sbss2 .rel.sbss2.* .rel.gnu.linkonce.sb2.*)

.rela.sbss2
 *(.rela.sbss2 .rela.sbss2.* .rela.gnu.linkonce.sb2.*)

.rel.bss
 *(.rel.bss .rel.bss.* .rel.gnu.linkonce.b.*)

.rela.bss
 *(.rela.bss .rela.bss.* .rela.gnu.linkonce.b.*)

.rel.plt
 *(.rel.plt)

.rela.plt
 *(.rela.plt)

.text           0x00000000800041a0    0x3e5e0
 *(.text)
 .text          0x00000000800041a0      0x44c C:/devkitPro/libogc/lib/wii\libogc.a(lwp_handler.o)
                0x00000000800041a0                _cpu_context_save_fp
                0x00000000800042e0                _cpu_context_restore_fp
                0x0000000080004420                _cpu_context_switch
                0x0000000080004500                _cpu_context_save
                0x0000000080004580                _cpu_context_restore
 .text          0x00000000800045ec      0x4a0 C:/devkitPro/libogc/lib/wii\libogc.a(system_asm.o)
                0x00000000800045ec                __realmode
                0x0000000080004604                __configBATS
                0x0000000080004734                __InitFPRS
                0x0000000080004860                __InitPS
                0x00000000800048bc                __InitCache
                0x0000000080004914                __InitSystem
                0x000000008000499c                __flush_cache
                0x00000000800049d0                __reset
                0x0000000080004a40                __InitBATS
                0x0000000080004a5c                SYS_SwitchFiber
 .text          0x0000000080004a8c      0x8dc C:/devkitPro/libogc/lib/wii\libogc.a(gu_psasm.o)
                0x0000000080004a8c                ps_guMtxConcat
                0x0000000080004b50                ps_guMtxIdentity
                0x0000000080004b7c                ps_guMtxCopy
                0x0000000080004bb0                ps_guMtxTranspose
                0x0000000080004c00                ps_guMtxInverse
                0x0000000080004cf8                ps_guMtxInvXpose
                0x0000000080004dc0                ps_guMtxScale
                0x0000000080004de8                ps_guMtxScaleApply
                0x0000000080004e40                ps_guMtxApplyScale
                0x0000000080004ea4                ps_guMtxTrans
                0x0000000080004ed8                ps_guMtxTransApply
                0x0000000080004f24                ps_guMtxApplyTrans
                0x0000000080004fa0                ps_guMtxRotTrig
                0x0000000080005050                __ps_guMtxRotAxisRadInternal
                0x0000000080005110                ps_guMtxReflect
                0x0000000080005180                ps_guVecAdd
                0x00000000800051a4                ps_guVecSub
                0x00000000800051c8                ps_guVecScale
                0x00000000800051e4                ps_guVecNormalize
                0x0000000080005228                ps_guVecCross
                0x0000000080005264                ps_guVecDotProduct
                0x0000000080005284                ps_guVecMultiply
                0x00000000800052d8                ps_guVecMultiplySR
                0x0000000080005348                ps_guQuatDotProduct
 .text          0x0000000080005368      0x1ac C:/devkitPro/libogc/lib/wii\libogc.a(irq_handler.o)
                0x0000000080005368                irq_exceptionhandler
 .text          0x0000000080005514      0x4f4 C:/devkitPro/libogc/lib/wii\libogc.a(cache_asm.o)
                0x0000000080005514                DCFlashInvalidate
                0x0000000080005528                DCEnable
                0x000000008000553c                DCDisable
                0x0000000080005550                DCFreeze
                0x0000000080005564                DCUnfreeze
                0x0000000080005578                DCTouchLoad
                0x0000000080005580                DCBlockZero
                0x0000000080005588                DCBlockStore
                0x0000000080005590                DCBlockFlush
                0x0000000080005598                DCBlockInvalidate
                0x00000000800055a0                DCInvalidateRange
                0x00000000800055d0                DCFlushRange
                0x0000000080005604                DCStoreRange
                0x0000000080005638                DCFlushRangeNoSync
                0x0000000080005668                DCStoreRangeNoSync
                0x0000000080005698                DCZeroRange
                0x00000000800056c8                DCTouchRange
                0x00000000800056f8                ICInvalidateRange
                0x0000000080005730                ICFlashInvalidate
                0x0000000080005744                ICEnable
                0x0000000080005758                ICDisable
                0x000000008000576c                ICFreeze
                0x0000000080005780                ICUnfreeze
                0x0000000080005794                ICBlockInvalidate
                0x000000008000579c                ICSync
                0x00000000800057a4                L2Init
                0x00000000800057ec                L2Enable
                0x0000000080005808                L2Disable
                0x0000000080005820                L2GlobalInvalidate
                0x0000000080005878                __LCEnable
                0x0000000080005944                LCDisable
                0x000000008000596c                LCAllocOneTag
                0x0000000080005980                LCAllocTags
                0x00000000800059c0                LCLoadBlocks
                0x00000000800059e4                LCStoreBlocks
 .text          0x0000000080005a08      0x1ac C:/devkitPro/libogc/lib/wii\libogc.a(decrementer_handler.o)
                0x0000000080005a08                dec_exceptionhandler
 .text          0x0000000080005bb4      0x35c C:/devkitPro/libogc/lib/wii\libogc.a(exception_handler.o)
                0x0000000080005bb4                exceptionhandler_start
                0x0000000080005c30                exceptionhandler_patch
                0x0000000080005c64                exceptionhandler_end
                0x0000000080005c68                default_exceptionhandler
                0x0000000080005d98                fpu_exceptionhandler
                0x0000000080005ee0                systemcallhandler_start
                0x0000000080005f0c                systemcallhandler_end
 .text          0x0000000080005f10       0x48 c:/devkitpro/devkitppc/bin/../lib/gcc/powerpc-eabi/8.3.0\libgcc.a(eabi.o)
                0x0000000080005f10                __eabi
 *(.text.*)
 .text.deregister_tm_clones
                0x0000000080005f58       0x30 c:/devkitpro/devkitppc/bin/../lib/gcc/powerpc-eabi/8.3.0/crtbegin.o
 .text.register_tm_clones
                0x0000000080005f88       0x3c c:/devkitpro/devkitppc/bin/../lib/gcc/powerpc-eabi/8.3.0/crtbegin.o
 .text.__do_global_dtors_aux
                0x0000000080005fc4       0xd0 c:/devkitpro/devkitppc/bin/../lib/gcc/powerpc-eabi/8.3.0/crtbegin.o
 .text.frame_dummy
                0x0000000080006094       0x44 c:/devkitpro/devkitppc/bin/../lib/gcc/powerpc-eabi/8.3.0/crtbegin.o
 .text.__crtmain
                0x00000000800060d8       0x44 c:/devkitpro/devkitppc/bin/../lib/gcc/powerpc-eabi/8.3.0/../../../../powerpc-eabi/lib/crtmain.o
                0x00000000800060dc                __crtmain
 .text.drawSpriteTex
                0x000000008000611c      0x14c zad5r.o
                0x000000008000611c                drawSpriteTex
 .text.startup.main
                0x0000000080006268      0x534 zad5r.o
                0x0000000080006268                main
 .text.__wpad_assign_slot
                0x000000008000679c      0x210 C:/devkitPro/libogc/lib/wii\libwiiuse.a(wpad.o)
                0x000000008000679c                __wpad_assign_slot
 .text.__wpad_def_powcb
                0x00000000800069ac        0x4 C:/devkitPro/libogc/lib/wii\libwiiuse.a(wpad.o)
 .text.__wpad_disconnect
                0x00000000800069b0       0x44 C:/devkitPro/libogc/lib/wii\libwiiuse.a(wpad.o)
 .text.__readlinkkey_finished
                0x00000000800069f4       0x34 C:/devkitPro/libogc/lib/wii\libwiiuse.a(wpad.o)
 .text.__wpad_patch_finished
                0x0000000080006a28       0x2c C:/devkitPro/libogc/lib/wii\libwiiuse.a(wpad.o)
 .text.__wpad_setfmt
                0x0000000080006a54      0x158 C:/devkitPro/libogc/lib/wii\libwiiuse.a(wpad.o)
 .text.__wpad_eventCB
                0x0000000080006bac      0xa1c C:/devkitPro/libogc/lib/wii\libwiiuse.a(wpad.o)
 .text.__wpad_disconnectCB
                0x00000000800075c8       0xcc C:/devkitPro/libogc/lib/wii\libwiiuse.a(wpad.o)
                0x00000000800075c8                __wpad_disconnectCB
 .text.__wpad_timeouthandler
                0x0000000080007694       0xb0 C:/devkitPro/libogc/lib/wii\libwiiuse.a(wpad.o)
 .text.__initcore_finished
                0x0000000080007744       0x48 C:/devkitPro/libogc/lib/wii\libwiiuse.a(wpad.o)
 .text.__wpad_init_finished
                0x000000008000778c      0x1ac C:/devkitPro/libogc/lib/wii\libwiiuse.a(wpad.o)
 .text.WPAD_ReadEvent
                0x0000000080007938      0x690 C:/devkitPro/libogc/lib/wii\libwiiuse.a(wpad.o)
                0x0000000080007938                WPAD_ReadEvent
 .text.WPAD_ReadPending
                0x0000000080007fc8      0x148 C:/devkitPro/libogc/lib/wii\libwiiuse.a(wpad.o)
                0x0000000080007fc8                WPAD_ReadPending
 .text.WPAD_ReadPending.part.5
                0x0000000080008110       0x68 C:/devkitPro/libogc/lib/wii\libwiiuse.a(wpad.o)
 .text.WPAD_Shutdown
                0x0000000080008178       0xc8 C:/devkitPro/libogc/lib/wii\libwiiuse.a(wpad.o)
                0x0000000080008178                WPAD_Shutdown
 .text.WPAD_Init
                0x0000000080008240      0x2c4 C:/devkitPro/libogc/lib/wii\libwiiuse.a(wpad.o)
                0x0000000080008240                WPAD_Init
 .text.__wpad_onreset
                0x0000000080008504       0x34 C:/devkitPro/libogc/lib/wii\libwiiuse.a(wpad.o)
 .text.WPAD_ScanPads
                0x0000000080008538        0x8 C:/devkitPro/libogc/lib/wii\libwiiuse.a(wpad.o)
                0x0000000080008538                WPAD_ScanPads
 .text.WPAD_ButtonsDown
                0x0000000080008540       0x28 C:/devkitPro/libogc/lib/wii\libwiiuse.a(wpad.o)
                0x0000000080008540                WPAD_ButtonsDown
 .text.motion_plus_disconnected
                0x0000000080008568       0x10 C:/devkitPro/libogc/lib/wii\libwiiuse.a(motion_plus.o)
                0x0000000080008568                motion_plus_disconnected
 .text.motion_plus_event
                0x0000000080008578       0x64 C:/devkitPro/libogc/lib/wii\libwiiuse.a(motion_plus.o)
                0x0000000080008578                motion_plus_event
 .text.apply_smoothing.part.0
                0x00000000800085dc       0xa0 C:/devkitPro/libogc/lib/wii\libwiiuse.a(dynamics.o)
 .text.calculate_gforce
                0x000000008000867c      0x114 C:/devkitPro/libogc/lib/wii\libwiiuse.a(dynamics.o)
                0x000000008000867c                calculate_gforce
 .text.calc_joystick_state
                0x0000000080008790      0x20c C:/devkitPro/libogc/lib/wii\libwiiuse.a(dynamics.o)
                0x0000000080008790                calc_joystick_state
 .text.apply_smoothing
                0x000000008000899c       0xa4 C:/devkitPro/libogc/lib/wii\libwiiuse.a(dynamics.o)
                0x000000008000899c                apply_smoothing
 .text.calculate_orientation
                0x0000000080008a40      0x31c C:/devkitPro/libogc/lib/wii\libwiiuse.a(dynamics.o)
                0x0000000080008a40                calculate_orientation
 .text.calc_balanceboard_state
                0x0000000080008d5c      0x394 C:/devkitPro/libogc/lib/wii\libwiiuse.a(dynamics.o)
                0x0000000080008d5c                calc_balanceboard_state
 .text.wiiuse_handshake
                0x00000000800090f0      0x278 C:/devkitPro/libogc/lib/wii\libwiiuse.a(io.o)
                0x00000000800090f0                wiiuse_handshake
 .text.wiiuse_handshake_expansion
                0x0000000080009368      0x21c C:/devkitPro/libogc/lib/wii\libwiiuse.a(io.o)
                0x0000000080009368                wiiuse_handshake_expansion
 .text.wiiuse_handshake_expansion_start
                0x0000000080009584       0x24 C:/devkitPro/libogc/lib/wii\libwiiuse.a(io.o)
                0x0000000080009584                wiiuse_handshake_expansion_start
 .text.wiiuse_disable_expansion
                0x00000000800095a8      0x1b0 C:/devkitPro/libogc/lib/wii\libwiiuse.a(io.o)
                0x00000000800095a8                wiiuse_disable_expansion
 .text.__wiiuse_connected
                0x0000000080009758       0x9c C:/devkitPro/libogc/lib/wii\libwiiuse.a(io_wii.o)
 .text.__wiiuse_disconnected
                0x00000000800097f4       0xb4 C:/devkitPro/libogc/lib/wii\libwiiuse.a(io_wii.o)
 .text.__wiiuse_receive
                0x00000000800098a8       0xd0 C:/devkitPro/libogc/lib/wii\libwiiuse.a(io_wii.o)
 .text.__wiiuse_sensorbar_enable
                0x0000000080009978       0x54 C:/devkitPro/libogc/lib/wii\libwiiuse.a(io_wii.o)
                0x0000000080009978                __wiiuse_sensorbar_enable
 .text.wiiuse_register
                0x00000000800099cc       0xe4 C:/devkitPro/libogc/lib/wii\libwiiuse.a(io_wii.o)
                0x00000000800099cc                wiiuse_register
 .text.wiiuse_disconnect
                0x0000000080009ab0       0x24 C:/devkitPro/libogc/lib/wii\libwiiuse.a(io_wii.o)
                0x0000000080009ab0                wiiuse_disconnect
 .text.wiiuse_init_cmd_queue
                0x0000000080009ad4       0x9c C:/devkitPro/libogc/lib/wii\libwiiuse.a(io_wii.o)
                0x0000000080009ad4                wiiuse_init_cmd_queue
 .text.wiiuse_io_write
                0x0000000080009b70       0x1c C:/devkitPro/libogc/lib/wii\libwiiuse.a(io_wii.o)
                0x0000000080009b70                wiiuse_io_write
 .text.get_ir_sens.isra.0
                0x0000000080009b8c       0xe4 C:/devkitPro/libogc/lib/wii\libwiiuse.a(ir.o)
 .text.rotate_dots
                0x0000000080009c70      0x114 C:/devkitPro/libogc/lib/wii\libwiiuse.a(ir.o)
 .text.wiiuse_set_ir_mode
                0x0000000080009d84       0x88 C:/devkitPro/libogc/lib/wii\libwiiuse.a(ir.o)
                0x0000000080009d84                wiiuse_set_ir_mode
 .text.wiiuse_set_ir
                0x0000000080009e0c      0x1f0 C:/devkitPro/libogc/lib/wii\libwiiuse.a(ir.o)
                0x0000000080009e0c                wiiuse_set_ir
 .text.wiiuse_set_ir_position
                0x0000000080009ffc       0x80 C:/devkitPro/libogc/lib/wii\libwiiuse.a(ir.o)
                0x0000000080009ffc                wiiuse_set_ir_position
 .text.wiiuse_set_aspect_ratio
                0x000000008000a07c       0x44 C:/devkitPro/libogc/lib/wii\libwiiuse.a(ir.o)
                0x000000008000a07c                wiiuse_set_aspect_ratio
 .text.wiiuse_set_ir_sensitivity
                0x000000008000a0c0       0xf4 C:/devkitPro/libogc/lib/wii\libwiiuse.a(ir.o)
                0x000000008000a0c0                wiiuse_set_ir_sensitivity
 .text.calculate_basic_ir
                0x000000008000a1b4       0xf8 C:/devkitPro/libogc/lib/wii\libwiiuse.a(ir.o)
                0x000000008000a1b4                calculate_basic_ir
 .text.calculate_extended_ir
                0x000000008000a2ac       0x64 C:/devkitPro/libogc/lib/wii\libwiiuse.a(ir.o)
                0x000000008000a2ac                calculate_extended_ir
 .text.find_sensorbar
                0x000000008000a310      0x9e0 C:/devkitPro/libogc/lib/wii\libwiiuse.a(ir.o)
                0x000000008000a310                find_sensorbar
 .text.apply_ir_smoothing
                0x000000008000acf0      0x100 C:/devkitPro/libogc/lib/wii\libwiiuse.a(ir.o)
                0x000000008000acf0                apply_ir_smoothing
 .text.interpret_ir_data
                0x000000008000adf0      0x3b0 C:/devkitPro/libogc/lib/wii\libwiiuse.a(ir.o)
                0x000000008000adf0                interpret_ir_data
 .text.nunchuk_handshake
                0x000000008000b1a0      0x2d0 C:/devkitPro/libogc/lib/wii\libwiiuse.a(nunchuk.o)
                0x000000008000b1a0                nunchuk_handshake
 .text.nunchuk_disconnected
                0x000000008000b470        0xc C:/devkitPro/libogc/lib/wii\libwiiuse.a(nunchuk.o)
                0x000000008000b470                nunchuk_disconnected
 .text.nunchuk_event
                0x000000008000b47c       0xe4 C:/devkitPro/libogc/lib/wii\libwiiuse.a(nunchuk.o)
                0x000000008000b47c                nunchuk_event
 .text.wii_board_handshake
                0x000000008000b560      0x2c0 C:/devkitPro/libogc/lib/wii\libwiiuse.a(wiiboard.o)
                0x000000008000b560                wii_board_handshake
 .text.wii_board_disconnected
                0x000000008000b820        0xc C:/devkitPro/libogc/lib/wii\libwiiuse.a(wiiboard.o)
                0x000000008000b820                wii_board_disconnected
 .text.wii_board_event
                0x000000008000b82c       0x54 C:/devkitPro/libogc/lib/wii\libwiiuse.a(wiiboard.o)
                0x000000008000b82c                wii_board_event
 .text.wiiuse_send_next_command.part.0
                0x000000008000b880       0x44 C:/devkitPro/libogc/lib/wii\libwiiuse.a(wiiuse.o)
 .text.wiiuse_send_next_command
                0x000000008000b8c4       0x18 C:/devkitPro/libogc/lib/wii\libwiiuse.a(wiiuse.o)
                0x000000008000b8c4                wiiuse_send_next_command
 .text.wiiuse_init
                0x000000008000b8dc      0x208 C:/devkitPro/libogc/lib/wii\libwiiuse.a(wiiuse.o)
                0x000000008000b8dc                wiiuse_init
 .text.wiiuse_set_flags
                0x000000008000bae4       0x2c C:/devkitPro/libogc/lib/wii\libwiiuse.a(wiiuse.o)
                0x000000008000bae4                wiiuse_set_flags
 .text.wiiuse_read_data
                0x000000008000bb10      0x14c C:/devkitPro/libogc/lib/wii\libwiiuse.a(wiiuse.o)
                0x000000008000bb10                wiiuse_read_data
 .text.wiiuse_write_data
                0x000000008000bc5c      0x180 C:/devkitPro/libogc/lib/wii\libwiiuse.a(wiiuse.o)
                0x000000008000bc5c                wiiuse_write_data
 .text.wiiuse_sendcmd
                0x000000008000bddc      0x17c C:/devkitPro/libogc/lib/wii\libwiiuse.a(wiiuse.o)
                0x000000008000bddc                wiiuse_sendcmd
 .text.wiiuse_set_report_type
                0x000000008000bf58      0x144 C:/devkitPro/libogc/lib/wii\libwiiuse.a(wiiuse.o)
                0x000000008000bf58                wiiuse_set_report_type
 .text.wiiuse_motion_sensing
                0x000000008000c09c       0x84 C:/devkitPro/libogc/lib/wii\libwiiuse.a(wiiuse.o)
                0x000000008000c09c                wiiuse_motion_sensing
 .text.wiiuse_status
                0x000000008000c120       0x4c C:/devkitPro/libogc/lib/wii\libwiiuse.a(wiiuse.o)
                0x000000008000c120                wiiuse_status
 .text.wiiuse_set_leds
                0x000000008000c16c       0x50 C:/devkitPro/libogc/lib/wii\libwiiuse.a(wiiuse.o)
                0x000000008000c16c                wiiuse_set_leds
 .text.wiiuse_set_speaker
                0x000000008000c1bc      0x230 C:/devkitPro/libogc/lib/wii\libwiiuse.a(speaker.o)
                0x000000008000c1bc                wiiuse_set_speaker
 .text.classic_ctrl_handshake
                0x000000008000c3ec      0x304 C:/devkitPro/libogc/lib/wii\libwiiuse.a(classic.o)
                0x000000008000c3ec                classic_ctrl_handshake
 .text.classic_ctrl_disconnected
                0x000000008000c6f0        0xc C:/devkitPro/libogc/lib/wii\libwiiuse.a(classic.o)
                0x000000008000c6f0                classic_ctrl_disconnected
 .text.classic_ctrl_event
                0x000000008000c6fc      0x16c C:/devkitPro/libogc/lib/wii\libwiiuse.a(classic.o)
                0x000000008000c6fc                classic_ctrl_event
 .text.handle_expansion
                0x000000008000c868       0x54 C:/devkitPro/libogc/lib/wii\libwiiuse.a(events.o)
 .text.parse_event
                0x000000008000c8bc      0x748 C:/devkitPro/libogc/lib/wii\libwiiuse.a(events.o)
                0x000000008000c8bc                parse_event
 .text.guitar_hero_3_handshake
                0x000000008000d004       0x5c C:/devkitPro/libogc/lib/wii\libwiiuse.a(guitar_hero_3.o)
                0x000000008000d004                guitar_hero_3_handshake
 .text.guitar_hero_3_disconnected
                0x000000008000d060        0xc C:/devkitPro/libogc/lib/wii\libwiiuse.a(guitar_hero_3.o)
                0x000000008000d060                guitar_hero_3_disconnected
 .text.guitar_hero_3_event
                0x000000008000d06c       0x6c C:/devkitPro/libogc/lib/wii\libwiiuse.a(guitar_hero_3.o)
                0x000000008000d06c                guitar_hero_3_event
 .text.acl_wlp_completed
                0x000000008000d0d8        0x8 C:/devkitPro/libogc/lib/wii\libbte.a(bte.o)
                0x000000008000d0d8                acl_wlp_completed
 .text.bt_alarmhandler
                0x000000008000d0e0       0x60 C:/devkitPro/libogc/lib/wii\libbte.a(bte.o)
 .text.__bte_send_pending_request
                0x000000008000d140      0x104 C:/devkitPro/libogc/lib/wii\libbte.a(bte.o)
 .text.acl_conn_complete
                0x000000008000d244       0x2c C:/devkitPro/libogc/lib/wii\libbte.a(bte.o)
                0x000000008000d244                acl_conn_complete
 .text.bte_process_input
                0x000000008000d270      0x148 C:/devkitPro/libogc/lib/wii\libbte.a(bte.o)
 .text.l2cap_disconnect_cfm
                0x000000008000d3b8      0x19c C:/devkitPro/libogc/lib/wii\libbte.a(bte.o)
                0x000000008000d3b8                l2cap_disconnect_cfm
 .text.l2cap_accepted
                0x000000008000d554      0x128 C:/devkitPro/libogc/lib/wii\libbte.a(bte.o)
                0x000000008000d554                l2cap_accepted
 .text.l2cap_disconnected_ind
                0x000000008000d67c      0x1a4 C:/devkitPro/libogc/lib/wii\libbte.a(bte.o)
                0x000000008000d67c                l2cap_disconnected_ind
 .text.__bte_shutdown_finished
                0x000000008000d820       0xd0 C:/devkitPro/libogc/lib/wii\libbte.a(bte.o)
 .text.bte_hci_apply_patch_complete
                0x000000008000d8f0      0x160 C:/devkitPro/libogc/lib/wii\libbte.a(bte.o)
                0x000000008000d8f0                bte_hci_apply_patch_complete
 .text.bte_hci_patch_complete
                0x000000008000da50      0x378 C:/devkitPro/libogc/lib/wii\libbte.a(bte.o)
                0x000000008000da50                bte_hci_patch_complete
 .text.bte_hci_initcore_complete
                0x000000008000ddc8      0x28c C:/devkitPro/libogc/lib/wii\libbte.a(bte.o)
                0x000000008000ddc8                bte_hci_initcore_complete
 .text.bte_read_stored_link_key_complete
                0x000000008000e054      0x26c C:/devkitPro/libogc/lib/wii\libbte.a(bte.o)
                0x000000008000e054                bte_read_stored_link_key_complete
 .text.bte_hci_initcore_complete2
                0x000000008000e2c0      0x244 C:/devkitPro/libogc/lib/wii\libbte.a(bte.o)
 .text.bte_hci_initsub_complete
                0x000000008000e504      0x2b8 C:/devkitPro/libogc/lib/wii\libbte.a(bte.o)
                0x000000008000e504                bte_hci_initsub_complete
 .text.BTE_Init
                0x000000008000e7bc      0x138 C:/devkitPro/libogc/lib/wii\libbte.a(bte.o)
                0x000000008000e7bc                BTE_Init
 .text.BTE_Shutdown
                0x000000008000e8f4      0x100 C:/devkitPro/libogc/lib/wii\libbte.a(bte.o)
                0x000000008000e8f4                BTE_Shutdown
 .text.BTE_InitCore
                0x000000008000e9f4       0x90 C:/devkitPro/libogc/lib/wii\libbte.a(bte.o)
                0x000000008000e9f4                BTE_InitCore
 .text.BTE_ApplyPatch
                0x000000008000ea84       0xa8 C:/devkitPro/libogc/lib/wii\libbte.a(bte.o)
                0x000000008000ea84                BTE_ApplyPatch
 .text.BTE_InitSub
                0x000000008000eb2c       0x94 C:/devkitPro/libogc/lib/wii\libbte.a(bte.o)
                0x000000008000eb2c                BTE_InitSub
 .text.BTE_ReadStoredLinkKey
                0x000000008000ebc0       0x94 C:/devkitPro/libogc/lib/wii\libbte.a(bte.o)
                0x000000008000ebc0                BTE_ReadStoredLinkKey
 .text.BTE_SetDisconnectCallback
                0x000000008000ec54        0x4 C:/devkitPro/libogc/lib/wii\libbte.a(bte.o)
                0x000000008000ec54                BTE_SetDisconnectCallback
 .text.bte_new  0x000000008000ec58       0x54 C:/devkitPro/libogc/lib/wii\libbte.a(bte.o)
                0x000000008000ec58                bte_new
 .text.bte_registerdeviceasync
                0x000000008000ecac      0x15c C:/devkitPro/libogc/lib/wii\libbte.a(bte.o)
                0x000000008000ecac                bte_registerdeviceasync
 .text.bte_disconnect
                0x000000008000ee08       0xd8 C:/devkitPro/libogc/lib/wii\libbte.a(bte.o)
                0x000000008000ee08                bte_disconnect
 .text.bte_senddata
                0x000000008000eee0       0xdc C:/devkitPro/libogc/lib/wii\libbte.a(bte.o)
                0x000000008000eee0                bte_senddata
 .text.bte_arg  0x000000008000efbc       0x38 C:/devkitPro/libogc/lib/wii\libbte.a(bte.o)
                0x000000008000efbc                bte_arg
 .text.bte_received
                0x000000008000eff4       0x38 C:/devkitPro/libogc/lib/wii\libbte.a(bte.o)
                0x000000008000eff4                bte_received
 .text.bte_disconnected
                0x000000008000f02c       0x38 C:/devkitPro/libogc/lib/wii\libbte.a(bte.o)
                0x000000008000f02c                bte_disconnected
 .text.hci_get_link
                0x000000008000f064       0x84 C:/devkitPro/libogc/lib/wii\libbte.a(hci.o)
 .text.hci_init
                0x000000008000f0e8       0x7c C:/devkitPro/libogc/lib/wii\libbte.a(hci.o)
                0x000000008000f0e8                hci_init
 .text.hci_new  0x000000008000f164       0x48 C:/devkitPro/libogc/lib/wii\libbte.a(hci.o)
                0x000000008000f164                hci_new
 .text.hci_close
                0x000000008000f1ac       0xd0 C:/devkitPro/libogc/lib/wii\libbte.a(hci.o)
                0x000000008000f1ac                hci_close
 .text.hci_reset_all
                0x000000008000f27c       0xbc C:/devkitPro/libogc/lib/wii\libbte.a(hci.o)
                0x000000008000f27c                hci_reset_all
 .text.hci_arg  0x000000008000f338        0xc C:/devkitPro/libogc/lib/wii\libbte.a(hci.o)
                0x000000008000f338                hci_arg
 .text.hci_cmd_complete
                0x000000008000f344        0xc C:/devkitPro/libogc/lib/wii\libbte.a(hci.o)
                0x000000008000f344                hci_cmd_complete
 .text.hci_connection_complete
                0x000000008000f350        0xc C:/devkitPro/libogc/lib/wii\libbte.a(hci.o)
                0x000000008000f350                hci_connection_complete
 .text.hci_wlp_complete
                0x000000008000f35c        0xc C:/devkitPro/libogc/lib/wii\libbte.a(hci.o)
                0x000000008000f35c                hci_wlp_complete
 .text.hci_reset
                0x000000008000f368       0xa8 C:/devkitPro/libogc/lib/wii\libbte.a(hci.o)
                0x000000008000f368                hci_reset
 .text.hci_read_buffer_size
                0x000000008000f410       0xa8 C:/devkitPro/libogc/lib/wii\libbte.a(hci.o)
                0x000000008000f410                hci_read_buffer_size
 .text.hci_read_bd_addr
                0x000000008000f4b8       0xa8 C:/devkitPro/libogc/lib/wii\libbte.a(hci.o)
                0x000000008000f4b8                hci_read_bd_addr
 .text.hci_read_local_version
                0x000000008000f560       0xa4 C:/devkitPro/libogc/lib/wii\libbte.a(hci.o)
                0x000000008000f560                hci_read_local_version
 .text.hci_read_local_features
                0x000000008000f604       0xa8 C:/devkitPro/libogc/lib/wii\libbte.a(hci.o)
                0x000000008000f604                hci_read_local_features
 .text.hci_read_stored_link_key
                0x000000008000f6ac       0xfc C:/devkitPro/libogc/lib/wii\libbte.a(hci.o)
                0x000000008000f6ac                hci_read_stored_link_key
 .text.hci_write_page_timeout
                0x000000008000f7a8       0xcc C:/devkitPro/libogc/lib/wii\libbte.a(hci.o)
                0x000000008000f7a8                hci_write_page_timeout
 .text.hci_write_scan_enable
                0x000000008000f874       0xb8 C:/devkitPro/libogc/lib/wii\libbte.a(hci.o)
                0x000000008000f874                hci_write_scan_enable
 .text.hci_accecpt_conn_request
                0x000000008000f92c       0xdc C:/devkitPro/libogc/lib/wii\libbte.a(hci.o)
                0x000000008000f92c                hci_accecpt_conn_request
 .text.hci_write_local_name
                0x000000008000fa08       0xd4 C:/devkitPro/libogc/lib/wii\libbte.a(hci.o)
                0x000000008000fa08                hci_write_local_name
 .text.hci_write_pin_type
                0x000000008000fadc       0xb8 C:/devkitPro/libogc/lib/wii\libbte.a(hci.o)
                0x000000008000fadc                hci_write_pin_type
 .text.hci_write_inquiry_mode
                0x000000008000fb94       0xb8 C:/devkitPro/libogc/lib/wii\libbte.a(hci.o)
                0x000000008000fb94                hci_write_inquiry_mode
 .text.hci_write_page_scan_type
                0x000000008000fc4c       0xb8 C:/devkitPro/libogc/lib/wii\libbte.a(hci.o)
                0x000000008000fc4c                hci_write_page_scan_type
 .text.hci_write_inquiry_scan_type
                0x000000008000fd04       0xb8 C:/devkitPro/libogc/lib/wii\libbte.a(hci.o)
                0x000000008000fd04                hci_write_inquiry_scan_type
 .text.hci_vendor_specific_command
                0x000000008000fdbc       0xe4 C:/devkitPro/libogc/lib/wii\libbte.a(hci.o)
                0x000000008000fdbc                hci_vendor_specific_command
 .text.hci_write_link_policy_settings
                0x000000008000fea0      0x100 C:/devkitPro/libogc/lib/wii\libbte.a(hci.o)
                0x000000008000fea0                hci_write_link_policy_settings
 .text.hci_pin_code_request_neg_reply
                0x000000008000ffa0       0xc8 C:/devkitPro/libogc/lib/wii\libbte.a(hci.o)
                0x000000008000ffa0                hci_pin_code_request_neg_reply
 .text.hci_link_key_req_neg_reply
                0x0000000080010068       0xc8 C:/devkitPro/libogc/lib/wii\libbte.a(hci.o)
                0x0000000080010068                hci_link_key_req_neg_reply
 .text.hci_disconnect
                0x0000000080010130       0xf8 C:/devkitPro/libogc/lib/wii\libbte.a(hci.o)
                0x0000000080010130                hci_disconnect
 .text.hci_write_cod
                0x0000000080010228       0xc8 C:/devkitPro/libogc/lib/wii\libbte.a(hci.o)
                0x0000000080010228                hci_write_cod
 .text.hci_host_buffer_size
                0x00000000800102f0      0x108 C:/devkitPro/libogc/lib/wii\libbte.a(hci.o)
                0x00000000800102f0                hci_host_buffer_size
 .text.hci_host_num_comp_packets
                0x00000000800103f8      0x104 C:/devkitPro/libogc/lib/wii\libbte.a(hci.o)
                0x00000000800103f8                hci_host_num_comp_packets
 .text.lp_pdu_maxsize
                0x00000000800104fc        0xc C:/devkitPro/libogc/lib/wii\libbte.a(hci.o)
                0x00000000800104fc                lp_pdu_maxsize
 .text.lp_acl_write
                0x0000000080010508      0x154 C:/devkitPro/libogc/lib/wii\libbte.a(hci.o)
                0x0000000080010508                lp_acl_write
 .text.lp_write_flush_timeout
                0x000000008001065c      0x100 C:/devkitPro/libogc/lib/wii\libbte.a(hci.o)
                0x000000008001065c                lp_write_flush_timeout
 .text.hci_event_handler
                0x000000008001075c      0xbf4 C:/devkitPro/libogc/lib/wii\libbte.a(hci.o)
                0x000000008001075c                hci_event_handler
 .text.hci_acldata_handler
                0x0000000080011350      0x12c C:/devkitPro/libogc/lib/wii\libbte.a(hci.o)
                0x0000000080011350                hci_acldata_handler
 .text.l2cap_init
                0x000000008001147c       0x60 C:/devkitPro/libogc/lib/wii\libbte.a(l2cap.o)
                0x000000008001147c                l2cap_init
 .text.l2cap_write
                0x00000000800114dc      0x1a8 C:/devkitPro/libogc/lib/wii\libbte.a(l2cap.o)
                0x00000000800114dc                l2cap_write
 .text.l2cap_new
                0x0000000080011684       0x6c C:/devkitPro/libogc/lib/wii\libbte.a(l2cap.o)
                0x0000000080011684                l2cap_new
 .text.l2cap_close
                0x00000000800116f0      0x1d4 C:/devkitPro/libogc/lib/wii\libbte.a(l2cap.o)
                0x00000000800116f0                l2cap_close
 .text.l2cap_reset_all
                0x00000000800118c4      0x154 C:/devkitPro/libogc/lib/wii\libbte.a(l2cap.o)
                0x00000000800118c4                l2cap_reset_all
 .text.l2cap_signal
                0x0000000080011a18      0x210 C:/devkitPro/libogc/lib/wii\libbte.a(l2cap.o)
                0x0000000080011a18                l2cap_signal
 .text.l2ca_config_req
                0x0000000080011c28      0x160 C:/devkitPro/libogc/lib/wii\libbte.a(l2cap.o)
                0x0000000080011c28                l2ca_config_req
 .text.l2ca_disconnect_req
                0x0000000080011d88       0xc4 C:/devkitPro/libogc/lib/wii\libbte.a(l2cap.o)
                0x0000000080011d88                l2ca_disconnect_req
 .text.l2cap_tmr
                0x0000000080011e4c      0x284 C:/devkitPro/libogc/lib/wii\libbte.a(l2cap.o)
                0x0000000080011e4c                l2cap_tmr
 .text.l2cap_process_sig
                0x00000000800120d0     0x11d4 C:/devkitPro/libogc/lib/wii\libbte.a(l2cap.o)
                0x00000000800120d0                l2cap_process_sig
 .text.l2cap_input
                0x00000000800132a4      0x5ac C:/devkitPro/libogc/lib/wii\libbte.a(l2cap.o)
                0x00000000800132a4                l2cap_input
 .text.l2ca_datawrite
                0x0000000080013850      0x118 C:/devkitPro/libogc/lib/wii\libbte.a(l2cap.o)
                0x0000000080013850                l2ca_datawrite
 .text.lp_connect_cfm
                0x0000000080013968      0x184 C:/devkitPro/libogc/lib/wii\libbte.a(l2cap.o)
                0x0000000080013968                lp_connect_cfm
 .text.lp_connect_ind
                0x0000000080013aec        0x4 C:/devkitPro/libogc/lib/wii\libbte.a(l2cap.o)
                0x0000000080013aec                lp_connect_ind
 .text.lp_disconnect_ind
                0x0000000080013af0      0x12c C:/devkitPro/libogc/lib/wii\libbte.a(l2cap.o)
                0x0000000080013af0                lp_disconnect_ind
 .text.l2cap_disconnect_bb
                0x0000000080013c1c       0x10 C:/devkitPro/libogc/lib/wii\libbte.a(l2cap.o)
                0x0000000080013c1c                l2cap_disconnect_bb
 .text.l2cap_arg
                0x0000000080013c2c        0x8 C:/devkitPro/libogc/lib/wii\libbte.a(l2cap.o)
                0x0000000080013c2c                l2cap_arg
 .text.l2cap_connect_ind
                0x0000000080013c34      0x100 C:/devkitPro/libogc/lib/wii\libbte.a(l2cap.o)
                0x0000000080013c34                l2cap_connect_ind
 .text.l2cap_disconnect_ind
                0x0000000080013d34        0x8 C:/devkitPro/libogc/lib/wii\libbte.a(l2cap.o)
                0x0000000080013d34                l2cap_disconnect_ind
 .text.l2cap_recv
                0x0000000080013d3c        0x8 C:/devkitPro/libogc/lib/wii\libbte.a(l2cap.o)
                0x0000000080013d3c                l2cap_recv
 .text.btmemb_init
                0x0000000080013d44       0x24 C:/devkitPro/libogc/lib/wii\libbte.a(btmemb.o)
                0x0000000080013d44                btmemb_init
 .text.btmemb_alloc
                0x0000000080013d68       0xa8 C:/devkitPro/libogc/lib/wii\libbte.a(btmemb.o)
                0x0000000080013d68                btmemb_alloc
 .text.btmemb_free
                0x0000000080013e10       0xa8 C:/devkitPro/libogc/lib/wii\libbte.a(btmemb.o)
                0x0000000080013e10                btmemb_free
 .text.plug_holes
                0x0000000080013eb8       0xb8 C:/devkitPro/libogc/lib/wii\libbte.a(btmemr.o)
 .text.btmemr_free.part.0
                0x0000000080013f70       0x78 C:/devkitPro/libogc/lib/wii\libbte.a(btmemr.o)
 .text.btmemr_init
                0x0000000080013fe8       0x98 C:/devkitPro/libogc/lib/wii\libbte.a(btmemr.o)
                0x0000000080013fe8                btmemr_init
 .text.btmemr_malloc
                0x0000000080014080      0x178 C:/devkitPro/libogc/lib/wii\libbte.a(btmemr.o)
                0x0000000080014080                btmemr_malloc
 .text.btmemr_free
                0x00000000800141f8       0x28 C:/devkitPro/libogc/lib/wii\libbte.a(btmemr.o)
                0x00000000800141f8                btmemr_free
 .text.btmemr_realloc
                0x0000000080014220      0x10c C:/devkitPro/libogc/lib/wii\libbte.a(btmemr.o)
                0x0000000080014220                btmemr_realloc
 .text.btpbuf_cat.part.0
                0x000000008001432c       0x68 C:/devkitPro/libogc/lib/wii\libbte.a(btpbuf.o)
 .text.btpbuf_init
                0x0000000080014394       0x28 C:/devkitPro/libogc/lib/wii\libbte.a(btpbuf.o)
                0x0000000080014394                btpbuf_init
 .text.btpbuf_free
                0x00000000800143bc      0x124 C:/devkitPro/libogc/lib/wii\libbte.a(btpbuf.o)
                0x00000000800143bc                btpbuf_free
 .text.btpbuf_alloc
                0x00000000800144e0      0x25c C:/devkitPro/libogc/lib/wii\libbte.a(btpbuf.o)
                0x00000000800144e0                btpbuf_alloc
 .text.btpbuf_realloc
                0x000000008001473c       0xec C:/devkitPro/libogc/lib/wii\libbte.a(btpbuf.o)
                0x000000008001473c                btpbuf_realloc
 .text.btpbuf_header
                0x0000000080014828       0x90 C:/devkitPro/libogc/lib/wii\libbte.a(btpbuf.o)
                0x0000000080014828                btpbuf_header
 .text.btpbuf_ref
                0x00000000800148b8       0x48 C:/devkitPro/libogc/lib/wii\libbte.a(btpbuf.o)
                0x00000000800148b8                btpbuf_ref
 .text.btpbuf_chain
                0x0000000080014900       0x8c C:/devkitPro/libogc/lib/wii\libbte.a(btpbuf.o)
                0x0000000080014900                btpbuf_chain
 .text.btpbuf_dechain
                0x000000008001498c       0x7c C:/devkitPro/libogc/lib/wii\libbte.a(btpbuf.o)
                0x000000008001498c                btpbuf_dechain
 .text.btpbuf_take
                0x0000000080014a08      0x13c C:/devkitPro/libogc/lib/wii\libbte.a(btpbuf.o)
                0x0000000080014a08                btpbuf_take
 .text.__usb_closeCB
                0x0000000080014b44       0x10 C:/devkitPro/libogc/lib/wii\libbte.a(physbusif.o)
 .text.__writebulkmsgCB
                0x0000000080014b54       0x3c C:/devkitPro/libogc/lib/wii\libbte.a(physbusif.o)
 .text.__writectrlmsgCB
                0x0000000080014b90       0x3c C:/devkitPro/libogc/lib/wii\libbte.a(physbusif.o)
 .text.__issue_intrread.part.0
                0x0000000080014bcc       0x80 C:/devkitPro/libogc/lib/wii\libbte.a(physbusif.o)
 .text.__readintrdataCB
                0x0000000080014c4c      0x150 C:/devkitPro/libogc/lib/wii\libbte.a(physbusif.o)
 .text.__issue_bulkread.part.2
                0x0000000080014d9c       0x80 C:/devkitPro/libogc/lib/wii\libbte.a(physbusif.o)
 .text.__readbulkdataCB
                0x0000000080014e1c      0x150 C:/devkitPro/libogc/lib/wii\libbte.a(physbusif.o)
 .text.physbusif_init
                0x0000000080014f6c      0x1dc C:/devkitPro/libogc/lib/wii\libbte.a(physbusif.o)
                0x0000000080014f6c                physbusif_init
 .text.physbusif_close
                0x0000000080015148       0x20 C:/devkitPro/libogc/lib/wii\libbte.a(physbusif.o)
                0x0000000080015148                physbusif_close
 .text.physbusif_shutdown
                0x0000000080015168       0x24 C:/devkitPro/libogc/lib/wii\libbte.a(physbusif.o)
                0x0000000080015168                physbusif_shutdown
 .text.physbusif_reset_all
                0x000000008001518c        0x4 C:/devkitPro/libogc/lib/wii\libbte.a(physbusif.o)
                0x000000008001518c                physbusif_reset_all
 .text.physbusif_output
                0x0000000080015190      0x1b4 C:/devkitPro/libogc/lib/wii\libbte.a(physbusif.o)
                0x0000000080015190                physbusif_output
 .text.__lwp_queue_initialize
                0x0000000080015344       0x60 C:/devkitPro/libogc/lib/wii\libogc.a(lwp_queue.o)
                0x0000000080015344                __lwp_queue_initialize
 .text.__lwp_queue_get
                0x00000000800153a4       0x74 C:/devkitPro/libogc/lib/wii\libogc.a(lwp_queue.o)
                0x00000000800153a4                __lwp_queue_get
 .text.__lwp_queue_append
                0x0000000080015418       0x4c C:/devkitPro/libogc/lib/wii\libogc.a(lwp_queue.o)
                0x0000000080015418                __lwp_queue_append
 .text.__lwp_isr_in_progress
                0x0000000080015464        0x8 C:/devkitPro/libogc/lib/wii\libogc.a(lwp_threads.o)
                0x0000000080015464                __lwp_isr_in_progress
 .text.__thread_dispatch_fp
                0x000000008001546c       0x88 C:/devkitPro/libogc/lib/wii\libogc.a(lwp_threads.o)
                0x000000008001546c                __thread_dispatch_fp
 .text.__thread_dispatch
                0x00000000800154f4      0x110 C:/devkitPro/libogc/lib/wii\libogc.a(lwp_threads.o)
                0x00000000800154f4                __thread_dispatch
 .text.__lwp_thread_resettimeslice
                0x0000000080015604       0xec C:/devkitPro/libogc/lib/wii\libogc.a(lwp_threads.o)
                0x0000000080015604                __lwp_thread_resettimeslice
 .text.__lwp_thread_tickle_timeslice
                0x00000000800156f0       0xcc C:/devkitPro/libogc/lib/wii\libogc.a(lwp_threads.o)
                0x00000000800156f0                __lwp_thread_tickle_timeslice
 .text.__lwp_thread_setstate
                0x00000000800157bc      0x178 C:/devkitPro/libogc/lib/wii\libogc.a(lwp_threads.o)
                0x00000000800157bc                __lwp_thread_setstate
 .text.__lwp_thread_clearstate
                0x0000000080015934       0xe4 C:/devkitPro/libogc/lib/wii\libogc.a(lwp_threads.o)
                0x0000000080015934                __lwp_thread_clearstate
 .text.__lwp_thread_delayended
                0x0000000080015a18       0x48 C:/devkitPro/libogc/lib/wii\libogc.a(lwp_threads.o)
                0x0000000080015a18                __lwp_thread_delayended
 .text.__lwp_thread_suspend
                0x0000000080015a60      0x188 C:/devkitPro/libogc/lib/wii\libogc.a(lwp_threads.o)
                0x0000000080015a60                __lwp_thread_suspend
 .text.__lwp_thread_settransient
                0x0000000080015be8       0xb4 C:/devkitPro/libogc/lib/wii\libogc.a(lwp_threads.o)
                0x0000000080015be8                __lwp_thread_settransient
 .text.__lwp_thread_changepriority
                0x0000000080015c9c      0x1f8 C:/devkitPro/libogc/lib/wii\libogc.a(lwp_threads.o)
                0x0000000080015c9c                __lwp_thread_changepriority
 .text.__lwp_thread_resume
                0x0000000080015e94      0x130 C:/devkitPro/libogc/lib/wii\libogc.a(lwp_threads.o)
                0x0000000080015e94                __lwp_thread_resume
 .text.__lwp_thread_ready
                0x0000000080015fc4       0xf4 C:/devkitPro/libogc/lib/wii\libogc.a(lwp_threads.o)
                0x0000000080015fc4                __lwp_thread_ready
 .text.__lwp_thread_init
                0x00000000800160b8      0x180 C:/devkitPro/libogc/lib/wii\libogc.a(lwp_threads.o)
                0x00000000800160b8                __lwp_thread_init
 .text.__lwp_thread_close
                0x0000000080016238      0x130 C:/devkitPro/libogc/lib/wii\libogc.a(lwp_threads.o)
                0x0000000080016238                __lwp_thread_close
 .text.__lwp_thread_closeall
                0x0000000080016368       0xb8 C:/devkitPro/libogc/lib/wii\libogc.a(lwp_threads.o)
                0x0000000080016368                __lwp_thread_closeall
 .text.__lwp_thread_exit
                0x0000000080016420       0x5c C:/devkitPro/libogc/lib/wii\libogc.a(lwp_threads.o)
                0x0000000080016420                __lwp_thread_exit
 .text.__lwp_thread_handler
                0x000000008001647c       0xb4 C:/devkitPro/libogc/lib/wii\libogc.a(lwp_threads.o)
 .text.__lwp_thread_start
                0x0000000080016530       0xec C:/devkitPro/libogc/lib/wii\libogc.a(lwp_threads.o)
                0x0000000080016530                __lwp_thread_start
 .text.__lwp_thread_startmultitasking
                0x000000008001661c       0xb0 C:/devkitPro/libogc/lib/wii\libogc.a(lwp_threads.o)
                0x000000008001661c                __lwp_thread_startmultitasking
 .text.__lwp_thread_stopmultitasking
                0x00000000800166cc       0x58 C:/devkitPro/libogc/lib/wii\libogc.a(lwp_threads.o)
                0x00000000800166cc                __lwp_thread_stopmultitasking
 .text.__lwp_thread_coreinit
                0x0000000080016724       0xb0 C:/devkitPro/libogc/lib/wii\libogc.a(lwp_threads.o)
                0x0000000080016724                __lwp_thread_coreinit
 .text.idle_func
                0x00000000800167d4        0x4 C:/devkitPro/libogc/lib/wii\libogc.a(lwp.o)
 .text.__lwp_sysinit
                0x00000000800167d8      0x118 C:/devkitPro/libogc/lib/wii\libogc.a(lwp.o)
                0x00000000800167d8                __lwp_sysinit
 .text.LWP_SuspendThread
                0x00000000800168f0       0xc0 C:/devkitPro/libogc/lib/wii\libogc.a(lwp.o)
                0x00000000800168f0                LWP_SuspendThread
 .text.LWP_ResumeThread
                0x00000000800169b0       0xc4 C:/devkitPro/libogc/lib/wii\libogc.a(lwp.o)
                0x00000000800169b0                LWP_ResumeThread
 .text.LWP_GetSelf
                0x0000000080016a74       0x28 C:/devkitPro/libogc/lib/wii\libogc.a(lwp.o)
                0x0000000080016a74                LWP_GetSelf
 .text.LWP_InitQueue
                0x0000000080016a9c      0x150 C:/devkitPro/libogc/lib/wii\libogc.a(lwp.o)
                0x0000000080016a9c                LWP_InitQueue
 .text.LWP_CloseQueue
                0x0000000080016bec       0xd4 C:/devkitPro/libogc/lib/wii\libogc.a(lwp.o)
                0x0000000080016bec                LWP_CloseQueue
 .text.LWP_ThreadSleep
                0x0000000080016cc0      0x110 C:/devkitPro/libogc/lib/wii\libogc.a(lwp.o)
                0x0000000080016cc0                LWP_ThreadSleep
 .text.LWP_ThreadBroadcast
                0x0000000080016dd0       0x88 C:/devkitPro/libogc/lib/wii\libogc.a(lwp.o)
                0x0000000080016dd0                LWP_ThreadBroadcast
 .text.LWP_ThreadSignal
                0x0000000080016e58       0x74 C:/devkitPro/libogc/lib/wii\libogc.a(lwp.o)
                0x0000000080016e58                LWP_ThreadSignal
 .text.__lwp_stack_allocate
                0x0000000080016ecc       0x60 C:/devkitPro/libogc/lib/wii\libogc.a(lwp_stack.o)
                0x0000000080016ecc                __lwp_stack_allocate
 .text.__lwp_stack_free
                0x0000000080016f2c       0x1c C:/devkitPro/libogc/lib/wii\libogc.a(lwp_stack.o)
                0x0000000080016f2c                __lwp_stack_free
 .text.__lwp_wd_settimer.isra.4
                0x0000000080016f48       0xd8 C:/devkitPro/libogc/lib/wii\libogc.a(lwp_watchdog.o)
 .text.__lwp_watchdog_init
                0x0000000080017020       0x2c C:/devkitPro/libogc/lib/wii\libogc.a(lwp_watchdog.o)
                0x0000000080017020                __lwp_watchdog_init
 .text.__lwp_wd_insert
                0x000000008001704c      0x1e4 C:/devkitPro/libogc/lib/wii\libogc.a(lwp_watchdog.o)
                0x000000008001704c                __lwp_wd_insert
 .text.__lwp_wd_remove
                0x0000000080017230      0x144 C:/devkitPro/libogc/lib/wii\libogc.a(lwp_watchdog.o)
                0x0000000080017230                __lwp_wd_remove
 .text.__lwp_wd_tickle
                0x0000000080017374      0x120 C:/devkitPro/libogc/lib/wii\libogc.a(lwp_watchdog.o)
                0x0000000080017374                __lwp_wd_tickle
 .text.__lwp_wkspace_init
                0x0000000080017494       0xc4 C:/devkitPro/libogc/lib/wii\libogc.a(lwp_wkspace.o)
                0x0000000080017494                __lwp_wkspace_init
 .text.__lwp_objmgr_initinfo
                0x0000000080017558      0x1a4 C:/devkitPro/libogc/lib/wii\libogc.a(lwp_objmgr.o)
                0x0000000080017558                __lwp_objmgr_initinfo
 .text.__lwp_objmgr_getisrdisable
                0x00000000800176fc       0x60 C:/devkitPro/libogc/lib/wii\libogc.a(lwp_objmgr.o)
                0x00000000800176fc                __lwp_objmgr_getisrdisable
 .text.__lwp_objmgr_getnoprotection
                0x000000008001775c       0x24 C:/devkitPro/libogc/lib/wii\libogc.a(lwp_objmgr.o)
                0x000000008001775c                __lwp_objmgr_getnoprotection
 .text.__lwp_objmgr_get
                0x0000000080017780       0x70 C:/devkitPro/libogc/lib/wii\libogc.a(lwp_objmgr.o)
                0x0000000080017780                __lwp_objmgr_get
 .text.__lwp_objmgr_allocate
                0x00000000800177f0       0x88 C:/devkitPro/libogc/lib/wii\libogc.a(lwp_objmgr.o)
                0x00000000800177f0                __lwp_objmgr_allocate
 .text.__lwp_objmgr_free
                0x0000000080017878       0x60 C:/devkitPro/libogc/lib/wii\libogc.a(lwp_objmgr.o)
                0x0000000080017878                __lwp_objmgr_free
 .text.__lwp_heap_init
                0x00000000800178d8       0xa4 C:/devkitPro/libogc/lib/wii\libogc.a(lwp_heap.o)
                0x00000000800178d8                __lwp_heap_init
 .text.__lwp_heap_allocate
                0x000000008001797c      0x16c C:/devkitPro/libogc/lib/wii\libogc.a(lwp_heap.o)
                0x000000008001797c                __lwp_heap_allocate
 .text.__lwp_heap_free
                0x0000000080017ae8      0x1c0 C:/devkitPro/libogc/lib/wii\libogc.a(lwp_heap.o)
                0x0000000080017ae8                __lwp_heap_free
 .text.__SetInterrupts
                0x0000000080017ca8      0x298 C:/devkitPro/libogc/lib/wii\libogc.a(irq.o)
 .text.c_irqdispatcher
                0x0000000080017f40      0x27c C:/devkitPro/libogc/lib/wii\libogc.a(irq.o)
                0x0000000080017f40                c_irqdispatcher
 .text.__UnmaskIrq
                0x00000000800181bc       0x84 C:/devkitPro/libogc/lib/wii\libogc.a(irq.o)
                0x00000000800181bc                __UnmaskIrq
 .text.__MaskIrq
                0x0000000080018240       0x84 C:/devkitPro/libogc/lib/wii\libogc.a(irq.o)
                0x0000000080018240                __MaskIrq
 .text.__irq_init
                0x00000000800182c4       0x9c C:/devkitPro/libogc/lib/wii\libogc.a(irq.o)
                0x00000000800182c4                __irq_init
 .text.IRQ_Request
                0x0000000080018360       0x50 C:/devkitPro/libogc/lib/wii\libogc.a(irq.o)
                0x0000000080018360                IRQ_Request
 .text.IRQ_GetHandler
                0x00000000800183b0       0x44 C:/devkitPro/libogc/lib/wii\libogc.a(irq.o)
                0x00000000800183b0                IRQ_GetHandler
 .text.IRQ_Disable
                0x00000000800183f4       0x1c C:/devkitPro/libogc/lib/wii\libogc.a(irq.o)
                0x00000000800183f4                IRQ_Disable
 .text.IRQ_Restore
                0x0000000080018410       0x1c C:/devkitPro/libogc/lib/wii\libogc.a(irq.o)
                0x0000000080018410                IRQ_Restore
 .text.__VISendI2CData.constprop.2
                0x000000008001842c      0x42c C:/devkitPro/libogc/lib/wii\libogc.a(video.o)
 .text.__VIWriteI2CRegister16
                0x0000000080018858       0x38 C:/devkitPro/libogc/lib/wii\libogc.a(video.o)
 .text.__VIWriteI2CRegister8
                0x0000000080018890       0x38 C:/devkitPro/libogc/lib/wii\libogc.a(video.o)
 .text.__VISetYUVSEL
                0x00000000800188c8       0x68 C:/devkitPro/libogc/lib/wii\libogc.a(video.o)
 .text.VIDEO_Configure
                0x0000000080018930      0x7c8 C:/devkitPro/libogc/lib/wii\libogc.a(video.o)
                0x0000000080018930                VIDEO_Configure
 .text.VIDEO_WaitVSync
                0x00000000800190f8       0x74 C:/devkitPro/libogc/lib/wii\libogc.a(video.o)
                0x00000000800190f8                VIDEO_WaitVSync
 .text.VIDEO_SetFramebuffer
                0x000000008001916c      0x23c C:/devkitPro/libogc/lib/wii\libogc.a(video.o)
                0x000000008001916c                VIDEO_SetFramebuffer
 .text.VIDEO_SetNextFramebuffer
                0x00000000800193a8      0x1b4 C:/devkitPro/libogc/lib/wii\libogc.a(video.o)
                0x00000000800193a8                VIDEO_SetNextFramebuffer
 .text.VIDEO_Flush
                0x000000008001955c      0x134 C:/devkitPro/libogc/lib/wii\libogc.a(video.o)
                0x000000008001955c                VIDEO_Flush
 .text.VIDEO_SetBlack
                0x0000000080019690      0x144 C:/devkitPro/libogc/lib/wii\libogc.a(video.o)
                0x0000000080019690                VIDEO_SetBlack
 .text.VIDEO_GetCurrentTvMode
                0x00000000800197d4       0x78 C:/devkitPro/libogc/lib/wii\libogc.a(video.o)
                0x00000000800197d4                VIDEO_GetCurrentTvMode
 .text.__VIRetraceHandler
                0x000000008001984c      0x294 C:/devkitPro/libogc/lib/wii\libogc.a(video.o)
 .text.__VISetupEncoder
                0x0000000080019ae0      0x1fc C:/devkitPro/libogc/lib/wii\libogc.a(video.o)
 .text.VIDEO_Init
                0x0000000080019cdc      0x4e0 C:/devkitPro/libogc/lib/wii\libogc.a(video.o)
                0x0000000080019cdc                VIDEO_Init
 .text.VIDEO_GetPreferredMode
                0x000000008001a1bc      0x100 C:/devkitPro/libogc/lib/wii\libogc.a(video.o)
                0x000000008001a1bc                VIDEO_GetPreferredMode
 .text.VIDEO_GetCurrentLine
                0x000000008001a2bc       0x9c C:/devkitPro/libogc/lib/wii\libogc.a(video.o)
                0x000000008001a2bc                VIDEO_GetCurrentLine
 .text.VIDEO_GetFrameBufferSize
                0x000000008001a358       0x30 C:/devkitPro/libogc/lib/wii\libogc.a(video.o)
                0x000000008001a358                VIDEO_GetFrameBufferSize
 .text.__call_resetfuncs
                0x000000008001a388       0xbc C:/devkitPro/libogc/lib/wii\libogc.a(system.o)
 .text.__MEMInterruptHandler
                0x000000008001a444       0x14 C:/devkitPro/libogc/lib/wii\libogc.a(system.o)
 .text.__RSWDefaultHandler
                0x000000008001a458        0x4 C:/devkitPro/libogc/lib/wii\libogc.a(system.o)
 .text.__POWDefaultHandler
                0x000000008001a45c        0x4 C:/devkitPro/libogc/lib/wii\libogc.a(system.o)
 .text.__getrtc
                0x000000008001a460      0x164 C:/devkitPro/libogc/lib/wii\libogc.a(system.o)
 .text.__sram_write
                0x000000008001a5c4      0x128 C:/devkitPro/libogc/lib/wii\libogc.a(system.o)
 .text.__unlocksram
                0x000000008001a6ec      0x17c C:/devkitPro/libogc/lib/wii\libogc.a(system.o)
 .text.__sram_writecallback
                0x000000008001a868       0x54 C:/devkitPro/libogc/lib/wii\libogc.a(system.o)
 .text.__mem_onreset
                0x000000008001a8bc       0x48 C:/devkitPro/libogc/lib/wii\libogc.a(system.o)
 .text.__sys_alarmhandler
                0x000000008001a904       0xf0 C:/devkitPro/libogc/lib/wii\libogc.a(system.o)
 .text.__STMEventHandler
                0x000000008001a9f4      0x104 C:/devkitPro/libogc/lib/wii\libogc.a(system.o)
 .text.__sram_read.constprop.11
                0x000000008001aaf8      0x140 C:/devkitPro/libogc/lib/wii\libogc.a(system.o)
 .text.__SYS_GetRTC
                0x000000008001ac38       0xd0 C:/devkitPro/libogc/lib/wii\libogc.a(system.o)
                0x000000008001ac38                __SYS_GetRTC
 .text.__SYS_GetIPCBufferLo
                0x000000008001ad08        0x8 C:/devkitPro/libogc/lib/wii\libogc.a(system.o)
                0x000000008001ad08                __SYS_GetIPCBufferLo
 .text.__SYS_GetIPCBufferHi
                0x000000008001ad10        0x8 C:/devkitPro/libogc/lib/wii\libogc.a(system.o)
                0x000000008001ad10                __SYS_GetIPCBufferHi
 .text.__SYS_DoPowerCB
                0x000000008001ad18       0x74 C:/devkitPro/libogc/lib/wii\libogc.a(system.o)
                0x000000008001ad18                __SYS_DoPowerCB
 .text.__SYS_PreInit
                0x000000008001ad8c        0x4 C:/devkitPro/libogc/lib/wii\libogc.a(system.o)
                0x000000008001ad8c                __SYS_PreInit
 .text.SYS_ResetButtonDown
                0x000000008001ad90       0x18 C:/devkitPro/libogc/lib/wii\libogc.a(system.o)
                0x000000008001ad90                SYS_ResetButtonDown
 .text.SYS_ResetSystem
                0x000000008001ada8      0x214 C:/devkitPro/libogc/lib/wii\libogc.a(system.o)
                0x000000008001ada8                SYS_ResetSystem
 .text.__reload
                0x000000008001afbc       0x80 C:/devkitPro/libogc/lib/wii\libogc.a(system.o)
                0x000000008001afbc                __reload
 .text.__libogc_exit
                0x000000008001b03c       0x88 C:/devkitPro/libogc/lib/wii\libogc.a(system.o)
                0x000000008001b03c                __libogc_exit
 .text.SYS_RegisterResetFunc
                0x000000008001b0c4       0x78 C:/devkitPro/libogc/lib/wii\libogc.a(system.o)
                0x000000008001b0c4                SYS_RegisterResetFunc
 .text.SYS_Init
                0x000000008001b13c      0x69c C:/devkitPro/libogc/lib/wii\libogc.a(system.o)
                0x000000008001b13c                SYS_Init
 .text.SYS_SetArena1Lo
                0x000000008001b7d8       0x38 C:/devkitPro/libogc/lib/wii\libogc.a(system.o)
                0x000000008001b7d8                SYS_SetArena1Lo
 .text.SYS_GetArena1Lo
                0x000000008001b810       0x38 C:/devkitPro/libogc/lib/wii\libogc.a(system.o)
                0x000000008001b810                SYS_GetArena1Lo
 .text.SYS_GetArena1Hi
                0x000000008001b848       0x38 C:/devkitPro/libogc/lib/wii\libogc.a(system.o)
                0x000000008001b848                SYS_GetArena1Hi
 .text.SYS_SetArena2Lo
                0x000000008001b880       0x38 C:/devkitPro/libogc/lib/wii\libogc.a(system.o)
                0x000000008001b880                SYS_SetArena2Lo
 .text.SYS_GetArena2Lo
                0x000000008001b8b8       0x38 C:/devkitPro/libogc/lib/wii\libogc.a(system.o)
                0x000000008001b8b8                SYS_GetArena2Lo
 .text.SYS_SetArena2Hi
                0x000000008001b8f0       0x38 C:/devkitPro/libogc/lib/wii\libogc.a(system.o)
                0x000000008001b8f0                SYS_SetArena2Hi
 .text.SYS_GetArena2Hi
                0x000000008001b928       0x38 C:/devkitPro/libogc/lib/wii\libogc.a(system.o)
                0x000000008001b928                SYS_GetArena2Hi
 .text.SYS_AllocateFramebuffer
                0x000000008001b960       0x28 C:/devkitPro/libogc/lib/wii\libogc.a(system.o)
                0x000000008001b960                SYS_AllocateFramebuffer
 .text.SYS_CreateAlarm
                0x000000008001b988      0x120 C:/devkitPro/libogc/lib/wii\libogc.a(system.o)
                0x000000008001b988                SYS_CreateAlarm
 .text.SYS_SetAlarm
                0x000000008001baa8      0x1d0 C:/devkitPro/libogc/lib/wii\libogc.a(system.o)
                0x000000008001baa8                SYS_SetAlarm
 .text.SYS_SetPeriodicAlarm
                0x000000008001bc78      0x214 C:/devkitPro/libogc/lib/wii\libogc.a(system.o)
                0x000000008001bc78                SYS_SetPeriodicAlarm
 .text.SYS_RemoveAlarm
                0x000000008001be8c      0x128 C:/devkitPro/libogc/lib/wii\libogc.a(system.o)
                0x000000008001be8c                SYS_RemoveAlarm
 .text.SYS_CancelAlarm
                0x000000008001bfb4       0xd0 C:/devkitPro/libogc/lib/wii\libogc.a(system.o)
                0x000000008001bfb4                SYS_CancelAlarm
 .text.SYS_SetWirelessID
                0x000000008001c084       0x94 C:/devkitPro/libogc/lib/wii\libogc.a(system.o)
                0x000000008001c084                SYS_SetWirelessID
 .text.SYS_GetWirelessID
                0x000000008001c118       0xa0 C:/devkitPro/libogc/lib/wii\libogc.a(system.o)
                0x000000008001c118                SYS_GetWirelessID
 .text.SYS_GetHollywoodRevision
                0x000000008001c1b8       0x3c C:/devkitPro/libogc/lib/wii\libogc.a(system.o)
                0x000000008001c1b8                SYS_GetHollywoodRevision
 .text.SYS_Time
                0x000000008001c1f4       0x78 C:/devkitPro/libogc/lib/wii\libogc.a(system.o)
                0x000000008001c1f4                SYS_Time
 .text.__SYS_SetBootTime
                0x000000008001c26c       0x20 C:/devkitPro/libogc/lib/wii\libogc.a(system.o)
                0x000000008001c26c                __SYS_SetBootTime
 .text.SYS_PreMain
                0x000000008001c28c       0x58 C:/devkitPro/libogc/lib/wii\libogc.a(system.o)
                0x000000008001c28c                SYS_PreMain
 .text.__lwp_cond_init
                0x000000008001c2e4       0x14 C:/devkitPro/libogc/lib/wii\libogc.a(cond.o)
                0x000000008001c2e4                __lwp_cond_init
 .text.__GX_InitRevBits
                0x000000008001c2f8       0x9c C:/devkitPro/libogc/lib/wii\libogc.a(gx.o)
 .text.__GX_CleanGPFifo
                0x000000008001c394      0x19c C:/devkitPro/libogc/lib/wii\libogc.a(gx.o)
 .text.__GXTokenInterruptHandler
                0x000000008001c530       0x68 C:/devkitPro/libogc/lib/wii\libogc.a(gx.o)
 .text.__GXDefTexRegionCallback
                0x000000008001c598       0x78 C:/devkitPro/libogc/lib/wii\libogc.a(gx.o)
 .text.__GXDefTlutRegionCallback
                0x000000008001c610       0x18 C:/devkitPro/libogc/lib/wii\libogc.a(gx.o)
 .text.__SetSURegs
                0x000000008001c628       0x90 C:/devkitPro/libogc/lib/wii\libogc.a(gx.o)
 .text.__GXCPInterruptHandler
                0x000000008001c6b8      0x17c C:/devkitPro/libogc/lib/wii\libogc.a(gx.o)
 .text.__GXFinishInterruptHandler
                0x000000008001c834       0x58 C:/devkitPro/libogc/lib/wii\libogc.a(gx.o)
 .text.__GX_WaitAbort
                0x000000008001c88c       0xa0 C:/devkitPro/libogc/lib/wii\libogc.a(gx.o)
 .text.__GX_Abort
                0x000000008001c92c      0x12c C:/devkitPro/libogc/lib/wii\libogc.a(gx.o)
 .text.__GX_CPGPLinkCheck
                0x000000008001ca58       0x54 C:/devkitPro/libogc/lib/wii\libogc.a(gx.o)
 .text.GX_InitFifoBase.part.3
                0x000000008001caac       0x6c C:/devkitPro/libogc/lib/wii\libogc.a(gx.o)
 .text.GX_SetTexCoordGen2.part.7
                0x000000008001cb18      0x2b8 C:/devkitPro/libogc/lib/wii\libogc.a(gx.o)
 .text.GX_SetTexCoordGen.part.8
                0x000000008001cdd0        0xc C:/devkitPro/libogc/lib/wii\libogc.a(gx.o)
 .text.GX_LoadTexMtxImm.part.9
                0x000000008001cddc       0x3c C:/devkitPro/libogc/lib/wii\libogc.a(gx.o)
 .text.GX_InitTexObj.part.10
                0x000000008001ce18      0x1e8 C:/devkitPro/libogc/lib/wii\libogc.a(gx.o)
 .text.__GX_SetDirtyState
                0x000000008001d000      0x608 C:/devkitPro/libogc/lib/wii\libogc.a(gx.o)
 .text.GX_SetCPUFifo
                0x000000008001d608      0x258 C:/devkitPro/libogc/lib/wii\libogc.a(gx.o)
                0x000000008001d608                GX_SetCPUFifo
 .text.GX_SetGPFifo
                0x000000008001d860      0x2fc C:/devkitPro/libogc/lib/wii\libogc.a(gx.o)
                0x000000008001d860                GX_SetGPFifo
 .text.GX_Flush
                0x000000008001db5c       0x94 C:/devkitPro/libogc/lib/wii\libogc.a(gx.o)
                0x000000008001db5c                GX_Flush
 .text.__gx_onreset
                0x000000008001dbf0       0x80 C:/devkitPro/libogc/lib/wii\libogc.a(gx.o)
 .text.GX_AbortFrame
                0x000000008001dc70       0x54 C:/devkitPro/libogc/lib/wii\libogc.a(gx.o)
                0x000000008001dc70                GX_AbortFrame
 .text.GX_DrawDone
                0x000000008001dcc4       0xc0 C:/devkitPro/libogc/lib/wii\libogc.a(gx.o)
                0x000000008001dcc4                GX_DrawDone
 .text.GX_SetViewport
                0x000000008001dd84       0x78 C:/devkitPro/libogc/lib/wii\libogc.a(gx.o)
                0x000000008001dd84                GX_SetViewport
 .text.GX_LoadProjectionMtx
                0x000000008001ddfc       0xf0 C:/devkitPro/libogc/lib/wii\libogc.a(gx.o)
                0x000000008001ddfc                GX_LoadProjectionMtx
 .text.GX_SetCopyClear
                0x000000008001deec       0x4c C:/devkitPro/libogc/lib/wii\libogc.a(gx.o)
                0x000000008001deec                GX_SetCopyClear
 .text.GX_SetDispCopyGamma
                0x000000008001df38       0x18 C:/devkitPro/libogc/lib/wii\libogc.a(gx.o)
                0x000000008001df38                GX_SetDispCopyGamma
 .text.GX_SetCopyFilter
                0x000000008001df50      0x240 C:/devkitPro/libogc/lib/wii\libogc.a(gx.o)
                0x000000008001df50                GX_SetCopyFilter
 .text.GX_SetDispCopyYScale
                0x000000008001e190      0x104 C:/devkitPro/libogc/lib/wii\libogc.a(gx.o)
                0x000000008001e190                GX_SetDispCopyYScale
 .text.GX_SetDispCopyDst
                0x000000008001e294       0x20 C:/devkitPro/libogc/lib/wii\libogc.a(gx.o)
                0x000000008001e294                GX_SetDispCopyDst
 .text.GX_SetDispCopySrc
                0x000000008001e2b4       0x38 C:/devkitPro/libogc/lib/wii\libogc.a(gx.o)
                0x000000008001e2b4                GX_SetDispCopySrc
 .text.GX_CopyDisp
                0x000000008001e2ec      0x12c C:/devkitPro/libogc/lib/wii\libogc.a(gx.o)
                0x000000008001e2ec                GX_CopyDisp
 .text.GX_SetVtxDesc
                0x000000008001e418      0x1f8 C:/devkitPro/libogc/lib/wii\libogc.a(gx.o)
                0x000000008001e418                GX_SetVtxDesc
 .text.GX_SetVtxAttrFmt
                0x000000008001e610      0x54c C:/devkitPro/libogc/lib/wii\libogc.a(gx.o)
                0x000000008001e610                GX_SetVtxAttrFmt
 .text.GX_Begin
                0x000000008001eb5c       0x74 C:/devkitPro/libogc/lib/wii\libogc.a(gx.o)
                0x000000008001eb5c                GX_Begin
 .text.GX_SetTexCoordGen
                0x000000008001ebd0        0xc C:/devkitPro/libogc/lib/wii\libogc.a(gx.o)
                0x000000008001ebd0                GX_SetTexCoordGen
 .text.GX_LoadPosMtxImm
                0x000000008001ebdc       0x50 C:/devkitPro/libogc/lib/wii\libogc.a(gx.o)
                0x000000008001ebdc                GX_LoadPosMtxImm
 .text.GX_SetNumTexGens
                0x000000008001ec2c       0x28 C:/devkitPro/libogc/lib/wii\libogc.a(gx.o)
                0x000000008001ec2c                GX_SetNumTexGens
 .text.GX_InvVtxCache
                0x000000008001ec54       0x14 C:/devkitPro/libogc/lib/wii\libogc.a(gx.o)
                0x000000008001ec54                GX_InvVtxCache
 .text.GX_SetZMode
                0x000000008001ec68       0x38 C:/devkitPro/libogc/lib/wii\libogc.a(gx.o)
                0x000000008001ec68                GX_SetZMode
 .text.GX_InitTexObj
                0x000000008001eca0        0xc C:/devkitPro/libogc/lib/wii\libogc.a(gx.o)
                0x000000008001eca0                GX_InitTexObj
 .text.GX_InitTexObjLOD
                0x000000008001ecac      0x200 C:/devkitPro/libogc/lib/wii\libogc.a(gx.o)
                0x000000008001ecac                GX_InitTexObjLOD
 .text.GX_LoadTexObjPreloaded
                0x000000008001eeac      0x154 C:/devkitPro/libogc/lib/wii\libogc.a(gx.o)
                0x000000008001eeac                GX_LoadTexObjPreloaded
 .text.GX_LoadTexObj
                0x000000008001f000       0x5c C:/devkitPro/libogc/lib/wii\libogc.a(gx.o)
                0x000000008001f000                GX_LoadTexObj
 .text.GX_InvalidateTexAll
                0x000000008001f05c       0x50 C:/devkitPro/libogc/lib/wii\libogc.a(gx.o)
                0x000000008001f05c                GX_InvalidateTexAll
 .text.GX_SetBlendMode
                0x000000008001f0ac       0xa8 C:/devkitPro/libogc/lib/wii\libogc.a(gx.o)
                0x000000008001f0ac                GX_SetBlendMode
 .text.GX_ClearVtxDesc
                0x000000008001f154       0x38 C:/devkitPro/libogc/lib/wii\libogc.a(gx.o)
                0x000000008001f154                GX_ClearVtxDesc
 .text.GX_SetTevColorOp
                0x000000008001f18c       0x98 C:/devkitPro/libogc/lib/wii\libogc.a(gx.o)
                0x000000008001f18c                GX_SetTevColorOp
 .text.GX_SetTevAlphaOp
                0x000000008001f224       0x98 C:/devkitPro/libogc/lib/wii\libogc.a(gx.o)
                0x000000008001f224                GX_SetTevAlphaOp
 .text.GX_SetTevOp
                0x000000008001f2bc      0x248 C:/devkitPro/libogc/lib/wii\libogc.a(gx.o)
                0x000000008001f2bc                GX_SetTevOp
 .text.GX_SetCullMode
                0x000000008001f504       0x2c C:/devkitPro/libogc/lib/wii\libogc.a(gx.o)
                0x000000008001f504                GX_SetCullMode
 .text.GX_SetScissor
                0x000000008001f530       0x78 C:/devkitPro/libogc/lib/wii\libogc.a(gx.o)
                0x000000008001f530                GX_SetScissor
 .text.GX_SetNumChans
                0x000000008001f5a8       0x28 C:/devkitPro/libogc/lib/wii\libogc.a(gx.o)
                0x000000008001f5a8                GX_SetNumChans
 .text.GX_SetTevOrder
                0x000000008001f5d0      0x190 C:/devkitPro/libogc/lib/wii\libogc.a(gx.o)
                0x000000008001f5d0                GX_SetTevOrder
 .text.GX_SetTevKColorSel
                0x000000008001f760       0x54 C:/devkitPro/libogc/lib/wii\libogc.a(gx.o)
                0x000000008001f760                GX_SetTevKColorSel
 .text.GX_SetTevKAlphaSel
                0x000000008001f7b4       0x54 C:/devkitPro/libogc/lib/wii\libogc.a(gx.o)
                0x000000008001f7b4                GX_SetTevKAlphaSel
 .text.GX_SetTevSwapModeTable
                0x000000008001f808       0x64 C:/devkitPro/libogc/lib/wii\libogc.a(gx.o)
                0x000000008001f808                GX_SetTevSwapModeTable
 .text.GX_SetFog
                0x000000008001f86c      0x3f4 C:/devkitPro/libogc/lib/wii\libogc.a(gx.o)
                0x000000008001f86c                GX_SetFog
 .text.GX_SetColorUpdate
                0x000000008001fc60       0x30 C:/devkitPro/libogc/lib/wii\libogc.a(gx.o)
                0x000000008001fc60                GX_SetColorUpdate
 .text.GX_SetAlphaUpdate
                0x000000008001fc90       0x30 C:/devkitPro/libogc/lib/wii\libogc.a(gx.o)
                0x000000008001fc90                GX_SetAlphaUpdate
 .text.GX_SetPixelFmt
                0x000000008001fcc0       0xe0 C:/devkitPro/libogc/lib/wii\libogc.a(gx.o)
                0x000000008001fcc0                GX_SetPixelFmt
 .text.GX_SetFieldMode
                0x000000008001fda0       0x58 C:/devkitPro/libogc/lib/wii\libogc.a(gx.o)
                0x000000008001fda0                GX_SetFieldMode
 .text.GX_SetGPMetric
                0x000000008001fdf8      0x808 C:/devkitPro/libogc/lib/wii\libogc.a(gx.o)
                0x000000008001fdf8                GX_SetGPMetric
 .text.GX_Init  0x0000000080020600     0x1048 C:/devkitPro/libogc/lib/wii\libogc.a(gx.o)
                0x0000000080020600                GX_Init
 .text.GX_GetYScaleFactor
                0x0000000080021648      0x2cc C:/devkitPro/libogc/lib/wii\libogc.a(gx.o)
                0x0000000080021648                GX_GetYScaleFactor
 .text.guOrtho  0x0000000080021914       0x98 C:/devkitPro/libogc/lib/wii\libogc.a(gu.o)
                0x0000000080021914                guOrtho
 .text.__decrementer_init
                0x00000000800219ac        0x4 C:/devkitPro/libogc/lib/wii\libogc.a(decrementer.o)
                0x00000000800219ac                __decrementer_init
 .text.c_decrementer_handler
                0x00000000800219b0        0xc C:/devkitPro/libogc/lib/wii\libogc.a(decrementer.o)
                0x00000000800219b0                c_decrementer_handler
 .text.__lwp_mqbox_init
                0x00000000800219bc       0x14 C:/devkitPro/libogc/lib/wii\libogc.a(message.o)
                0x00000000800219bc                __lwp_mqbox_init
 .text.__si_transfer
                0x00000000800219d0      0x160 C:/devkitPro/libogc/lib/wii\libogc.a(si.o)
 .text.__si_alarmhandler
                0x0000000080021b30       0xe0 C:/devkitPro/libogc/lib/wii\libogc.a(si.o)
 .text.__si_completetransfer
                0x0000000080021c10      0x1d4 C:/devkitPro/libogc/lib/wii\libogc.a(si.o)
 .text.__si_transfernext
                0x0000000080021de4       0xe8 C:/devkitPro/libogc/lib/wii\libogc.a(si.o)
 .text.SI_Busy  0x0000000080021ecc       0x18 C:/devkitPro/libogc/lib/wii\libogc.a(si.o)
                0x0000000080021ecc                SI_Busy
 .text.SI_IsChanBusy
                0x0000000080021ee4       0x38 C:/devkitPro/libogc/lib/wii\libogc.a(si.o)
                0x0000000080021ee4                SI_IsChanBusy
 .text.SI_SetXY
                0x0000000080021f1c       0x64 C:/devkitPro/libogc/lib/wii\libogc.a(si.o)
                0x0000000080021f1c                SI_SetXY
 .text.SI_EnablePolling
                0x0000000080021f80       0x84 C:/devkitPro/libogc/lib/wii\libogc.a(si.o)
                0x0000000080021f80                SI_EnablePolling
 .text.SI_DisablePolling
                0x0000000080022004       0x58 C:/devkitPro/libogc/lib/wii\libogc.a(si.o)
                0x0000000080022004                SI_DisablePolling
 .text.SI_SetSamplingRate
                0x000000008002205c       0xe4 C:/devkitPro/libogc/lib/wii\libogc.a(si.o)
                0x000000008002205c                SI_SetSamplingRate
 .text.SI_RefreshSamplingRate
                0x0000000080022140        0x8 C:/devkitPro/libogc/lib/wii\libogc.a(si.o)
                0x0000000080022140                SI_RefreshSamplingRate
 .text.SI_GetStatus
                0x0000000080022148       0x78 C:/devkitPro/libogc/lib/wii\libogc.a(si.o)
                0x0000000080022148                SI_GetStatus
 .text.SI_GetResponseRaw
                0x00000000800221c0       0x80 C:/devkitPro/libogc/lib/wii\libogc.a(si.o)
                0x00000000800221c0                SI_GetResponseRaw
 .text.SI_GetResponse
                0x0000000080022240       0xb8 C:/devkitPro/libogc/lib/wii\libogc.a(si.o)
                0x0000000080022240                SI_GetResponse
 .text.SI_SetCommand
                0x00000000800222f8       0x10 C:/devkitPro/libogc/lib/wii\libogc.a(si.o)
                0x00000000800222f8                SI_SetCommand
 .text.SI_Transfer
                0x0000000080022308      0x270 C:/devkitPro/libogc/lib/wii\libogc.a(si.o)
                0x0000000080022308                SI_Transfer
 .text.__si_gettypecallback
                0x0000000080022578      0x2d4 C:/devkitPro/libogc/lib/wii\libogc.a(si.o)
 .text.__si_interrupthandler
                0x000000008002284c      0x270 C:/devkitPro/libogc/lib/wii\libogc.a(si.o)
 .text.SI_GetType
                0x0000000080022abc      0x1d8 C:/devkitPro/libogc/lib/wii\libogc.a(si.o)
                0x0000000080022abc                SI_GetType
 .text.SI_GetTypeAsync
                0x0000000080022c94      0x138 C:/devkitPro/libogc/lib/wii\libogc.a(si.o)
                0x0000000080022c94                SI_GetTypeAsync
 .text.SI_EnablePollingInterrupt
                0x0000000080022dcc       0xac C:/devkitPro/libogc/lib/wii\libogc.a(si.o)
                0x0000000080022dcc                SI_EnablePollingInterrupt
 .text.SI_UnregisterPollingHandler
                0x0000000080022e78       0xdc C:/devkitPro/libogc/lib/wii\libogc.a(si.o)
                0x0000000080022e78                SI_UnregisterPollingHandler
 .text.__si_init
                0x0000000080022f54       0xf8 C:/devkitPro/libogc/lib/wii\libogc.a(si.o)
                0x0000000080022f54                __si_init
 .text.TPL_GetTextureSize