Archive member included to satisfy reference by file (symbol)

C:/devkitPro/libogc/lib/wii\libwiiuse.a(wpad.o)
                              zad4r.o (WPAD_SetDataFormat)
C:/devkitPro/libogc/lib/wii\libwiiuse.a(motion_plus.o)
                              C:/devkitPro/libogc/lib/wii\libwiiuse.a(wpad.o) (wiiuse_set_motion_plus)
C:/devkitPro/libogc/lib/wii\libwiiuse.a(dynamics.o)
                              C:/devkitPro/libogc/lib/wii\libwiiuse.a(wpad.o) (calculate_gforce)
C:/devkitPro/libogc/lib/wii\libwiiuse.a(io.o)
                              C:/devkitPro/libogc/lib/wii\libwiiuse.a(motion_plus.o) (wiiuse_disable_expansion)
C:/devkitPro/libogc/lib/wii\libwiiuse.a(io_wii.o)
                              C:/devkitPro/libogc/lib/wii\libwiiuse.a(wpad.o) (__wiiuse_sensorbar_enable)
C:/devkitPro/libogc/lib/wii\libwiiuse.a(ir.o)
                              C:/devkitPro/libogc/lib/wii\libwiiuse.a(motion_plus.o) (wiiuse_set_ir_mode)
C:/devkitPro/libogc/lib/wii\libwiiuse.a(nunchuk.o)
                              C:/devkitPro/libogc/lib/wii\libwiiuse.a(io.o) (nunchuk_handshake)
C:/devkitPro/libogc/lib/wii\libwiiuse.a(wiiboard.o)
                              C:/devkitPro/libogc/lib/wii\libwiiuse.a(io.o) (wii_board_handshake)
C:/devkitPro/libogc/lib/wii\libwiiuse.a(wiiuse.o)
                              C:/devkitPro/libogc/lib/wii\libwiiuse.a(wpad.o) (wiiuse_init)
C:/devkitPro/libogc/lib/wii\libwiiuse.a(speaker.o)
                              C:/devkitPro/libogc/lib/wii\libwiiuse.a(wpad.o) (wencdata)
C:/devkitPro/libogc/lib/wii\libwiiuse.a(classic.o)
                              C:/devkitPro/libogc/lib/wii\libwiiuse.a(io.o) (classic_ctrl_handshake)
C:/devkitPro/libogc/lib/wii\libwiiuse.a(events.o)
                              C:/devkitPro/libogc/lib/wii\libwiiuse.a(io_wii.o) (parse_event)
C:/devkitPro/libogc/lib/wii\libwiiuse.a(guitar_hero_3.o)
                              C:/devkitPro/libogc/lib/wii\libwiiuse.a(io.o) (guitar_hero_3_handshake)
C:/devkitPro/libogc/lib/wii\libbte.a(bte.o)
                              C:/devkitPro/libogc/lib/wii\libwiiuse.a(wpad.o) (BTE_Init)
C:/devkitPro/libogc/lib/wii\libbte.a(hci.o)
                              C:/devkitPro/libogc/lib/wii\libbte.a(bte.o) (hci_init)
C:/devkitPro/libogc/lib/wii\libbte.a(l2cap.o)
                              C:/devkitPro/libogc/lib/wii\libbte.a(bte.o) (l2cap_init)
C:/devkitPro/libogc/lib/wii\libbte.a(btmemb.o)
                              C:/devkitPro/libogc/lib/wii\libbte.a(bte.o) (btmemb_init)
C:/devkitPro/libogc/lib/wii\libbte.a(btmemr.o)
                              C:/devkitPro/libogc/lib/wii\libbte.a(hci.o) (btmemr_init)
C:/devkitPro/libogc/lib/wii\libbte.a(btpbuf.o)
                              C:/devkitPro/libogc/lib/wii\libbte.a(hci.o) (btpbuf_init)
C:/devkitPro/libogc/lib/wii\libbte.a(physbusif.o)
                              C:/devkitPro/libogc/lib/wii\libbte.a(bte.o) (physbusif_init)
C:/devkitPro/libogc/lib/wii\libogc.a(lwp_queue.o)
                              C:/devkitPro/libogc/lib/wii\libwiiuse.a(io_wii.o) (__lwp_queue_initialize)
C:/devkitPro/libogc/lib/wii\libogc.a(lwp_threads.o)
                              C:/devkitPro/libogc/lib/wii\libwiiuse.a(wpad.o) (_thread_dispatch_disable_level)
C:/devkitPro/libogc/lib/wii\libogc.a(lwp.o)
                              C:/devkitPro/libogc/lib/wii\libbte.a(bte.o) (LWP_InitQueue)
C:/devkitPro/libogc/lib/wii\libogc.a(lwp_handler.o)
                              C:/devkitPro/libogc/lib/wii\libogc.a(lwp_threads.o) (_cpu_context_save_fp)
C:/devkitPro/libogc/lib/wii\libogc.a(lwp_stack.o)
                              C:/devkitPro/libogc/lib/wii\libogc.a(lwp_threads.o) (__lwp_stack_allocate)
C:/devkitPro/libogc/lib/wii\libogc.a(lwp_watchdog.o)
                              C:/devkitPro/libogc/lib/wii\libogc.a(lwp_threads.o) (_wd_ticks_queue)
C:/devkitPro/libogc/lib/wii\libogc.a(lwp_wkspace.o)
                              C:/devkitPro/libogc/lib/wii\libwiiuse.a(motion_plus.o) (__wkspace_heap)
C:/devkitPro/libogc/lib/wii\libogc.a(lwp_objmgr.o)
                              C:/devkitPro/libogc/lib/wii\libogc.a(lwp.o) (__lwp_objmgr_initinfo)
C:/devkitPro/libogc/lib/wii\libogc.a(lwp_heap.o)
                              C:/devkitPro/libogc/lib/wii\libogc.a(lwp_wkspace.o) (__lwp_heap_init)
C:/devkitPro/libogc/lib/wii\libogc.a(sys_state.o)
                              C:/devkitPro/libogc/lib/wii\libogc.a(lwp_threads.o) (_sys_state_curr)
C:/devkitPro/libogc/lib/wii\libogc.a(irq.o)
                              C:/devkitPro/libogc/lib/wii\libwiiuse.a(io_wii.o) (IRQ_Disable)
C:/devkitPro/libogc/lib/wii\libogc.a(video.o)
                              zad4r.o (VIDEO_Configure)
C:/devkitPro/libogc/lib/wii\libogc.a(system.o)
                              C:/devkitPro/libogc/lib/wii\libwiiuse.a(wpad.o) (__SYS_DoPowerCB)
C:/devkitPro/libogc/lib/wii\libogc.a(system_asm.o)
                              C:/devkitPro/libogc/lib/wii\libbte.a(bte.o) (SYS_SwitchFiber)
[...]
Memory Configuration

Name             Origin             Length             Attributes
*default*        0x0000000000000000 0xffffffffffffffff

Linker script and memory map

                0x0000000000003400                . = 0x3400

.stub
 *(.stub)
                0x0000000080004000                . = 0x80004000

.init           0x0000000080004000      0x194
 *crt0.o(*.init)
 .init          0x0000000080004000      0x170 C:/devkitPro/libogc/lib/wii\libogc.a(ogc_crt0.o)
                0x0000000080004000                _start
                0x0000000080004140                _memset
 *(.init)
 .init          0x0000000080004170        0xc c:/devkitpro/devkitppc/bin/../lib/gcc/powerpc-eabi/8.3.0/ecrti.o
                0x0000000080004170                __init
 .init          0x000000008000417c        0x4 c:/devkitpro/devkitppc/bin/../lib/gcc/powerpc-eabi/8.3.0/crtbegin.o
 .init          0x0000000080004180        0x4 c:/devkitpro/devkitppc/bin/../lib/gcc/powerpc-eabi/8.3.0/crtend.o
 .init          0x0000000080004184       0x10 c:/devkitpro/devkitppc/bin/../lib/gcc/powerpc-eabi/8.3.0/ecrtn.o

.rela.dyn       0x0000000080004194        0x0
 .rela.iplt     0x0000000080004194        0x0 zad4r.o

.plt
 *(.plt)

.interp
 *(.interp)

.hash
 *(.hash)

.dynsym
 *(.dynsym)

.dynstr
 *(.dynstr)

.gnu.version
 *(.gnu.version)

.gnu.version_d
 *(.gnu.version_d)

.gnu.version_r
 *(.gnu.version_r)

.rel.init
 *(.rel.init)

.rela.init      0x0000000080004194        0x0
 *(.rela.init)
 .rela.init     0x0000000080004194        0x0 zad4r.o

.rel.text
 *(.rel.text .rel.text.* .rel.gnu.linkonce.t.*)

.rela.text      0x0000000080004194        0x0
 *(.rela.text .rela.text.* .rela.gnu.linkonce.t.*)
 .rela.text.deregister_tm_clones
                0x0000000080004194        0x0 zad4r.o
 .rela.text.register_tm_clones
                0x0000000080004194        0x0 zad4r.o
 .rela.text.__do_global_dtors_aux
                0x0000000080004194        0x0 zad4r.o
 .rela.text.frame_dummy
                0x0000000080004194        0x0 zad4r.o
 .rela.text.startup.main
                0x0000000080004194        0x0 zad4r.o
 .rela.text.wiiuse_handshake
                0x0000000080004194        0x0 zad4r.o
 .rela.text.wiiuse_handshake_expansion
                0x0000000080004194        0x0 zad4r.o
 .rela.text.wiiuse_init_cmd_queue
                0x0000000080004194        0x0 zad4r.o
 .rela.text.wiiuse_init
                0x0000000080004194        0x0 zad4r.o
 .rela.text.__lwp_thread_tickle_timeslice
                0x0000000080004194        0x0 zad4r.o
 .rela.text.__lwp_thread_setstate
                0x0000000080004194        0x0 zad4r.o
 .rela.text.__lwp_thread_suspend
                0x0000000080004194        0x0 zad4r.o
 .rela.text.__lwp_thread_changepriority
                0x0000000080004194        0x0 zad4r.o
 .rela.text.__lwp_thread_ready
                0x0000000080004194        0x0 zad4r.o
 .rela.text.__lwp_thread_init
                0x0000000080004194        0x0 zad4r.o
 .rela.text.__lwp_thread_close
                0x0000000080004194        0x0 zad4r.o
 .rela.text.__lwp_thread_closeall
                0x0000000080004194        0x0 zad4r.o
 .rela.text.__lwp_thread_startmultitasking
                0x0000000080004194        0x0 zad4r.o
 .rela.text.__lwp_thread_stopmultitasking
                0x0000000080004194        0x0 zad4r.o
 .rela.text.__lwp_thread_coreinit
                0x0000000080004194        0x0 zad4r.o
 .rela.text.__lwp_sysinit
                0x0000000080004194        0x0 zad4r.o
 .rela.text.LWP_SuspendThread
                0x0000000080004194        0x0 zad4r.o
 .rela.text.LWP_ResumeThread
                0x0000000080004194        0x0 zad4r.o
 .rela.text.LWP_InitQueue
                0x0000000080004194        0x0 zad4r.o
 .rela.text.LWP_CloseQueue
                0x0000000080004194        0x0 zad4r.o
 .rela.text.LWP_ThreadSleep
                0x0000000080004194        0x0 zad4r.o
 .rela.text.LWP_ThreadBroadcast
                0x0000000080004194        0x0 zad4r.o
 .rela.text.LWP_ThreadSignal
                0x0000000080004194        0x0 zad4r.o
 .rela.text.__lwp_stack_allocate
                0x0000000080004194        0x0 zad4r.o
 .rela.text.__lwp_stack_free
                0x0000000080004194        0x0 zad4r.o
 .rela.text.__lwp_watchdog_init
                0x0000000080004194        0x0 zad4r.o
 .rela.text.__lwp_wd_tickle
                0x0000000080004194        0x0 zad4r.o
 .rela.text.__lwp_wkspace_init
                0x0000000080004194        0x0 zad4r.o
 .rela.text.__lwp_objmgr_initinfo
                0x0000000080004194        0x0 zad4r.o
 .rela.text.__irq_init
                0x0000000080004194        0x0 zad4r.o
 .rela.text.__call_resetfuncs
                0x0000000080004194        0x0 zad4r.o
 .rela.text.__unlocksram
                0x0000000080004194        0x0 zad4r.o
 .rela.text.__sram_writecallback
                0x0000000080004194        0x0 zad4r.o
 .rela.text.__sys_alarmhandler
                0x0000000080004194        0x0 zad4r.o
 .rela.text.__sram_read.constprop.11
                0x0000000080004194        0x0 zad4r.o
 .rela.text.SYS_Init
                0x0000000080004194        0x0 zad4r.o
 .rela.text.SYS_SetAlarm
                0x0000000080004194        0x0 zad4r.o
 .rela.text.SYS_SetPeriodicAlarm
                0x0000000080004194        0x0 zad4r.o
 .rela.text.SYS_RemoveAlarm
                0x0000000080004194        0x0 zad4r.o
 .rela.text.SYS_CancelAlarm
                0x0000000080004194        0x0 zad4r.o
 .rela.text.SYS_SetWirelessID
                0x0000000080004194        0x0 zad4r.o
 .rela.text.SYS_GetWirelessID
                0x0000000080004194        0x0 zad4r.o
 .rela.text.__lwp_cond_init
                0x0000000080004194        0x0 zad4r.o
 .rela.text.__GX_InitRevBits
                0x0000000080004194        0x0 zad4r.o
 .rela.text.__GX_CleanGPFifo
                0x0000000080004194        0x0 zad4r.o
 .rela.text.__GXDefTexRegionCallback
                0x0000000080004194        0x0 zad4r.o
 .rela.text.__GXDefTlutRegionCallback
                0x0000000080004194        0x0 zad4r.o
 .rela.text.__SetSURegs
                0x0000000080004194        0x0 zad4r.o
 .rela.text.__GXCPInterruptHandler
                0x0000000080004194        0x0 zad4r.o
 .rela.text.__GX_Abort
                0x0000000080004194        0x0 zad4r.o
 .rela.text.GX_SetTexCoordGen2.part.7
                0x0000000080004194        0x0 zad4r.o
 .rela.text.__GX_SetDirtyState
                0x0000000080004194        0x0 zad4r.o
 .rela.text.GX_SetCPUFifo
                0x0000000080004194        0x0 zad4r.o
 .rela.text.GX_SetGPFifo
                0x0000000080004194        0x0 zad4r.o
 .rela.text.GX_Flush
                0x0000000080004194        0x0 zad4r.o
 .rela.text.__gx_onreset
                0x0000000080004194        0x0 zad4r.o
 .rela.text.GX_AbortFrame
                0x0000000080004194        0x0 zad4r.o
 .rela.text.GX_SetDispCopyGamma
                0x0000000080004194        0x0 zad4r.o
 .rela.text.GX_SetDispCopyYScale
                0x0000000080004194        0x0 zad4r.o
 .rela.text.GX_SetDispCopyDst
                0x0000000080004194        0x0 zad4r.o
 .rela.text.GX_SetDispCopySrc
                0x0000000080004194        0x0 zad4r.o
 .rela.text.GX_CopyDisp
                0x0000000080004194        0x0 zad4r.o
 .rela.text.GX_SetVtxDesc
                0x0000000080004194        0x0 zad4r.o
 .rela.text.GX_SetVtxAttrFmt
                0x0000000080004194        0x0 zad4r.o
 .rela.text.GX_Begin
                0x0000000080004194        0x0 zad4r.o
 .rela.text.GX_SetNumTexGens
                0x0000000080004194        0x0 zad4r.o
 .rela.text.GX_SetZMode
                0x0000000080004194        0x0 zad4r.o
 .rela.text.GX_InvalidateTexAll
                0x0000000080004194        0x0 zad4r.o
 .rela.text.GX_SetBlendMode
                0x0000000080004194        0x0 zad4r.o
 .rela.text.GX_ClearVtxDesc
                0x0000000080004194        0x0 zad4r.o
 .rela.text.GX_SetTevColorOp
                0x0000000080004194        0x0 zad4r.o
 .rela.text.GX_SetTevAlphaOp
                0x0000000080004194        0x0 zad4r.o
 .rela.text.GX_SetTevOp
                0x0000000080004194        0x0 zad4r.o
 .rela.text.GX_SetCullMode
                0x0000000080004194        0x0 zad4r.o
 .rela.text.GX_SetScissor
                0x0000000080004194        0x0 zad4r.o
 .rela.text.GX_SetNumChans
                0x0000000080004194        0x0 zad4r.o
 .rela.text.GX_SetTevOrder
                0x0000000080004194        0x0 zad4r.o
 .rela.text.GX_SetTevKColorSel
                0x0000000080004194        0x0 zad4r.o
 .rela.text.GX_SetTevKAlphaSel
                0x0000000080004194        0x0 zad4r.o
 .rela.text.GX_SetTevSwapModeTable
                0x0000000080004194        0x0 zad4r.o
 .rela.text.GX_SetColorUpdate
                0x0000000080004194        0x0 zad4r.o
 .rela.text.GX_SetPixelFmt
                0x0000000080004194        0x0 zad4r.o
 .rela.text.GX_SetFieldMode
                0x0000000080004194        0x0 zad4r.o
 .rela.text.GX_SetGPMetric
                0x0000000080004194        0x0 zad4r.o
 .rela.text.GX_Init
                0x0000000080004194        0x0 zad4r.o
 .rela.text.c_decrementer_handler
                0x0000000080004194        0x0 zad4r.o
 .rela.text.__lwp_mqbox_init
                0x0000000080004194        0x0 zad4r.o
 .rela.text.__ios_ioctlvformat_parse
                0x0000000080004194        0x0 zad4r.o
 .rela.text.__ioctlvfmtCB
                0x0000000080004194        0x0 zad4r.o
 .rela.text.IOS_IoctlvFormat
                0x0000000080004194        0x0 zad4r.o
 .rela.text.__libogc_nanosleep
                0x0000000080004194        0x0 zad4r.o
 .rela.text.__libc_delete_hook
                0x0000000080004194        0x0 zad4r.o
 .rela.text.__libc_init
                0x0000000080004194        0x0 zad4r.o
 .rela.text.__CheckARGV
                0x0000000080004194        0x0 zad4r.o
 .rela.text.__lwp_priority_init
                0x0000000080004194        0x0 zad4r.o
 .rela.text.__lwp_threadqueue_enqueuefifo
                0x0000000080004194        0x0 zad4r.o
 .rela.text.__lwp_threadqueue_dequeuefifo
                0x0000000080004194        0x0 zad4r.o
 .rela.text.__lwp_threadqueue_enqueuepriority
                0x0000000080004194        0x0 zad4r.o
 .rela.text.__lwp_threadqueue_dequeuepriority
                0x0000000080004194        0x0 zad4r.o
 .rela.text.__lwp_threadqueue_enqueue
                0x0000000080004194        0x0 zad4r.o
 .rela.text.__lwp_threadqueue_extractfifo
                0x0000000080004194        0x0 zad4r.o
 .rela.text.__lwp_threadqueue_extractpriority
                0x0000000080004194        0x0 zad4r.o
 .rela.text.__exception_init
                0x0000000080004194        0x0 zad4r.o
 .rela.text.__exception_close
                0x0000000080004194        0x0 zad4r.o
 .rela.text     0x0000000080004194        0x0 zad4r.o
 .rela.text.__lwp_sema_init
                0x0000000080004194        0x0 zad4r.o
 .rela.text.__lwp_mutex_locksupp.constprop.8
                0x0000000080004194        0x0 zad4r.o
 .rela.text.__lwp_mutex_init
                0x0000000080004194        0x0 zad4r.o
 .rela.text.LWP_MutexInit
                0x0000000080004194        0x0 zad4r.o
 .rela.text.LWP_MutexDestroy
                0x0000000080004194        0x0 zad4r.o
 .rela.text.LWP_MutexUnlock
                0x0000000080004194        0x0 zad4r.o
 .rela.text.kprintf
                0x0000000080004194        0x0 zad4r.o

.rel.fini
 *(.rel.fini)

.rela.fini
 *(.rela.fini)

.rel.rodata
 *(.rel.rodata .rel.rodata.* .rel.gnu.linkonce.r.*)

.rela.rodata
 *(.rela.rodata .rela.rodata.* .rela.gnu.linkonce.r.*)

.rel.data
 *(.rel.data .rel.data.* .rel.gnu.linkonce.d.*)

.rela.data
 *(.rela.data .rela.data.* .rela.gnu.linkonce.d.*)

.rel.tdata
 *(.rel.tdata .rel.tdata.* .rel.gnu.linkonce.td.*)

.rela.tdata
 *(.rela.tdata .rela.tdata.* .rela.gnu.linkonce.td.*)

.rel.tbss
 *(.rel.tbss .rel.tbss.* .rel.gnu.linkonce.tb.*)

.rela.tbss
 *(.rela.tbss .rela.tbss.* .rela.gnu.linkonce.tb.*)

.rel.ctors
 *(.rel.ctors)

.rela.ctors
 *(.rela.ctors)

.rel.dtors
 *(.rel.dtors)

.rela.dtors
 *(.rela.dtors)

.rel.got
 *(.rel.got)

.rela.got
 *(.rela.got)

.rela.got1
 *(.rela.got1)

.rela.got2
 *(.rela.got2)

.rel.sdata
 *(.rel.sdata .rel.sdata.* .rel.gnu.linkonce.s.*)

.rela.sdata
 *(.rela.sdata .rela.sdata.* .rela.gnu.linkonce.s.*)

.rel.sbss
 *(.rel.sbss .rel.sbss.* .rel.gnu.linkonce.sb.*)

.rela.sbss
 *(.rela.sbss .rela.sbss.* .rel.gnu.linkonce.sb.*)

.rel.sdata2
 *(.rel.sdata2 .rel.sdata2.* .rel.gnu.linkonce.s2.*)

.rela.sdata2    0x0000000080004194        0x0
 *(.rela.sdata2 .rela.sdata2.* .rela.gnu.linkonce.s2.*)
 .rela.sdata2.__sys_inIPL
                0x0000000080004194        0x0 zad4r.o

.rel.sbss2
 *(.rel.sbss2 .rel.sbss2.* .rel.gnu.linkonce.sb2.*)

.rela.sbss2
 *(.rela.sbss2 .rela.sbss2.* .rela.gnu.linkonce.sb2.*)

.rel.bss
 *(.rel.bss .rel.bss.* .rel.gnu.linkonce.b.*)

.rela.bss
 *(.rela.bss .rela.bss.* .rela.gnu.linkonce.b.*)

.rel.plt
 *(.rel.plt)

.rela.plt
 *(.rela.plt)

.text           0x00000000800041a0    0x3d6c0
 *(.text)
 .text          0x00000000800041a0      0x44c C:/devkitPro/libogc/lib/wii\libogc.a(lwp_handler.o)
                0x00000000800041a0                _cpu_context_save_fp
                0x00000000800042e0                _cpu_context_restore_fp
                0x0000000080004420                _cpu_context_switch
                0x0000000080004500                _cpu_context_save
                0x0000000080004580                _cpu_context_restore
 .text          0x00000000800045ec      0x4a0 C:/devkitPro/libogc/lib/wii\libogc.a(system_asm.o)
                0x00000000800045ec                __realmode
                0x0000000080004604                __configBATS
                0x0000000080004734                __InitFPRS
                0x0000000080004860                __InitPS
                0x00000000800048bc                __InitCache
                0x0000000080004914                __InitSystem
                0x000000008000499c                __flush_cache
                0x00000000800049d0                __reset
                0x0000000080004a40                __InitBATS
                0x0000000080004a5c                SYS_SwitchFiber
 .text          0x0000000080004a8c      0x8dc C:/devkitPro/libogc/lib/wii\libogc.a(gu_psasm.o)
                0x0000000080004a8c                ps_guMtxConcat
                0x0000000080004b50                ps_guMtxIdentity
                0x0000000080004b7c                ps_guMtxCopy
                0x0000000080004bb0                ps_guMtxTranspose
                0x0000000080004c00                ps_guMtxInverse
                0x0000000080004cf8                ps_guMtxInvXpose
                0x0000000080004dc0                ps_guMtxScale
                0x0000000080004de8                ps_guMtxScaleApply
                0x0000000080004e40                ps_guMtxApplyScale
                0x0000000080004ea4                ps_guMtxTrans
                0x0000000080004ed8                ps_guMtxTransApply
                0x0000000080004f24                ps_guMtxApplyTrans
                0x0000000080004fa0                ps_guMtxRotTrig
                0x0000000080005050                __ps_guMtxRotAxisRadInternal
                0x0000000080005110                ps_guMtxReflect
                0x0000000080005180                ps_guVecAdd
                0x00000000800051a4                ps_guVecSub
                0x00000000800051c8                ps_guVecScale
                0x00000000800051e4                ps_guVecNormalize
                0x0000000080005228                ps_guVecCross
                0x0000000080005264                ps_guVecDotProduct
                0x0000000080005284                ps_guVecMultiply
                0x00000000800052d8                ps_guVecMultiplySR
                0x0000000080005348                ps_guQuatDotProduct
 .text          0x0000000080005368      0x1ac C:/devkitPro/libogc/lib/wii\libogc.a(irq_handler.o)
                0x0000000080005368                irq_exceptionhandler
 .text          0x0000000080005514      0x4f4 C:/devkitPro/libogc/lib/wii\libogc.a(cache_asm.o)
                0x0000000080005514                DCFlashInvalidate
                0x0000000080005528                DCEnable
                0x000000008000553c                DCDisable
                0x0000000080005550                DCFreeze
                0x0000000080005564                DCUnfreeze
                0x0000000080005578                DCTouchLoad
                0x0000000080005580                DCBlockZero
                0x0000000080005588                DCBlockStore
                0x0000000080005590                DCBlockFlush
                0x0000000080005598                DCBlockInvalidate
                0x00000000800055a0                DCInvalidateRange
                0x00000000800055d0                DCFlushRange
                0x0000000080005604                DCStoreRange
                0x0000000080005638                DCFlushRangeNoSync
                0x0000000080005668                DCStoreRangeNoSync
                0x0000000080005698                DCZeroRange
                0x00000000800056c8                DCTouchRange
                0x00000000800056f8                ICInvalidateRange
                0x0000000080005730                ICFlashInvalidate
                0x0000000080005744                ICEnable
                0x0000000080005758                ICDisable
                0x000000008000576c                ICFreeze
                0x0000000080005780                ICUnfreeze
                0x0000000080005794                ICBlockInvalidate
                0x000000008000579c                ICSync
                0x00000000800057a4                L2Init
                0x00000000800057ec                L2Enable
                0x0000000080005808                L2Disable
                0x0000000080005820                L2GlobalInvalidate
                0x0000000080005878                __LCEnable
                0x0000000080005944                LCDisable
                0x000000008000596c                LCAllocOneTag
                0x0000000080005980                LCAllocTags
                0x00000000800059c0                LCLoadBlocks
                0x00000000800059e4                LCStoreBlocks
 .text          0x0000000080005a08      0x1ac C:/devkitPro/libogc/lib/wii\libogc.a(decrementer_handler.o)
                0x0000000080005a08                dec_exceptionhandler
 .text          0x0000000080005bb4      0x35c C:/devkitPro/libogc/lib/wii\libogc.a(exception_handler.o)
                0x0000000080005bb4                exceptionhandler_start
                0x0000000080005c30                exceptionhandler_patch
                0x0000000080005c64                exceptionhandler_end
                0x0000000080005c68                default_exceptionhandler
                0x0000000080005d98                fpu_exceptionhandler
                0x0000000080005ee0                systemcallhandler_start
                0x0000000080005f0c                systemcallhandler_end
 .text          0x0000000080005f10       0x48 c:/devkitpro/devkitppc/bin/../lib/gcc/powerpc-eabi/8.3.0\libgcc.a(eabi.o)
                0x0000000080005f10                __eabi
 *(.text.*)
 .text.deregister_tm_clones
                0x0000000080005f58       0x30 c:/devkitpro/devkitppc/bin/../lib/gcc/powerpc-eabi/8.3.0/crtbegin.o
 .text.register_tm_clones
                0x0000000080005f88       0x3c c:/devkitpro/devkitppc/bin/../lib/gcc/powerpc-eabi/8.3.0/crtbegin.o
 .text.__do_global_dtors_aux
                0x0000000080005fc4       0xd0 c:/devkitpro/devkitppc/bin/../lib/gcc/powerpc-eabi/8.3.0/crtbegin.o
 .text.frame_dummy
                0x0000000080006094       0x44 c:/devkitpro/devkitppc/bin/../lib/gcc/powerpc-eabi/8.3.0/crtbegin.o
 .text.__crtmain
                0x00000000800060d8       0x44 c:/devkitpro/devkitppc/bin/../lib/gcc/powerpc-eabi/8.3.0/../../../../powerpc-eabi/lib/crtmain.o
                0x00000000800060dc                __crtmain
 .text.wpad_initialize
                0x000000008000611c       0x44 zad4r.o
                0x000000008000611c                wpad_initialize
 .text.drawQuad
                0x0000000080006160      0x2ac zad4r.o
                0x0000000080006160                drawQuad
 .text.startup.main
                0x000000008000640c      0x80c zad4r.o
                0x000000008000640c                main
 .text.__wpad_assign_slot
                0x0000000080006c18      0x210 C:/devkitPro/libogc/lib/wii\libwiiuse.a(wpad.o)
                0x0000000080006c18                __wpad_assign_slot
 .text.__wpad_def_powcb
                0x0000000080006e28        0x4 C:/devkitPro/libogc/lib/wii\libwiiuse.a(wpad.o)
 .text.__wpad_disconnect
                0x0000000080006e2c       0x44 C:/devkitPro/libogc/lib/wii\libwiiuse.a(wpad.o)
 .text.__readlinkkey_finished
                0x0000000080006e70       0x34 C:/devkitPro/libogc/lib/wii\libwiiuse.a(wpad.o)
 .text.__wpad_patch_finished
                0x0000000080006ea4       0x2c C:/devkitPro/libogc/lib/wii\libwiiuse.a(wpad.o)
 .text.__wpad_setfmt
                0x0000000080006ed0      0x158 C:/devkitPro/libogc/lib/wii\libwiiuse.a(wpad.o)
 .text.__wpad_eventCB
                0x0000000080007028      0xa1c C:/devkitPro/libogc/lib/wii\libwiiuse.a(wpad.o)
 .text.__wpad_disconnectCB
                0x0000000080007a44       0xcc C:/devkitPro/libogc/lib/wii\libwiiuse.a(wpad.o)
                0x0000000080007a44                __wpad_disconnectCB
 .text.__wpad_timeouthandler
                0x0000000080007b10       0xb0 C:/devkitPro/libogc/lib/wii\libwiiuse.a(wpad.o)
 .text.__initcore_finished
                0x0000000080007bc0       0x48 C:/devkitPro/libogc/lib/wii\libwiiuse.a(wpad.o)
 .text.__wpad_init_finished
                0x0000000080007c08      0x1ac C:/devkitPro/libogc/lib/wii\libwiiuse.a(wpad.o)
 .text.WPAD_ReadEvent
                0x0000000080007db4      0x690 C:/devkitPro/libogc/lib/wii\libwiiuse.a(wpad.o)
                0x0000000080007db4                WPAD_ReadEvent
 .text.WPAD_ReadPending
                0x0000000080008444      0x148 C:/devkitPro/libogc/lib/wii\libwiiuse.a(wpad.o)
                0x0000000080008444                WPAD_ReadPending
 .text.WPAD_ReadPending.part.5
                0x000000008000858c       0x68 C:/devkitPro/libogc/lib/wii\libwiiuse.a(wpad.o)
 .text.WPAD_SetDataFormat
                0x00000000800085f4      0x164 C:/devkitPro/libogc/lib/wii\libwiiuse.a(wpad.o)
                0x00000000800085f4                WPAD_SetDataFormat
 .text.WPAD_SetVRes
                0x0000000080008758      0x118 C:/devkitPro/libogc/lib/wii\libwiiuse.a(wpad.o)
                0x0000000080008758                WPAD_SetVRes
 .text.WPAD_Shutdown
                0x0000000080008870       0xc8 C:/devkitPro/libogc/lib/wii\libwiiuse.a(wpad.o)
                0x0000000080008870                WPAD_Shutdown
 .text.WPAD_Init
                0x0000000080008938      0x2c4 C:/devkitPro/libogc/lib/wii\libwiiuse.a(wpad.o)
                0x0000000080008938                WPAD_Init
 .text.__wpad_onreset
                0x0000000080008bfc       0x34 C:/devkitPro/libogc/lib/wii\libwiiuse.a(wpad.o)
 .text.WPAD_ScanPads
                0x0000000080008c30        0x8 C:/devkitPro/libogc/lib/wii\libwiiuse.a(wpad.o)
                0x0000000080008c30                WPAD_ScanPads
 .text.WPAD_ButtonsDown
                0x0000000080008c38       0x28 C:/devkitPro/libogc/lib/wii\libwiiuse.a(wpad.o)
                0x0000000080008c38                WPAD_ButtonsDown
 .text.WPAD_IR  0x0000000080008c60       0x4c C:/devkitPro/libogc/lib/wii\libwiiuse.a(wpad.o)
                0x0000000080008c60                WPAD_IR
 .text.motion_plus_disconnected
                0x0000000080008cac       0x10 C:/devkitPro/libogc/lib/wii\libwiiuse.a(motion_plus.o)
                0x0000000080008cac                motion_plus_disconnected
 .text.motion_plus_event
                0x0000000080008cbc       0x64 C:/devkitPro/libogc/lib/wii\libwiiuse.a(motion_plus.o)
                0x0000000080008cbc                motion_plus_event
 .text.apply_smoothing.part.0
                0x0000000080008d20       0xa0 C:/devkitPro/libogc/lib/wii\libwiiuse.a(dynamics.o)
 .text.calculate_gforce
                0x0000000080008dc0      0x114 C:/devkitPro/libogc/lib/wii\libwiiuse.a(dynamics.o)
                0x0000000080008dc0                calculate_gforce
 .text.calc_joystick_state
                0x0000000080008ed4      0x20c C:/devkitPro/libogc/lib/wii\libwiiuse.a(dynamics.o)
                0x0000000080008ed4                calc_joystick_state
 .text.apply_smoothing
                0x00000000800090e0       0xa4 C:/devkitPro/libogc/lib/wii\libwiiuse.a(dynamics.o)
                0x00000000800090e0                apply_smoothing
 .text.calculate_orientation
                0x0000000080009184      0x31c C:/devkitPro/libogc/lib/wii\libwiiuse.a(dynamics.o)
                0x0000000080009184                calculate_orientation
 .text.calc_balanceboard_state
                0x00000000800094a0      0x394 C:/devkitPro/libogc/lib/wii\libwiiuse.a(dynamics.o)
                0x00000000800094a0                calc_balanceboard_state
 .text.wiiuse_handshake
                0x0000000080009834      0x278 C:/devkitPro/libogc/lib/wii\libwiiuse.a(io.o)
                0x0000000080009834                wiiuse_handshake
 .text.wiiuse_handshake_expansion
                0x0000000080009aac      0x21c C:/devkitPro/libogc/lib/wii\libwiiuse.a(io.o)
                0x0000000080009aac                wiiuse_handshake_expansion
 .text.wiiuse_handshake_expansion_start
                0x0000000080009cc8       0x24 C:/devkitPro/libogc/lib/wii\libwiiuse.a(io.o)
                0x0000000080009cc8                wiiuse_handshake_expansion_start
 .text.wiiuse_disable_expansion
                0x0000000080009cec      0x1b0 C:/devkitPro/libogc/lib/wii\libwiiuse.a(io.o)
                0x0000000080009cec                wiiuse_disable_expansion
 .text.__wiiuse_connected
                0x0000000080009e9c       0x9c C:/devkitPro/libogc/lib/wii\libwiiuse.a(io_wii.o)
 .text.__wiiuse_disconnected
                0x0000000080009f38       0xb4 C:/devkitPro/libogc/lib/wii\libwiiuse.a(io_wii.o)
 .text.__wiiuse_receive
                0x0000000080009fec       0xd0 C:/devkitPro/libogc/lib/wii\libwiiuse.a(io_wii.o)
 .text.__wiiuse_sensorbar_enable
                0x000000008000a0bc       0x54 C:/devkitPro/libogc/lib/wii\libwiiuse.a(io_wii.o)
                0x000000008000a0bc                __wiiuse_sensorbar_enable
 .text.wiiuse_register
                0x000000008000a110       0xe4 C:/devkitPro/libogc/lib/wii\libwiiuse.a(io_wii.o)
                0x000000008000a110                wiiuse_register
 .text.wiiuse_disconnect
                0x000000008000a1f4       0x24 C:/devkitPro/libogc/lib/wii\libwiiuse.a(io_wii.o)
                0x000000008000a1f4                wiiuse_disconnect
 .text.wiiuse_init_cmd_queue
                0x000000008000a218       0x9c C:/devkitPro/libogc/lib/wii\libwiiuse.a(io_wii.o)
                0x000000008000a218                wiiuse_init_cmd_queue
 .text.wiiuse_io_write
                0x000000008000a2b4       0x1c C:/devkitPro/libogc/lib/wii\libwiiuse.a(io_wii.o)
                0x000000008000a2b4                wiiuse_io_write
 .text.get_ir_sens.isra.0
                0x000000008000a2d0       0xe4 C:/devkitPro/libogc/lib/wii\libwiiuse.a(ir.o)
 .text.rotate_dots
                0x000000008000a3b4      0x114 C:/devkitPro/libogc/lib/wii\libwiiuse.a(ir.o)
 .text.wiiuse_set_ir_mode
                0x000000008000a4c8       0x88 C:/devkitPro/libogc/lib/wii\libwiiuse.a(ir.o)
                0x000000008000a4c8                wiiuse_set_ir_mode
 .text.wiiuse_set_ir
                0x000000008000a550      0x1f0 C:/devkitPro/libogc/lib/wii\libwiiuse.a(ir.o)
                0x000000008000a550                wiiuse_set_ir
 .text.wiiuse_set_ir_vres
                0x000000008000a740       0x1c C:/devkitPro/libogc/lib/wii\libwiiuse.a(ir.o)
                0x000000008000a740                wiiuse_set_ir_vres
 .text.wiiuse_set_ir_position
                0x000000008000a75c       0x80 C:/devkitPro/libogc/lib/wii\libwiiuse.a(ir.o)
                0x000000008000a75c                wiiuse_set_ir_position
 .text.wiiuse_set_aspect_ratio
                0x000000008000a7dc       0x44 C:/devkitPro/libogc/lib/wii\libwiiuse.a(ir.o)
                0x000000008000a7dc                wiiuse_set_aspect_ratio
 .text.wiiuse_set_ir_sensitivity
                0x000000008000a820       0xf4 C:/devkitPro/libogc/lib/wii\libwiiuse.a(ir.o)
                0x000000008000a820                wiiuse_set_ir_sensitivity
 .text.calculate_basic_ir
                0x000000008000a914       0xf8 C:/devkitPro/libogc/lib/wii\libwiiuse.a(ir.o)
                0x000000008000a914                calculate_basic_ir
 .text.calculate_extended_ir
                0x000000008000aa0c       0x64 C:/devkitPro/libogc/lib/wii\libwiiuse.a(ir.o)
                0x000000008000aa0c                calculate_extended_ir
 .text.find_sensorbar
                0x000000008000aa70      0x9e0 C:/devkitPro/libogc/lib/wii\libwiiuse.a(ir.o)
                0x000000008000aa70                find_sensorbar
 .text.apply_ir_smoothing
                0x000000008000b450      0x100 C:/devkitPro/libogc/lib/wii\libwiiuse.a(ir.o)
                0x000000008000b450                apply_ir_smoothing
 .text.interpret_ir_data
                0x000000008000b550      0x3b0 C:/devkitPro/libogc/lib/wii\libwiiuse.a(ir.o)
                0x000000008000b550                interpret_ir_data
 .text.nunchuk_handshake
                0x000000008000b900      0x2d0 C:/devkitPro/libogc/lib/wii\libwiiuse.a(nunchuk.o)
                0x000000008000b900                nunchuk_handshake
 .text.nunchuk_disconnected
                0x000000008000bbd0        0xc C:/devkitPro/libogc/lib/wii\libwiiuse.a(nunchuk.o)
                0x000000008000bbd0                nunchuk_disconnected
 .text.nunchuk_event
                0x000000008000bbdc       0xe4 C:/devkitPro/libogc/lib/wii\libwiiuse.a(nunchuk.o)
                0x000000008000bbdc                nunchuk_event
 .text.wii_board_handshake
                0x000000008000bcc0      0x2c0 C:/devkitPro/libogc/lib/wii\libwiiuse.a(wiiboard.o)
                0x000000008000bcc0                wii_board_handshake
 .text.wii_board_disconnected
                0x000000008000bf80        0xc C:/devkitPro/libogc/lib/wii\libwiiuse.a(wiiboard.o)
                0x000000008000bf80                wii_board_disconnected
 .text.wii_board_event
                0x000000008000bf8c       0x54 C:/devkitPro/libogc/lib/wii\libwiiuse.a(wiiboard.o)
                0x000000008000bf8c                wii_board_event
 .text.wiiuse_send_next_command.part.0
                0x000000008000bfe0       0x44 C:/devkitPro/libogc/lib/wii\libwiiuse.a(wiiuse.o)
 .text.wiiuse_send_next_command
                0x000000008000c024       0x18 C:/devkitPro/libogc/lib/wii\libwiiuse.a(wiiuse.o)
                0x000000008000c024                wiiuse_send_next_command
 .text.wiiuse_init
                0x000000008000c03c      0x208 C:/devkitPro/libogc/lib/wii\libwiiuse.a(wiiuse.o)
                0x000000008000c03c                wiiuse_init
 .text.wiiuse_set_flags
                0x000000008000c244       0x2c C:/devkitPro/libogc/lib/wii\libwiiuse.a(wiiuse.o)
                0x000000008000c244                wiiuse_set_flags
 .text.wiiuse_read_data
                0x000000008000c270      0x14c C:/devkitPro/libogc/lib/wii\libwiiuse.a(wiiuse.o)
                0x000000008000c270                wiiuse_read_data
 .text.wiiuse_write_data
                0x000000008000c3bc      0x180 C:/devkitPro/libogc/lib/wii\libwiiuse.a(wiiuse.o)
                0x000000008000c3bc                wiiuse_write_data
 .text.wiiuse_sendcmd
                0x000000008000c53c      0x17c C:/devkitPro/libogc/lib/wii\libwiiuse.a(wiiuse.o)
                0x000000008000c53c                wiiuse_sendcmd
 .text.wiiuse_set_report_type
                0x000000008000c6b8      0x144 C:/devkitPro/libogc/lib/wii\libwiiuse.a(wiiuse.o)
                0x000000008000c6b8                wiiuse_set_report_type
 .text.wiiuse_motion_sensing
                0x000000008000c7fc       0x84 C:/devkitPro/libogc/lib/wii\libwiiuse.a(wiiuse.o)
                0x000000008000c7fc                wiiuse_motion_sensing
 .text.wiiuse_status
                0x000000008000c880       0x4c C:/devkitPro/libogc/lib/wii\libwiiuse.a(wiiuse.o)
                0x000000008000c880                wiiuse_status
 .text.wiiuse_set_leds
                0x000000008000c8cc       0x50 C:/devkitPro/libogc/lib/wii\libwiiuse.a(wiiuse.o)
                0x000000008000c8cc                wiiuse_set_leds
 .text.wiiuse_set_speaker
                0x000000008000c91c      0x230 C:/devkitPro/libogc/lib/wii\libwiiuse.a(speaker.o)
                0x000000008000c91c                wiiuse_set_speaker
 .text.classic_ctrl_handshake
                0x000000008000cb4c      0x304 C:/devkitPro/libogc/lib/wii\libwiiuse.a(classic.o)
                0x000000008000cb4c                classic_ctrl_handshake
 .text.classic_ctrl_disconnected
                0x000000008000ce50        0xc C:/devkitPro/libogc/lib/wii\libwiiuse.a(classic.o)
                0x000000008000ce50                classic_ctrl_disconnected
 .text.classic_ctrl_event
                0x000000008000ce5c      0x16c C:/devkitPro/libogc/lib/wii\libwiiuse.a(classic.o)
                0x000000008000ce5c                classic_ctrl_event
 .text.handle_expansion
                0x000000008000cfc8       0x54 C:/devkitPro/libogc/lib/wii\libwiiuse.a(events.o)
 .text.parse_event
                0x000000008000d01c      0x748 C:/devkitPro/libogc/lib/wii\libwiiuse.a(events.o)
                0x000000008000d01c                parse_event
 .text.guitar_hero_3_handshake
                0x000000008000d764       0x5c C:/devkitPro/libogc/lib/wii\libwiiuse.a(guitar_hero_3.o)
                0x000000008000d764                guitar_hero_3_handshake
 .text.guitar_hero_3_disconnected
                0x000000008000d7c0        0xc C:/devkitPro/libogc/lib/wii\libwiiuse.a(guitar_hero_3.o)
                0x000000008000d7c0                guitar_hero_3_disconnected
 .text.guitar_hero_3_event
                0x000000008000d7cc       0x6c C:/devkitPro/libogc/lib/wii\libwiiuse.a(guitar_hero_3.o)
                0x000000008000d7cc                guitar_hero_3_event
 .text.acl_wlp_completed
                0x000000008000d838        0x8 C:/devkitPro/libogc/lib/wii\libbte.a(bte.o)
                0x000000008000d838                acl_wlp_completed
 .text.bt_alarmhandler
                0x000000008000d840       0x60 C:/devkitPro/libogc/lib/wii\libbte.a(bte.o)
 .text.__bte_send_pending_request
                0x000000008000d8a0      0x104 C:/devkitPro/libogc/lib/wii\libbte.a(bte.o)
 .text.acl_conn_complete
                0x000000008000d9a4       0x2c C:/devkitPro/libogc/lib/wii\libbte.a(bte.o)
                0x000000008000d9a4                acl_conn_complete
 .text.bte_process_input
                0x000000008000d9d0      0x148 C:/devkitPro/libogc/lib/wii\libbte.a(bte.o)
 .text.l2cap_disconnect_cfm
                0x000000008000db18      0x19c C:/devkitPro/libogc/lib/wii\libbte.a(bte.o)
                0x000000008000db18                l2cap_disconnect_cfm
 .text.l2cap_accepted
                0x000000008000dcb4      0x128 C:/devkitPro/libogc/lib/wii\libbte.a(bte.o)
                0x000000008000dcb4                l2cap_accepted
 .text.l2cap_disconnected_ind
                0x000000008000dddc      0x1a4 C:/devkitPro/libogc/lib/wii\libbte.a(bte.o)
                0x000000008000dddc                l2cap_disconnected_ind
 .text.__bte_shutdown_finished
                0x000000008000df80       0xd0 C:/devkitPro/libogc/lib/wii\libbte.a(bte.o)
 .text.bte_hci_apply_patch_complete
                0x000000008000e050      0x160 C:/devkitPro/libogc/lib/wii\libbte.a(bte.o)
                0x000000008000e050                bte_hci_apply_patch_complete
 .text.bte_hci_patch_complete
                0x000000008000e1b0      0x378 C:/devkitPro/libogc/lib/wii\libbte.a(bte.o)
                0x000000008000e1b0                bte_hci_patch_complete
 .text.bte_hci_initcore_complete
                0x000000008000e528      0x28c C:/devkitPro/libogc/lib/wii\libbte.a(bte.o)
                0x000000008000e528                bte_hci_initcore_complete
 .text.bte_read_stored_link_key_complete
                0x000000008000e7b4      0x26c C:/devkitPro/libogc/lib/wii\libbte.a(bte.o)
                0x000000008000e7b4                bte_read_stored_link_key_complete
 .text.bte_hci_initcore_complete2
                0x000000008000ea20      0x244 C:/devkitPro/libogc/lib/wii\libbte.a(bte.o)
 .text.bte_hci_initsub_complete
                0x000000008000ec64      0x2b8 C:/devkitPro/libogc/lib/wii\libbte.a(bte.o)
                0x000000008000ec64                bte_hci_initsub_complete
 .text.BTE_Init
                0x000000008000ef1c      0x138 C:/devkitPro/libogc/lib/wii\libbte.a(bte.o)
                0x000000008000ef1c                BTE_Init
 .text.BTE_Shutdown
                0x000000008000f054      0x100 C:/devkitPro/libogc/lib/wii\libbte.a(bte.o)
                0x000000008000f054                BTE_Shutdown
 .text.BTE_InitCore
                0x000000008000f154       0x90 C:/devkitPro/libogc/lib/wii\libbte.a(bte.o)
                0x000000008000f154                BTE_InitCore
 .text.BTE_ApplyPatch
                0x000000008000f1e4       0xa8 C:/devkitPro/libogc/lib/wii\libbte.a(bte.o)
                0x000000008000f1e4                BTE_ApplyPatch
 .text.BTE_InitSub
                0x000000008000f28c       0x94 C:/devkitPro/libogc/lib/wii\libbte.a(bte.o)
                0x000000008000f28c                BTE_InitSub
 .text.BTE_ReadStoredLinkKey
                0x000000008000f320       0x94 C:/devkitPro/libogc/lib/wii\libbte.a(bte.o)
                0x000000008000f320                BTE_ReadStoredLinkKey
 .text.BTE_SetDisconnectCallback
                0x000000008000f3b4        0x4 C:/devkitPro/libogc/lib/wii\libbte.a(bte.o)
                0x000000008000f3b4                BTE_SetDisconnectCallback
 .text.bte_new  0x000000008000f3b8       0x54 C:/devkitPro/libogc/lib/wii\libbte.a(bte.o)
                0x000000008000f3b8                bte_new
 .text.bte_registerdeviceasync
                0x000000008000f40c      0x15c C:/devkitPro/libogc/lib/wii\libbte.a(bte.o)
                0x000000008000f40c                bte_registerdeviceasync
 .text.bte_disconnect
                0x000000008000f568       0xd8 C:/devkitPro/libogc/lib/wii\libbte.a(bte.o)
                0x000000008000f568                bte_disconnect
 .text.bte_senddata
                0x000000008000f640       0xdc C:/devkitPro/libogc/lib/wii\libbte.a(bte.o)
                0x000000008000f640                bte_senddata
 .text.bte_arg  0x000000008000f71c       0x38 C:/devkitPro/libogc/lib/wii\libbte.a(bte.o)
                0x000000008000f71c                bte_arg
 .text.bte_received
                0x000000008000f754       0x38 C:/devkitPro/libogc/lib/wii\libbte.a(bte.o)
                0x000000008000f754                bte_received
 .text.bte_disconnected
                0x000000008000f78c       0x38 C:/devkitPro/libogc/lib/wii\libbte.a(bte.o)
                0x000000008000f78c                bte_disconnected
 .text.hci_get_link
                0x000000008000f7c4       0x84 C:/devkitPro/libogc/lib/wii\libbte.a(hci.o)
 .text.hci_init
                0x000000008000f848       0x7c C:/devkitPro/libogc/lib/wii\libbte.a(hci.o)
                0x000000008000f848                hci_init
 .text.hci_new  0x000000008000f8c4       0x48 C:/devkitPro/libogc/lib/wii\libbte.a(hci.o)
                0x000000008000f8c4                hci_new
 .text.hci_close
                0x000000008000f90c       0xd0 C:/devkitPro/libogc/lib/wii\libbte.a(hci.o)
                0x000000008000f90c                hci_close
 .text.hci_reset_all
                0x000000008000f9dc       0xbc C:/devkitPro/libogc/lib/wii\libbte.a(hci.o)
                0x000000008000f9dc                hci_reset_all
 .text.hci_arg  0x000000008000fa98        0xc C:/devkitPro/libogc/lib/wii\libbte.a(hci.o)
                0x000000008000fa98                hci_arg
 .text.hci_cmd_complete
                0x000000008000faa4        0xc C:/devkitPro/libogc/lib/wii\libbte.a(hci.o)
                0x000000008000faa4                hci_cmd_complete
 .text.hci_connection_complete
                0x000000008000fab0        0xc C:/devkitPro/libogc/lib/wii\libbte.a(hci.o)
                0x000000008000fab0                hci_connection_complete
 .text.hci_wlp_complete
                0x000000008000fabc        0xc C:/devkitPro/libogc/lib/wii\libbte.a(hci.o)
                0x000000008000fabc                hci_wlp_complete
 .text.hci_reset
                0x000000008000fac8       0xa8 C:/devkitPro/libogc/lib/wii\libbte.a(hci.o)
                0x000000008000fac8                hci_reset
 .text.hci_read_buffer_size
                0x000000008000fb70       0xa8 C:/devkitPro/libogc/lib/wii\libbte.a(hci.o)
                0x000000008000fb70                hci_read_buffer_size
 .text.hci_read_bd_addr
                0x000000008000fc18       0xa8 C:/devkitPro/libogc/lib/wii\libbte.a(hci.o)
                0x000000008000fc18                hci_read_bd_addr
 .text.hci_read_local_version
                0x000000008000fcc0       0xa4 C:/devkitPro/libogc/lib/wii\libbte.a(hci.o)
                0x000000008000fcc0                hci_read_local_version
 .text.hci_read_local_features
                0x000000008000fd64       0xa8 C:/devkitPro/libogc/lib/wii\libbte.a(hci.o)
                0x000000008000fd64                hci_read_local_features
 .text.hci_read_stored_link_key
                0x000000008000fe0c       0xfc C:/devkitPro/libogc/lib/wii\libbte.a(hci.o)
                0x000000008000fe0c                hci_read_stored_link_key
 .text.hci_write_page_timeout
                0x000000008000ff08       0xcc C:/devkitPro/libogc/lib/wii\libbte.a(hci.o)
                0x000000008000ff08                hci_write_page_timeout
 .text.hci_write_scan_enable
                0x000000008000ffd4       0xb8 C:/devkitPro/libogc/lib/wii\libbte.a(hci.o)
                0x000000008000ffd4                hci_write_scan_enable
 .text.hci_accecpt_conn_request
                0x000000008001008c       0xdc C:/devkitPro/libogc/lib/wii\libbte.a(hci.o)
                0x000000008001008c                hci_accecpt_conn_request
 .text.hci_write_local_name
                0x0000000080010168       0xd4 C:/devkitPro/libogc/lib/wii\libbte.a(hci.o)
                0x0000000080010168                hci_write_local_name
 .text.hci_write_pin_type
                0x000000008001023c       0xb8 C:/devkitPro/libogc/lib/wii\libbte.a(hci.o)
                0x000000008001023c                hci_write_pin_type
 .text.hci_write_inquiry_mode
                0x00000000800102f4       0xb8 C:/devkitPro/libogc/lib/wii\libbte.a(hci.o)
                0x00000000800102f4                hci_write_inquiry_mode
 .text.hci_write_page_scan_type
                0x00000000800103ac       0xb8 C:/devkitPro/libogc/lib/wii\libbte.a(hci.o)
                0x00000000800103ac                hci_write_page_scan_type
 .text.hci_write_inquiry_scan_type
                0x0000000080010464       0xb8 C:/devkitPro/libogc/lib/wii\libbte.a(hci.o)
                0x0000000080010464                hci_write_inquiry_scan_type
 .text.hci_vendor_specific_command
                0x000000008001051c       0xe4 C:/devkitPro/libogc/lib/wii\libbte.a(hci.o)
                0x000000008001051c                hci_vendor_specific_command
 .text.hci_write_link_policy_settings
                0x0000000080010600      0x100 C:/devkitPro/libogc/lib/wii\libbte.a(hci.o)
                0x0000000080010600                hci_write_link_policy_settings
 .text.hci_pin_code_request_neg_reply
                0x0000000080010700       0xc8 C:/devkitPro/libogc/lib/wii\libbte.a(hci.o)
                0x0000000080010700                hci_pin_code_request_neg_reply
 .text.hci_link_key_req_neg_reply
                0x00000000800107c8       0xc8 C:/devkitPro/libogc/lib/wii\libbte.a(hci.o)
                0x00000000800107c8                hci_link_key_req_neg_reply
 .text.hci_disconnect
                0x0000000080010890       0xf8 C:/devkitPro/libogc/lib/wii\libbte.a(hci.o)
                0x0000000080010890                hci_disconnect
 .text.hci_write_cod
                0x0000000080010988       0xc8 C:/devkitPro/libogc/lib/wii\libbte.a(hci.o)
                0x0000000080010988                hci_write_cod
 .text.hci_host_buffer_size
                0x0000000080010a50      0x108 C:/devkitPro/libogc/lib/wii\libbte.a(hci.o)
                0x0000000080010a50                hci_host_buffer_size
 .text.hci_host_num_comp_packets
                0x0000000080010b58      0x104 C:/devkitPro/libogc/lib/wii\libbte.a(hci.o)
                0x0000000080010b58                hci_host_num_comp_packets
 .text.lp_pdu_maxsize
                0x0000000080010c5c        0xc C:/devkitPro/libogc/lib/wii\libbte.a(hci.o)
                0x0000000080010c5c                lp_pdu_maxsize
 .text.lp_acl_write
                0x0000000080010c68      0x154 C:/devkitPro/libogc/lib/wii\libbte.a(hci.o)
                0x0000000080010c68                lp_acl_write
 .text.lp_write_flush_timeout
                0x0000000080010dbc      0x100 C:/devkitPro/libogc/lib/wii\libbte.a(hci.o)
                0x0000000080010dbc                lp_write_flush_timeout
 .text.hci_event_handler
                0x0000000080010ebc      0xbf4 C:/devkitPro/libogc/lib/wii\libbte.a(hci.o)
                0x0000000080010ebc                hci_event_handler
 .text.hci_acldata_handler
                0x0000000080011ab0      0x12c C:/devkitPro/libogc/lib/wii\libbte.a(hci.o)
                0x0000000080011ab0                hci_acldata_handler
 .text.l2cap_init
                0x0000000080011bdc       0x60 C:/devkitPro/libogc/lib/wii\libbte.a(l2cap.o)
                0x0000000080011bdc                l2cap_init
 .text.l2cap_write
                0x0000000080011c3c      0x1a8 C:/devkitPro/libogc/lib/wii\libbte.a(l2cap.o)
                0x0000000080011c3c                l2cap_write
 .text.l2cap_new
                0x0000000080011de4       0x6c C:/devkitPro/libogc/lib/wii\libbte.a(l2cap.o)
                0x0000000080011de4                l2cap_new
 .text.l2cap_close
                0x0000000080011e50      0x1d4 C:/devkitPro/libogc/lib/wii\libbte.a(l2cap.o)
                0x0000000080011e50                l2cap_close
 .text.l2cap_reset_all
                0x0000000080012024      0x154 C:/devkitPro/libogc/lib/wii\libbte.a(l2cap.o)
                0x0000000080012024                l2cap_reset_all
 .text.l2cap_signal
                0x0000000080012178      0x210 C:/devkitPro/libogc/lib/wii\libbte.a(l2cap.o)
                0x0000000080012178                l2cap_signal
 .text.l2ca_config_req
                0x0000000080012388      0x160 C:/devkitPro/libogc/lib/wii\libbte.a(l2cap.o)
                0x0000000080012388                l2ca_config_req
 .text.l2ca_disconnect_req
                0x00000000800124e8       0xc4 C:/devkitPro/libogc/lib/wii\libbte.a(l2cap.o)
                0x00000000800124e8                l2ca_disconnect_req
 .text.l2cap_tmr
                0x00000000800125ac      0x284 C:/devkitPro/libogc/lib/wii\libbte.a(l2cap.o)
                0x00000000800125ac                l2cap_tmr
 .text.l2cap_process_sig
                0x0000000080012830     0x11d4 C:/devkitPro/libogc/lib/wii\libbte.a(l2cap.o)
                0x0000000080012830                l2cap_process_sig
 .text.l2cap_input
                0x0000000080013a04      0x5ac C:/devkitPro/libogc/lib/wii\libbte.a(l2cap.o)
                0x0000000080013a04                l2cap_input
 .text.l2ca_datawrite
                0x0000000080013fb0      0x118 C:/devkitPro/libogc/lib/wii\libbte.a(l2cap.o)
                0x0000000080013fb0                l2ca_datawrite
 .text.lp_connect_cfm
                0x00000000800140c8      0x184 C:/devkitPro/libogc/lib/wii\libbte.a(l2cap.o)
                0x00000000800140c8                lp_connect_cfm
 .text.lp_connect_ind
                0x000000008001424c        0x4 C:/devkitPro/libogc/lib/wii\libbte.a(l2cap.o)
                0x000000008001424c                lp_connect_ind
 .text.lp_disconnect_ind
                0x0000000080014250      0x12c C:/devkitPro/libogc/lib/wii\libbte.a(l2cap.o)
                0x0000000080014250                lp_disconnect_ind
 .text.l2cap_disconnect_bb
                0x000000008001437c       0x10 C:/devkitPro/libogc/lib/wii\libbte.a(l2cap.o)
                0x000000008001437c                l2cap_disconnect_bb
 .text.l2cap_arg
                0x000000008001438c        0x8 C:/devkitPro/libogc/lib/wii\libbte.a(l2cap.o)
                0x000000008001438c                l2cap_arg
 .text.l2cap_connect_ind
                0x0000000080014394      0x100 C:/devkitPro/libogc/lib/wii\libbte.a(l2cap.o)
                0x0000000080014394                l2cap_connect_ind
 .text.l2cap_disconnect_ind
                0x0000000080014494        0x8 C:/devkitPro/libogc/lib/wii\libbte.a(l2cap.o)
                0x0000000080014494                l2cap_disconnect_ind
 .text.l2cap_recv
                0x000000008001449c        0x8 C:/devkitPro/libogc/lib/wii\libbte.a(l2cap.o)
                0x000000008001449c                l2cap_recv
 .text.btmemb_init
                0x00000000800144a4       0x24 C:/devkitPro/libogc/lib/wii\libbte.a(btmemb.o)
                0x00000000800144a4                btmemb_init
 .text.btmemb_alloc
                0x00000000800144c8       0xa8 C:/devkitPro/libogc/lib/wii\libbte.a(btmemb.o)
                0x00000000800144c8                btmemb_alloc
 .text.btmemb_free
                0x0000000080014570       0xa8 C:/devkitPro/libogc/lib/wii\libbte.a(btmemb.o)
                0x0000000080014570                btmemb_free
 .text.plug_holes
                0x0000000080014618       0xb8 C:/devkitPro/libogc/lib/wii\libbte.a(btmemr.o)
 .text.btmemr_free.part.0
                0x00000000800146d0       0x78 C:/devkitPro/libogc/lib/wii\libbte.a(btmemr.o)
 .text.btmemr_init
                0x0000000080014748       0x98 C:/devkitPro/libogc/lib/wii\libbte.a(btmemr.o)
                0x0000000080014748                btmemr_init
 .text.btmemr_malloc
                0x00000000800147e0      0x178 C:/devkitPro/libogc/lib/wii\libbte.a(btmemr.o)
                0x00000000800147e0                btmemr_malloc
 .text.btmemr_free
                0x0000000080014958       0x28 C:/devkitPro/libogc/lib/wii\libbte.a(btmemr.o)
                0x0000000080014958                btmemr_free
 .text.btmemr_realloc
                0x0000000080014980      0x10c C:/devkitPro/libogc/lib/wii\libbte.a(btmemr.o)
                0x0000000080014980                btmemr_realloc
 .text.btpbuf_cat.part.0
                0x0000000080014a8c       0x68 C:/devkitPro/libogc/lib/wii\libbte.a(btpbuf.o)
 .text.btpbuf_init
                0x0000000080014af4       0x28 C:/devkitPro/libogc/lib/wii\libbte.a(btpbuf.o)
                0x0000000080014af4                btpbuf_init
 .text.btpbuf_free
                0x0000000080014b1c      0x124 C:/devkitPro/libogc/lib/wii\libbte.a(btpbuf.o)
                0x0000000080014b1c                btpbuf_free
 .text.btpbuf_alloc
                0x0000000080014c40      0x25c C:/devkitPro/libogc/lib/wii\libbte.a(btpbuf.o)
                0x0000000080014c40                btpbuf_alloc
 .text.btpbuf_realloc
                0x0000000080014e9c       0xec C:/devkitPro/libogc/lib/wii\libbte.a(btpbuf.o)
                0x0000000080014e9c                btpbuf_realloc
 .text.btpbuf_header
                0x0000000080014f88       0x90 C:/devkitPro/libogc/lib/wii\libbte.a(btpbuf.o)
                0x0000000080014f88                btpbuf_header
 .text.btpbuf_ref
                0x0000000080015018       0x48 C:/devkitPro/libogc/lib/wii\libbte.a(btpbuf.o)
                0x0000000080015018                btpbuf_ref
 .text.btpbuf_chain
                0x0000000080015060       0x8c C:/devkitPro/libogc/lib/wii\libbte.a(btpbuf.o)
                0x0000000080015060                btpbuf_chain
 .text.btpbuf_dechain
                0x00000000800150ec       0x7c C:/devkitPro/libogc/lib/wii\libbte.a(btpbuf.o)
                0x00000000800150ec                btpbuf_dechain
 .text.btpbuf_take
                0x0000000080015168      0x13c C:/devkitPro/libogc/lib/wii\libbte.a(btpbuf.o)
                0x0000000080015168                btpbuf_take
 .text.__usb_closeCB
                0x00000000800152a4       0x10 C:/devkitPro/libogc/lib/wii\libbte.a(physbusif.o)
 .text.__writebulkmsgCB
                0x00000000800152b4       0x3c C:/devkitPro/libogc/lib/wii\libbte.a(physbusif.o)
 .text.__writectrlmsgCB
                0x00000000800152f0       0x3c C:/devkitPro/libogc/lib/wii\libbte.a(physbusif.o)
 .text.__issue_intrread.part.0
                0x000000008001532c       0x80 C:/devkitPro/libogc/lib/wii\libbte.a(physbusif.o)
 .text.__readintrdataCB
                0x00000000800153ac      0x150 C:/devkitPro/libogc/lib/wii\libbte.a(physbusif.o)
 .text.__issue_bulkread.part.2
                0x00000000800154fc       0x80 C:/devkitPro/libogc/lib/wii\libbte.a(physbusif.o)
 .text.__readbulkdataCB
                0x000000008001557c      0x150 C:/devkitPro/libogc/lib/wii\libbte.a(physbusif.o)
 .text.physbusif_init
                0x00000000800156cc      0x1dc C:/devkitPro/libogc/lib/wii\libbte.a(physbusif.o)
                0x00000000800156cc                physbusif_init
 .text.physbusif_close
                0x00000000800158a8       0x20 C:/devkitPro/libogc/lib/wii\libbte.a(physbusif.o)
                0x00000000800158a8                physbusif_close
 .text.physbusif_shutdown
                0x00000000800158c8       0x24 C:/devkitPro/libogc/lib/wii\libbte.a(physbusif.o)
                0x00000000800158c8                physbusif_shutdown
 .text.physbusif_reset_all
                0x00000000800158ec        0x4 C:/devkitPro/libogc/lib/wii\libbte.a(physbusif.o)
                0x00000000800158ec                physbusif_reset_all
 .text.physbusif_output
                0x00000000800158f0      0x1b4 C:/devkitPro/libogc/lib/wii\libbte.a(physbusif.o)
                0x00000000800158f0                physbusif_output
 .text.__lwp_queue_initialize
                0x0000000080015aa4       0x60 C:/devkitPro/libogc/lib/wii\libogc.a(lwp_queue.o)
                0x0000000080015aa4                __lwp_queue_initialize
 .text.__lwp_queue_get
                0x0000000080015b04       0x74 C:/devkitPro/libogc/lib/wii\libogc.a(lwp_queue.o)
                0x0000000080015b04                __lwp_queue_get
 .text.__lwp_queue_append
                0x0000000080015b78       0x4c C:/devkitPro/libogc/lib/wii\libogc.a(lwp_queue.o)
                0x0000000080015b78                __lwp_queue_append
 .text.__lwp_isr_in_progress
                0x0000000080015bc4        0x8 C:/devkitPro/libogc/lib/wii\libogc.a(lwp_threads.o)
                0x0000000080015bc4                __lwp_isr_in_progress
 .text.__thread_dispatch_fp
                0x0000000080015bcc       0x88 C:/devkitPro/libogc/lib/wii\libogc.a(lwp_threads.o)
                0x0000000080015bcc                __thread_dispatch_fp
 .text.__thread_dispatch
                0x0000000080015c54      0x110 C:/devkitPro/libogc/lib/wii\libogc.a(lwp_threads.o)
                0x0000000080015c54                __thread_dispatch
 .text.__lwp_thread_resettimeslice
                0x0000000080015d64       0xec C:/devkitPro/libogc/lib/wii\libogc.a(lwp_threads.o)
                0x0000000080015d64                __lwp_thread_resettimeslice
 .text.__lwp_thread_tickle_timeslice
                0x0000000080015e50       0xcc C:/devkitPro/libogc/lib/wii\libogc.a(lwp_threads.o)
                0x0000000080015e50                __lwp_thread_tickle_timeslice
 .text.__lwp_thread_setstate
                0x0000000080015f1c      0x178 C:/devkitPro/libogc/lib/wii\libogc.a(lwp_threads.o)
                0x0000000080015f1c                __lwp_thread_setstate
 .text.__lwp_thread_clearstate
                0x0000000080016094       0xe4 C:/devkitPro/libogc/lib/wii\libogc.a(lwp_threads.o)
                0x0000000080016094                __lwp_thread_clearstate
 .text.__lwp_thread_delayended
                0x0000000080016178       0x48 C:/devkitPro/libogc/lib/wii\libogc.a(lwp_threads.o)
                0x0000000080016178                __lwp_thread_delayended
 .text.__lwp_thread_suspend
                0x00000000800161c0      0x188 C:/devkitPro/libogc/lib/wii\libogc.a(lwp_threads.o)
                0x00000000800161c0                __lwp_thread_suspend
 .text.__lwp_thread_settransient
                0x0000000080016348       0xb4 C:/devkitPro/libogc/lib/wii\libogc.a(lwp_threads.o)
                0x0000000080016348                __lwp_thread_settransient
 .text.__lwp_thread_changepriority
                0x00000000800163fc      0x1f8 C:/devkitPro/libogc/lib/wii\libogc.a(lwp_threads.o)
                0x00000000800163fc                __lwp_thread_changepriority
 .text.__lwp_thread_resume
                0x00000000800165f4      0x130 C:/devkitPro/libogc/lib/wii\libogc.a(lwp_threads.o)
                0x00000000800165f4                __lwp_thread_resume
 .text.__lwp_thread_ready
                0x0000000080016724       0xf4 C:/devkitPro/libogc/lib/wii\libogc.a(lwp_threads.o)
                0x0000000080016724                __lwp_thread_ready
 .text.__lwp_thread_init
                0x0000000080016818      0x180 C:/devkitPro/libogc/lib/wii\libogc.a(lwp_threads.o)
                0x0000000080016818                __lwp_thread_init
 .text.__lwp_thread_close
                0x0000000080016998      0x130 C:/devkitPro/libogc/lib/wii\libogc.a(lwp_threads.o)
                0x0000000080016998                __lwp_thread_close
 .text.__lwp_thread_closeall
                0x0000000080016ac8       0xb8 C:/devkitPro/libogc/lib/wii\libogc.a(lwp_threads.o)
                0x0000000080016ac8                __lwp_thread_closeall
 .text.__lwp_thread_exit
                0x0000000080016b80       0x5c C:/devkitPro/libogc/lib/wii\libogc.a(lwp_threads.o)
                0x0000000080016b80                __lwp_thread_exit
 .text.__lwp_thread_handler
                0x0000000080016bdc       0xb4 C:/devkitPro/libogc/lib/wii\libogc.a(lwp_threads.o)
 .text.__lwp_thread_start
                0x0000000080016c90       0xec C:/devkitPro/libogc/lib/wii\libogc.a(lwp_threads.o)
                0x0000000080016c90                __lwp_thread_start
 .text.__lwp_thread_startmultitasking
                0x0000000080016d7c       0xb0 C:/devkitPro/libogc/lib/wii\libogc.a(lwp_threads.o)
                0x0000000080016d7c                __lwp_thread_startmultitasking
 .text.__lwp_thread_stopmultitasking
                0x0000000080016e2c       0x58 C:/devkitPro/libogc/lib/wii\libogc.a(lwp_threads.o)
                0x0000000080016e2c                __lwp_thread_stopmultitasking
 .text.__lwp_thread_coreinit
                0x0000000080016e84       0xb0 C:/devkitPro/libogc/lib/wii\libogc.a(lwp_threads.o)
                0x0000000080016e84                __lwp_thread_coreinit
 .text.idle_func
                0x0000000080016f34        0x4 C:/devkitPro/libogc/lib/wii\libogc.a(lwp.o)
 .text.__lwp_sysinit
                0x0000000080016f38      0x118 C:/devkitPro/libogc/lib/wii\libogc.a(lwp.o)
                0x0000000080016f38                __lwp_sysinit
 .text.LWP_SuspendThread
                0x0000000080017050       0xc0 C:/devkitPro/libogc/lib/wii\libogc.a(lwp.o)
                0x0000000080017050                LWP_SuspendThread
 .text.LWP_ResumeThread
                0x0000000080017110       0xc4 C:/devkitPro/libogc/lib/wii\libogc.a(lwp.o)
                0x0000000080017110                LWP_ResumeThread
 .text.LWP_GetSelf
                0x00000000800171d4       0x28 C:/devkitPro/libogc/lib/wii\libogc.a(lwp.o)
                0x00000000800171d4                LWP_GetSelf
 .text.LWP_InitQueue
                0x00000000800171fc      0x150 C:/devkitPro/libogc/lib/wii\libogc.a(lwp.o)
                0x00000000800171fc                LWP_InitQueue
 .text.LWP_CloseQueue
                0x000000008001734c       0xd4 C:/devkitPro/libogc/lib/wii\libogc.a(lwp.o)
                0x000000008001734c                LWP_CloseQueue
 .text.LWP_ThreadSleep
                0x0000000080017420      0x110 C:/devkitPro/libogc/lib/wii\libogc.a(lwp.o)
                0x0000000080017420                LWP_ThreadSleep
 .text.LWP_ThreadBroadcast
                0x0000000080017530       0x88 C:/devkitPro/libogc/lib/wii\libogc.a(lwp.o)
                0x0000000080017530                LWP_ThreadBroadcast
 .text.LWP_ThreadSignal
                0x00000000800175b8       0x74 C:/devkitPro/libogc/lib/wii\libogc.a(lwp.o)
                0x00000000800175b8                LWP_ThreadSignal
 .text.__lwp_stack_allocate
                0x000000008001762c       0x60 C:/devkitPro/libogc/lib/wii\libogc.a(lwp_stack.o)
                0x000000008001762c                __lwp_stack_allocate
 .text.__lwp_stack_free
                0x000000008001768c       0x1c C:/devkitPro/libogc/lib/wii\libogc.a(lwp_stack.o)
                0x000000008001768c                __lwp_stack_free
 .text.__lwp_wd_settimer.isra.4
                0x00000000800176a8       0xd8 C:/devkitPro/libogc/lib/wii\libogc.a(lwp_watchdog.o)
 .text.__lwp_watchdog_init
                0x0000000080017780       0x2c C:/devkitPro/libogc/lib/wii\libogc.a(lwp_watchdog.o)
                0x0000000080017780                __lwp_watchdog_init
 .text.__lwp_wd_insert
                0x00000000800177ac      0x1e4 C:/devkitPro/libogc/lib/wii\libogc.a(lwp_watchdog.o)
                0x00000000800177ac                __lwp_wd_insert
 .text.__lwp_wd_remove
                0x0000000080017990      0x144 C:/devkitPro/libogc/lib/wii\libogc.a(lwp_watchdog.o)
                0x0000000080017990                __lwp_wd_remove
 .text.__lwp_wd_tickle
                0x0000000080017ad4      0x120 C:/devkitPro/libogc/lib/wii\libogc.a(lwp_watchdog.o)
                0x0000000080017ad4                __lwp_wd_tickle
 .text.__lwp_wkspace_init
                0x0000000080017bf4       0xc4 C:/devkitPro/libogc/lib/wii\libogc.a(lwp_wkspace.o)
                0x0000000080017bf4                __lwp_wkspace_init
 .text.__lwp_objmgr_initinfo
                0x0000000080017cb8      0x1a4 C:/devkitPro/libogc/lib/wii\libogc.a(lwp_objmgr.o)
                0x0000000080017cb8                __lwp_objmgr_initinfo
 .text.__lwp_objmgr_getisrdisable
                0x0000000080017e5c       0x60 C:/devkitPro/libogc/lib/wii\libogc.a(lwp_objmgr.o)
                0x0000000080017e5c                __lwp_objmgr_getisrdisable
 .text.__lwp_objmgr_getnoprotection
                0x0000000080017ebc       0x24 C:/devkitPro/libogc/lib/wii\libogc.a(lwp_objmgr.o)
                0x0000000080017ebc                __lwp_objmgr_getnoprotection
 .text.__lwp_objmgr_get
                0x0000000080017ee0       0x70 C:/devkitPro/libogc/lib/wii\libogc.a(lwp_objmgr.o)
                0x0000000080017ee0                __lwp_objmgr_get
 .text.__lwp_objmgr_allocate
                0x0000000080017f50       0x88 C:/devkitPro/libogc/lib/wii\libogc.a(lwp_objmgr.o)
                0x0000000080017f50                __lwp_objmgr_allocate
 .text.__lwp_objmgr_free
                0x0000000080017fd8       0x60 C:/devkitPro/libogc/lib/wii\libogc.a(lwp_objmgr.o)
                0x0000000080017fd8                __lwp_objmgr_free
 .text.__lwp_heap_init
                0x0000000080018038       0xa4 C:/devkitPro/libogc/lib/wii\libogc.a(lwp_heap.o)
                0x0000000080018038                __lwp_heap_init
 .text.__lwp_heap_allocate
                0x00000000800180dc      0x16c C:/devkitPro/libogc/lib/wii\libogc.a(lwp_heap.o)
                0x00000000800180dc                __lwp_heap_allocate
 .text.__lwp_heap_free
                0x0000000080018248      0x1c0 C:/devkitPro/libogc/lib/wii\libogc.a(lwp_heap.o)
                0x0000000080018248                __lwp_heap_free
 .text.__SetInterrupts
                0x0000000080018408      0x298 C:/devkitPro/libogc/lib/wii\libogc.a(irq.o)
 .text.c_irqdispatcher
                0x00000000800186a0      0x27c C:/devkitPro/libogc/lib/wii\libogc.a(irq.o)
                0x00000000800186a0                c_irqdispatcher
 .text.__UnmaskIrq
                0x000000008001891c       0x84 C:/devkitPro/libogc/lib/wii\libogc.a(irq.o)
                0x000000008001891c                __UnmaskIrq
 .text.__MaskIrq
                0x00000000800189a0       0x84 C:/devkitPro/libogc/lib/wii\libogc.a(irq.o)
                0x00000000800189a0                __MaskIrq
 .text.__irq_init
                0x0000000080018a24       0x9c C:/devkitPro/libogc/lib/wii\libogc.a(irq.o)
                0x0000000080018a24                __irq_init
 .text.IRQ_Request
                0x0000000080018ac0       0x50 C:/devkitPro/libogc/lib/wii\libogc.a(irq.o)
                0x0000000080018ac0                IRQ_Request
 .text.IRQ_GetHandler
                0x0000000080018b10       0x44 C:/devkitPro/libogc/lib/wii\libogc.a(irq.o)
                0x0000000080018b10                IRQ_GetHandler
 .text.IRQ_Disable
                0x0000000080018b54       0x1c C:/devkitPro/libogc/lib/wii\libogc.a(irq.o)
                0x0000000080018b54                IRQ_Disable
 .text.IRQ_Restore
                0x0000000080018b70       0x1c C:/devkitPro/libogc/lib/wii\libogc.a(irq.o)
                0x0000000080018b70                IRQ_Restore
 .text.__VISendI2CData.constprop.2
                0x0000000080018b8c      0x42c C:/devkitPro/libogc/lib/wii\libogc.a(video.o)
 .text.__VIWriteI2CRegister16
                0x0000000080018fb8       0x38 C:/devkitPro/libogc/lib/wii\libogc.a(video.o)
 .text.__VIWriteI2CRegister8
                0x0000000080018ff0       0x38 C:/devkitPro/libogc/lib/wii\libogc.a(video.o)
 .text.__VISetYUVSEL
                0x0000000080019028       0x68 C:/devkitPro/libogc/lib/wii\libogc.a(video.o)
 .text.VIDEO_Configure
                0x0000000080019090      0x7c8 C:/devkitPro/libogc/lib/wii\libogc.a(video.o)
                0x0000000080019090                VIDEO_Configure
 .text.VIDEO_WaitVSync
                0x0000000080019858       0x74 C:/devkitPro/libogc/lib/wii\libogc.a(video.o)
                0x0000000080019858                VIDEO_WaitVSync
 .text.VIDEO_SetFramebuffer
                0x00000000800198cc      0x23c C:/devkitPro/libogc/lib/wii\libogc.a(video.o)
                0x00000000800198cc                VIDEO_SetFramebuffer
 .text.VIDEO_SetNextFramebuffer
                0x0000000080019b08      0x1b4 C:/devkitPro/libogc/lib/wii\libogc.a(video.o)
                0x0000000080019b08                VIDEO_SetNextFramebuffer
 .text.VIDEO_Flush
                0x0000000080019cbc      0x134 C:/devkitPro/libogc/lib/wii\libogc.a(video.o)
                0x0000000080019cbc                VIDEO_Flush
 .text.VIDEO_SetBlack
                0x0000000080019df0      0x144 C:/devkitPro/libogc/lib/wii\libogc.a(video.o)
                0x0000000080019df0                VIDEO_SetBlack
 .text.VIDEO_GetCurrentTvMode
                0x0000000080019f34       0x78 C:/devkitPro/libogc/lib/wii\libogc.a(video.o)
                0x0000000080019f34                VIDEO_GetCurrentTvMode
 .text.__VIRetraceHandler
                0x0000000080019fac      0x294 C:/devkitPro/libogc/lib/wii\libogc.a(video.o)
 .text.__VISetupEncoder
                0x000000008001a240      0x1fc C:/devkitPro/libogc/lib/wii\libogc.a(video.o)
 .text.VIDEO_Init
                0x000000008001a43c      0x4e0 C:/devkitPro/libogc/lib/wii\libogc.a(video.o)
                0x000000008001a43c                VIDEO_Init
 .text.VIDEO_GetPreferredMode
                0x000000008001a91c      0x100 C:/devkitPro/libogc/lib/wii\libogc.a(video.o)
                0x000000008001a91c                VIDEO_GetPreferredMode
 .text.VIDEO_GetCurrentLine
                0x000000008001aa1c       0x9c C:/devkitPro/libogc/lib/wii\libogc.a(video.o)
                0x000000008001aa1c                VIDEO_GetCurrentLine
 .text.VIDEO_GetFrameBufferSize
                0x000000008001aab8       0x30 C:/devkitPro/libogc/lib/wii\libogc.a(video.o)
                0x000000008001aab8                VIDEO_GetFrameBufferSize
 .text.__call_resetfuncs
                0x000000008001aae8       0xbc C:/devkitPro/libogc/lib/wii\libogc.a(system.o)
 .text.__MEMInterruptHandler
                0x000000008001aba4       0x14 C:/devkitPro/libogc/lib/wii\libogc.a(system.o)
 .text.__RSWDefaultHandler
                0x000000008001abb8        0x4 C:/devkitPro/libogc/lib/wii\libogc.a(system.o)
 .text.__POWDefaultHandler
                0x000000008001abbc        0x4 C:/devkitPro/libogc/lib/wii\libogc.a(system.o)
 .text.__getrtc
                0x000000008001abc0      0x164 C:/devkitPro/libogc/lib/wii\libogc.a(system.o)
 .text.__sram_write
                0x000000008001ad24      0x128 C:/devkitPro/libogc/lib/wii\libogc.a(system.o)
 .text.__unlocksram
                0x000000008001ae4c      0x17c C:/devkitPro/libogc/lib/wii\libogc.a(system.o)
 .text.__sram_writecallback
                0x000000008001afc8       0x54 C:/devkitPro/libogc/lib/wii\libogc.a(system.o)
 .text.__mem_onreset
                0x000000008001b01c       0x48 C:/devkitPro/libogc/lib/wii\libogc.a(system.o)
 .text.__sys_alarmhandler
                0x000000008001b064       0xf0 C:/devkitPro/libogc/lib/wii\libogc.a(system.o)
 .text.__STMEventHandler
                0x000000008001b154      0x104 C:/devkitPro/libogc/lib/wii\libogc.a(system.o)
 .text.__sram_read.constprop.11
                0x000000008001b258      0x140 C:/devkitPro/libogc/lib/wii\libogc.a(system.o)
 .text.__SYS_GetRTC
                0x000000008001b398       0xd0 C:/devkitPro/libogc/lib/wii\libogc.a(system.o)
                0x000000008001b398                __SYS_GetRTC
 .text.__SYS_GetIPCBufferLo
                0x000000008001b468        0x8 C:/devkitPro/libogc/lib/wii\libogc.a(system.o)
                0x000000008001b468                __SYS_GetIPCBufferLo
 .text.__SYS_GetIPCBufferHi
                0x000000008001b470        0x8 C:/devkitPro/libogc/lib/wii\libogc.a(system.o)
                0x000000008001b470                __SYS_GetIPCBufferHi
 .text.__SYS_DoPowerCB
                0x000000008001b478       0x74 C:/devkitPro/libogc/lib/wii\libogc.a(system.o)
                0x000000008001b478                __SYS_DoPowerCB
 .text.__SYS_PreInit
                0x000000008001b4ec        0x4 C:/devkitPro/libogc/lib/wii\libogc.a(system.o)
                0x000000008001b4ec                __SYS_PreInit
 .text.SYS_ResetButtonDown
                0x000000008001b4f0       0x18 C:/devkitPro/libogc/lib/wii\libogc.a(system.o)
                0x000000008001b4f0                SYS_ResetButtonDown
 .text.SYS_ResetSystem
                0x000000008001b508      0x214 C:/devkitPro/libogc/lib/wii\libogc.a(system.o)
                0x000000008001b508                SYS_ResetSystem
 .text.__reload
                0x000000008001b71c       0x80 C:/devkitPro/libogc/lib/wii\libogc.a(system.o)
                0x000000008001b71c                __reload
 .text.__libogc_exit
                0x000000008001b79c       0x88 C:/devkitPro/libogc/lib/wii\libogc.a(system.o)
                0x000000008001b79c                __libogc_exit
 .text.SYS_RegisterResetFunc
                0x000000008001b824       0x78 C:/devkitPro/libogc/lib/wii\libogc.a(system.o)
                0x000000008001b824                SYS_RegisterResetFunc
 .text.SYS_Init
                0x000000008001b89c      0x69c C:/devkitPro/libogc/lib/wii\libogc.a(system.o)
                0x000000008001b89c                SYS_Init
 .text.SYS_SetArena1Lo
                0x000000008001bf38       0x38 C:/devkitPro/libogc/lib/wii\libogc.a(system.o)
                0x000000008001bf38                SYS_SetArena1Lo
 .text.SYS_GetArena1Lo
                0x000000008001bf70       0x38 C:/devkitPro/libogc/lib/wii\libogc.a(system.o)
                0x000000008001bf70                SYS_GetArena1Lo
 .text.SYS_GetArena1Hi
                0x000000008001bfa8       0x38 C:/devkitPro/libogc/lib/wii\libogc.a(system.o)
                0x000000008001bfa8                SYS_GetArena1Hi
 .text.SYS_SetArena2Lo
                0x000000008001bfe0       0x38 C:/devkitPro/libogc/lib/wii\libogc.a(system.o)
                0x000000008001bfe0                SYS_SetArena2Lo
 .text.SYS_GetArena2Lo
                0x000000008001c018       0x38 C:/devkitPro/libogc/lib/wii\libogc.a(system.o)
                0x000000008001c018                SYS_GetArena2Lo
 .text.SYS_SetArena2Hi
                0x000000008001c050       0x38 C:/devkitPro/libogc/lib/wii\libogc.a(system.o)
                0x000000008001c050                SYS_SetArena2Hi
 .text.SYS_GetArena2Hi
                0x000000008001c088       0x38 C:/devkitPro/libogc/lib/wii\libogc.a(system.o)
                0x000000008001c088                SYS_GetArena2Hi
 .text.SYS_AllocateFramebuffer
                0x000000008001c0c0       0x28 C:/devkitPro/libogc/lib/wii\libogc.a(system.o)
                0x000000008001c0c0                SYS_AllocateFramebuffer
 .text.SYS_CreateAlarm
                0x000000008001c0e8      0x120 C:/devkitPro/libogc/lib/wii\libogc.a(system.o)
                0x000000008001c0e8                SYS_CreateAlarm
 .text.SYS_SetAlarm
                0x000000008001c208      0x1d0 C:/devkitPro/libogc/lib/wii\libogc.a(system.o)
                0x000000008001c208                SYS_SetAlarm
 .text.SYS_SetPeriodicAlarm
                0x000000008001c3d8      0x214 C:/devkitPro/libogc/lib/wii\libogc.a(system.o)
                0x000000008001c3d8                SYS_SetPeriodicAlarm
 .text.SYS_RemoveAlarm
                0x000000008001c5ec      0x128 C:/devkitPro/libogc/lib/wii\libogc.a(system.o)
                0x000000008001c5ec                SYS_RemoveAlarm
 .text.SYS_CancelAlarm
                0x000000008001c714       0xd0 C:/devkitPro/libogc/lib/wii\libogc.a(system.o)
                0x000000008001c714                SYS_CancelAlarm
 .text.SYS_SetWirelessID
                0x000000008001c7e4       0x94 C:/devkitPro/libogc/lib/wii\libogc.a(system.o)
                0x000000008001c7e4                SYS_SetWirelessID
 .text.SYS_GetWirelessID
                0x000000008001c878       0xa0 C:/devkitPro/libogc/lib/wii\libogc.a(system.o)
                0x000000008001c878                SYS_GetWirelessID
 .text.SYS_GetHollywoodRevision
                0x000000008001c918       0x3c C:/devkitPro/libogc/lib/wii\libogc.a(system.o)
                0x000000008001c918                SYS_GetHollywoodRevision
 .text.SYS_Time
                0x000000008001c954       0x78 C:/devkitPro/libogc/lib/wii\libogc.a(system.o)
                0x000000008001c954                SYS_Time
 .text.__SYS_SetBootTime
                0x000000008001c9cc       0x20 C:/devkitPro/libogc/lib/wii\libogc.a(system.o)
                0x000000008001c9cc                __SYS_SetBootTime
 .text.SYS_PreMain
                0x000000008001c9ec       0x58 C:/devkitPro/libogc/lib/wii\libogc.a(system.o)
                0x000000008001c9ec                SYS_PreMain
 .text.__lwp_cond_init
                0x000000008001ca44       0x14 C:/devkitPro/libogc/lib/wii\libogc.a(cond.o)
                0x000000008001ca44                __lwp_cond_init
 .text.__GX_InitRevBits
                0x000000008001ca58       0x9c C:/devkitPro/libogc/lib/wii\libogc.a(gx.o)
 .text.__GX_CleanGPFifo
                0x000000008001caf4      0x19c C:/devkitPro/libogc/lib/wii\libogc.a(gx.o)
 .text.__GXTokenInterruptHandler
                0x000000008001cc90       0x68 C:/devkitPro/libogc/lib/wii\libogc.a(gx.o)
 .text.__GXDefTexRegionCallback
                0x000000008001ccf8       0x78 C:/devkitPro/libogc/lib/wii\libogc.a(gx.o)
 .text.__GXDefTlutRegionCallback
                0x000000008001cd70       0x18 C:/devkitPro/libogc/lib/wii\libogc.a(gx.o)
 .text.__SetSURegs
                0x000000008001cd88       0x90 C:/devkitPro/libogc/lib/wii\libogc.a(gx.o)
 .text.__GXCPInterruptHandler
                0x000000008001ce18      0x17c C:/devkitPro/libogc/lib/wii\libogc.a(gx.o)
 .text.__GXFinishInterruptHandler
                0x000000008001cf94       0x58 C:/devkitPro/libogc/lib/wii\libogc.a(gx.o)
 .text.__GX_WaitAbort
                0x000000008001cfec       0xa0 C:/devkitPro/libogc/lib/wii\libogc.a(gx.o)
 .text.__GX_Abort
                0x000000008001d08c      0x12c C:/devkitPro/libogc/lib/wii\libogc.a(gx.o)
 .text.__GX_CPGPLinkCheck
                0x000000008001d1b8       0x54 C:/devkitPro/libogc/lib/wii\libogc.a(gx.o)
 .text.GX_InitFifoBase.part.3
                0x000000008001d20c       0x6c C:/devkitPro/libogc/lib/wii\libogc.a(gx.o)
 .text.GX_SetTexCoordGen2.part.7
                0x000000008001d278      0x2b8 C:/devkitPro/libogc/lib/wii\libogc.a(gx.o)
 .text.GX_SetTexCoordGen.part.8
                0x000000008001d530        0xc C:/devkitPro/libogc/lib/wii\libogc.a(gx.o)
 .text.GX_LoadTexMtxImm.part.9
                0x000000008001d53c       0x3c C:/devkitPro/libogc/lib/wii\libogc.a(gx.o)
 .text.__GX_SetDirtyState
                0x000000008001d578      0x608 C:/devkitPro/libogc/lib/wii\libogc.a(gx.o)
 .text.GX_SetCPUFifo
                0x000000008001db80      0x258 C:/devkitPro/libogc/lib/wii\libogc.a(gx.o)
                0x000000008001db80                GX_SetCPUFifo
 .text.GX_SetGPFifo
                0x000000008001ddd8      0x2fc C:/devkitPro/libogc/lib/wii\libogc.a(gx.o)
                0x000000008001ddd8                GX_SetGPFifo
 .text.GX_Flush
                0x000000008001e0d4       0x94 C:/devkitPro/libogc/lib/wii\libogc.a(gx.o)
                0x000000008001e0d4                GX_Flush
 .text.__gx_onreset
                0x000000008001e168       0x80 C:/devkitPro/libogc/lib/wii\libogc.a(gx.o)
 .text.GX_AbortFrame
                0x000000008001e1e8       0x54 C:/devkitPro/libogc/lib/wii\libogc.a(gx.o)
                0x000000008001e1e8                GX_AbortFrame
 .text.GX_DrawDone
                0x000000008001e23c       0xc0 C:/devkitPro/libogc/lib/wii\libogc.a(gx.o)
                0x000000008001e23c                GX_DrawDone
 .text.GX_SetViewport
                0x000000008001e2fc       0x78 C:/devkitPro/libogc/lib/wii\libogc.a(gx.o)
                0x000000008001e2fc                GX_SetViewport
 .text.GX_LoadProjectionMtx
                0x000000008001e374       0xf0 C:/devkitPro/libogc/lib/wii\libogc.a(gx.o)
                0x000000008001e374                GX_LoadProjectionMtx
 .text.GX_SetCopyClear
                0x000000008001e464       0x4c C:/devkitPro/libogc/lib/wii\libogc.a(gx.o)
                0x000000008001e464                GX_SetCopyClear
 .text.GX_SetDispCopyGamma
                0x000000008001e4b0       0x18 C:/devkitPro/libogc/lib/wii\libogc.a(gx.o)
                0x000000008001e4b0                GX_SetDispCopyGamma
 .text.GX_SetCopyFilter
                0x000000008001e4c8      0x240 C:/devkitPro/libogc/lib/wii\libogc.a(gx.o)
                0x000000008001e4c8                GX_SetCopyFilter
 .text.GX_SetDispCopyYScale
                0x000000008001e708      0x104 C:/devkitPro/libogc/lib/wii\libogc.a(gx.o)
                0x000000008001e708                GX_SetDispCopyYScale
 .text.GX_SetDispCopyDst
                0x000000008001e80c       0x20 C:/devkitPro/libogc/lib/wii\libogc.a(gx.o)
                0x000000008001e80c                GX_SetDispCopyDst
 .text.GX_SetDispCopySrc
                0x000000008001e82c       0x38 C:/devkitPro/libogc/lib/wii\libogc.a(gx.o)
                0x000000008001e82c                GX_SetDispCopySrc
 .text.GX_CopyDisp
                0x000000008001e864      0x12c C:/devkitPro/libogc/lib/wii\libogc.a(gx.o)
                0x000000008001e864                GX_CopyDisp
 .text.GX_SetVtxDesc
                0x000000008001e990      0x1f8 C:/devkitPro/libogc/lib/wii\libogc.a(gx.o)
                0x000000008001e990                GX_SetVtxDesc
 .text.GX_SetVtxAttrFmt
                0x000000008001eb88      0x54c C:/devkitPro/libogc/lib/wii\libogc.a(gx.o)
                0x000000008001eb88                GX_SetVtxAttrFmt
 .text.GX_Begin
                0x000000008001f0d4       0x74 C:/devkitPro/libogc/lib/wii\libogc.a(gx.o)
                0x000000008001f0d4                GX_Begin
 .text.GX_LoadPosMtxImm
                0x000000008001f148       0x50 C:/devkitPro/libogc/lib/wii\libogc.a(gx.o)
                0x000000008001f148                GX_LoadPosMtxImm
 .text.GX_SetNumTexGens
                0x000000008001f198       0x28 C:/devkitPro/libogc/lib/wii\libogc.a(gx.o)
                0x000000008001f198                GX_SetNumTexGens
 .text.GX_SetZMode
                0x000000008001f1c0       0x38 C:/devkitPro/libogc/lib/wii\libogc.a(gx.o)
                0x000000008001f1c0                GX_SetZMode
 .text.GX_InvalidateTexAll
                0x000000008001f1f8       0x50 C:/devkitPro/libogc/lib/wii\libogc.a(gx.o)
                0x000000008001f1f8                GX_InvalidateTexAll
 .text.GX_SetBlendMode
                0x000000008001f248       0xa8 C:/devkitPro/libogc/lib/wii\libogc.a(gx.o)
                0x000000008001f248                GX_SetBlendMode
 .text.GX_ClearVtxDesc
                0x000000008001f2f0       0x38 C:/devkitPro/libogc/lib/wii\libogc.a(gx.o)
                0x000000008001f2f0                GX_ClearVtxDesc
 .text.GX_SetTevColorOp
                0x000000008001f328       0x98 C:/devkitPro/libogc/lib/wii\libogc.a(gx.o)
                0x000000008001f328                GX_SetTevColorOp
 .text.GX_SetTevAlphaOp
                0x000000008001f3c0       0x98 C:/devkitPro/libogc/lib/wii\libogc.a(gx.o)
                0x000000008001f3c0                GX_SetTevAlphaOp
 .text.GX_SetTevOp
                0x000000008001f458      0x248 C:/devkitPro/libogc/lib/wii\libogc.a(gx.o)
                0x000000008001f458                GX_SetTevOp
 .text.GX_SetCullMode
                0x000000008001f6a0       0x2c C:/devkitPro/libogc/lib/wii\libogc.a(gx.o)
                0x000000008001f6a0                GX_SetCullMode
 .text.GX_SetScissor
                0x000000008001f6cc       0x78 C:/devkitPro/libogc/lib/wii\libogc.a(gx.o)
                0x000000008001f6cc                GX_SetScissor
 .text.GX_SetNumChans
                0x000000008001f744       0x28 C:/devkitPro/libogc/lib/wii\libogc.a(gx.o)
                0x000000008001f744                GX_SetNumChans
 .text.GX_SetTevOrder
                0x000000008001f76c      0x190 C:/devkitPro/libogc/lib/wii\libogc.a(gx.o)
                0x000000008001f76c                GX_SetTevOrder
 .text.GX_SetTevKColorSel
                0x000000008001f8fc       0x54 C:/devkitPro/libogc/lib/wii\libogc.a(gx.o)
                0x000000008001f8fc                GX_SetTevKColorSel
 .text.GX_SetTevKAlphaSel
                0x000000008001f950       0x54 C:/devkitPro/libogc/lib/wii\libogc.a(gx.o)
                0x000000008001f950                GX_SetTevKAlphaSel
 .text.GX_SetTevSwapModeTable
                0x000000008001f9a4       0x64 C:/devkitPro/libogc/lib/wii\libogc.a(gx.o)
                0x000000008001f9a4                GX_SetTevSwapModeTable
 .text.GX_SetFog
                0x000000008001fa08      0x3f4 C:/devkitPro/libogc/lib/wii\libogc.a(gx.o)
                0x000000008001fa08                GX_SetFog
 .text.GX_SetColorUpdate
                0x000000008001fdfc       0x30 C:/devkitPro/libogc/lib/wii\libogc.a(gx.o)
                0x000000008001fdfc                GX_SetColorUpdate
 .text.GX_SetPixelFmt
                0x000000008001fe2c       0xe0 C:/devkitPro/libogc/lib/wii\libogc.a(gx.o)
                0x000000008001fe2c                GX_SetPixelFmt
 .text.GX_SetFieldMode
                0x000000008001ff0c       0x58 C:/devkitPro/libogc/lib/wii\libogc.a(gx.o)
                0x000000008001ff0c                GX_SetFieldMode
 .text.GX_SetGPMetric
                0x000000008001ff64      0x808 C:/devkitPro/libogc/lib/wii\libogc.a(gx.o)
                0x000000008001ff64                GX_SetGPMetric
 .text.GX_Init  0x000000008002076c     0x1048 C:/devkitPro/libogc/lib/wii\libogc.a(gx.o)
                0x000000008002076c                GX_Init
 .text.GX_GetYScaleFactor
                0x00000000800217b4      0x2cc C:/devkitPro/libogc/lib/wii\libogc.a(gx.o)
                0x00000000800217b4                GX_GetYScaleFactor
 .text.guOrtho  0x0000000080021a80       0x98 C:/devkitPro/libogc/lib/wii\libogc.a(gu.o)
                0x0000000080021a80                guOrtho
 .text.guLookAt
                0x0000000080021b18      0x13c C:/devkitPro/libogc/lib/wii\libogc.a(gu.o)
                0x0000000080021b18                guLookAt
 .text.__decrementer_init
                0x0000000080021c54        0x4 C:/devkitPro/libogc/lib/wii\libogc.a(decrementer.o)
                0x0000000080021c54                __decrementer_init
 .text.c_decrementer_handler
                0x0000000080021c58        0xc C:/devkitPro/libogc/lib/wii\libogc.a(decrementer.o)
                0x0000000080021c58                c_decrementer_handler
 .text.__lwp_mqbox_init
                0x0000000080021c64       0x14 C:/devkitPro/libogc/lib/wii\libogc.a(message.o)
                0x0000000080021c64                __lwp_mqbox_init
 .text.__si_transfer
                0x0000000080021c78      0x160 C:/devkitPro/libogc/lib/wii\libogc.a(si.o)
 .text.__si_alarmhandler
                0x0000000080021dd8       0xe0 C:/devkitPro/libogc/lib/wii\libogc.a(si.o)
 .text.__si_completetransfer
                0x0000000080021eb8      0x1d4 C:/devkitPro/libogc/lib/wii\libogc.a(si.o)
 .text.__si_transfernext
                0x000000008002208c       0xe8 C:/devkitPro/libogc/lib/wii\libogc.a(si.o)
 .text.SI_Busy  0x0000000080022174       0x18 C:/devkitPro/libogc/lib/wii\libogc.a(si.o)
                0x0000000080022174                SI_Busy
 .text.SI_IsChanBusy
                0x000000008002218c       0x38 C:/devkitPro/libogc/lib/wii\libogc.a(si.o)
                0x000000008002218c                SI_IsChanBusy
 .text.SI_SetXY
                0x00000000800221c4       0x64 C:/devkitPro/libogc/lib/wii\libogc.a(si.o)
                0x00000000800221c4                SI_SetXY
 .text.SI_EnablePolling
                0x0000000080022228       0x84 C:/devkitPro/libogc/lib/wii\libogc.a(si.o)
                0x0000000080022228                SI_EnablePolling
 .text.SI_DisablePolling
                0x00000000800222ac       0x58 C:/devkitPro/libogc/lib/wii\libogc.a(si.o)
                0x00000000800222ac                SI_DisablePolling
 .text.SI_SetSamplingRate
                0x0000000080022304       0xe4 C:/devkitPro/libogc/lib/wii\libogc.a(si.o)
                0x0000000080022304                SI_SetSamplingRate
 .text.SI_RefreshSamplingRate
                0x00000000800223e8        0x8 C:/devkitPro/libogc/lib/wii\libogc.a(si.o)
                0x00000000800223e8                SI_RefreshSamplingRate
 .text.SI_GetStatus
                0x00000000800223f0       0x78 C:/devkitPro/libogc/lib/wii\libogc.a(si.o)
                0x00000000800223f0                SI_GetStatus
 .text.SI_GetResponseRaw
                0x0000000080022468       0x80 C:/devkitPro/libogc/lib/wii\libogc.a(si.o)
                0x0000000080022468                SI_GetResponseRaw
 .text.SI_GetResponse
                0x00000000800224e8       0xb8 C:/devkitPro/libogc/lib/wii\libogc.a(si.o)
                0x00000000800224e8                SI_GetResponse
 .text.SI_SetCommand
                0x00000000800225a0       0x10 C:/devkitPro/libogc/lib/wii\libogc.a(si.o)
                0x00000000800225a0                SI_SetCommand
 .text.SI_Transfer
                0x00000000800225b0      0x270 C:/devkitPro/libogc/lib/wii\libogc.a(si.o)
                0x00000000800225b0                SI_Transfer
 .text.__si_gettypecallback
                0x0000000080022820      0x2d4 C:/devkitPro/libogc/lib/wii\libogc.a(si.o)
 .text.__si_interrupthandler
                0x0000000080022af4      0x270 C:/devkitPro/libogc/lib/wii\libogc.a(si.o)
 .text.SI_GetType
                0x0000000080022d64      0x1d8 C:/devkitPro/libogc/lib/wii\libogc.a(si.o)
                0x0000000080022d64                SI_GetType
 .text.SI_GetTypeAsync
                0x0000000080022f3c      0x138 C:/devkitPro/libogc/lib/wii\libogc.a(si.o)
                0x0000000080022f3c                SI_GetTypeAsync
 .text.SI_EnablePollingInterrupt
                0x0000000080023074       0xac C:/devkitPro/libogc/lib/wii\libogc.a(si.o)
                0x0000000080023074                SI_EnablePollingInterrupt
 .text.SI_UnregisterPollingHandler
                0x0000000080023120       0xdc C:/devkitPro/libogc/lib/wii\libogc.a(si.o)
                0x0000000080023120                SI_UnregisterPollingHandler
 .text.__si_init
                0x00000000800231fc       0xf8 C:/devkitPro/libogc/lib/wii\libogc.a(si.o)
                0x00000000800231fc                __si_init
 .text.__ios_ioctlvformat_parse
                0x00000000800232f4      0x820 C:/devkitPro/libogc/lib/wii\libogc.a(ipc.o)
 .text.__ioctlvfmtCB
                0x0000000080023b14      0x15c C:/devkitPro/libogc/lib/wii\libogc.a(ipc.o)
 .text.__ipc_sendrequest.part.0
                0x0000000080023c70       0xe4 C:/devkitPro/libogc/lib/wii\libogc.a(ipc.o)
 .text.__ipc_interrupthandler
                0x0000000080023d54      0x354 C:/devkitPro/libogc/lib/wii\libogc.a(ipc.o)
 .text.__ipc_syncrequest
                0x00000000800240a8       0xe8 C:/devkitPro/libogc/lib/wii\libogc.a(ipc.o)
 .text.__ipc_asyncrequest
                0x0000000080024190      0x14c C:/devkitPro/libogc/lib/wii\libogc.a(ipc.o)
 .text.__IPC_Init.part.2
                0x00000000800242dc       0x3c C:/devkitPro/libogc/lib/wii\libogc.a(ipc.o)
 .text.iosCreateHeap
                0x0000000080024318      0x130 C:/devkitPro/libogc/lib/wii\libogc.a(ipc.o)
                0x0000000080024318                iosCreateHeap
 .text.iosAlloc
                0x0000000080024448       0x30 C:/devkitPro/libogc/lib/wii\libogc.a(ipc.o)
                0x0000000080024448                iosAlloc
 .text.iosFree  0x0000000080024478       0x28 C:/devkitPro/libogc/lib/wii\libogc.a(ipc.o)
                0x0000000080024478                iosFree
 .text.__IPC_ClntInit
                0x00000000800244a0       0xa4 C:/devkitPro/libogc/lib/wii\libogc.a(ipc.o)
                0x00000000800244a0                __IPC_ClntInit
 .text.IOS_Open
                0x0000000080024544      0x110 C:/devkitPro/libogc/lib/wii\libogc.a(ipc.o)
                0x0000000080024544                IOS_Open
 .text.IOS_Close
                0x0000000080024654       0xf0 C:/devkitPro/libogc/lib/wii\libogc.a(ipc.o)
                0x0000000080024654                IOS_Close
 .text.IOS_CloseAsync
                0x0000000080024744       0xb4 C:/devkitPro/libogc/lib/wii\libogc.a(ipc.o)
                0x0000000080024744                IOS_CloseAsync
 .text.IOS_Read
                0x00000000800247f8      0x10c C:/devkitPro/libogc/lib/wii\libogc.a(ipc.o)
                0x00000000800247f8                IOS_Read
 .text.IOS_Write
                0x0000000080024904      0x10c C:/devkitPro/libogc/lib/wii\libogc.a(ipc.o)
                0x0000000080024904                IOS_Write
 .text.IOS_Ioctl
                0x0000000080024a10      0x158 C:/devkitPro/libogc/lib/wii\libogc.a(ipc.o)
                0x0000000080024a10                IOS_Ioctl
 .text.IOS_IoctlAsync
                0x0000000080024b68      0x148 C:/devkitPro/libogc/lib/wii\libogc.a(ipc.o)
                0x0000000080024b68                IOS_IoctlAsync
 .text.IOS_Ioctlv
                0x0000000080024cb0      0x1ec C:/devkitPro/libogc/lib/wii\libogc.a(ipc.o)
                0x0000000080024cb0                IOS_Ioctlv
 .text.IOS_IoctlvAsync
                0x0000000080024e9c      0x1dc C:/devkitPro/libogc/lib/wii\libogc.a(ipc.o)
                0x0000000080024e9c                IOS_IoctlvAsync
 .text.IOS_IoctlvFormat
                0x0000000080025078      0x170 C:/devkitPro/libogc/lib/wii\libogc.a(ipc.o)
                0x0000000080025078                IOS_IoctlvFormat
 .text.IOS_IoctlvReboot
                0x00000000800251e8      0x1f0 C:/devkitPro/libogc/lib/wii\libogc.a(ipc.o)
                0x00000000800251e8                IOS_IoctlvReboot
 .text.gettick  0x00000000800253d8        0x8 C:/devkitPro/libogc/lib/wii\libogc.a(timesupp.o)
                0x00000000800253d8                gettick
 .text.gettime  0x00000000800253e0       0x18 C:/devkitPro/libogc/lib/wii\libogc.a(timesupp.o)
                0x00000000800253e0                gettime
 .text.settime  0x00000000800253f8       0x14 C:/devkitPro/libogc/lib/wii\libogc.a(timesupp.o)
                0x00000000800253f8                settime
 .text.diff_usec
                0x000000008002540c       0x88 C:/devkitPro/libogc/lib/wii\libogc.a(timesupp.o)
                0x000000008002540c                diff_usec
 .text.__timesystem_init
                0x0000000080025494       0x1c C:/devkitPro/libogc/lib/wii\libogc.a(timesupp.o)
                0x0000000080025494                __timesystem_init
 .text.udelay   0x00000000800254b0       0xac C:/devkitPro/libogc/lib/wii\libogc.a(timesupp.o)
                0x00000000800254b0                udelay
 .text.__libogc_nanosleep
                0x000000008002555c      0x144 C:/devkitPro/libogc/lib/wii\libogc.a(timesupp.o)
                0x000000008002555c                __libogc_nanosleep
 .text.__libogc_gettod_r
                0x00000000800256a0       0xd4 C:/devkitPro/libogc/lib/wii\libogc.a(timesupp.o)
                0x00000000800256a0                __libogc_gettod_r
 .text.__libogc_lock_init
                0x0000000080025774       0x78 C:/devkitPro/libogc/lib/wii\libogc.a(lock_supp.o)
                0x0000000080025774                __libogc_lock_init
 .text.__libogc_lock_close
                0x00000000800257ec       0x64 C:/devkitPro/libogc/lib/wii\libogc.a(lock_supp.o)
                0x00000000800257ec                __libogc_lock_close
 .text.__libogc_lock_acquire
                0x0000000080025850       0x20 C:/devkitPro/libogc/lib/wii\libogc.a(lock_supp.o)